Archive member included to satisfy reference by file (symbol)

app/libapp.a(main.c.obj)      (--whole-archive)
zephyr/libzephyr.a(cbprintf.c.obj)
                              (--whole-archive)
zephyr/libzephyr.a(cbprintf_packaged.c.obj)
                              (--whole-archive)
zephyr/libzephyr.a(crc32c_sw.c.obj)
                              (--whole-archive)
zephyr/libzephyr.a(crc32_sw.c.obj)
                              (--whole-archive)
zephyr/libzephyr.a(crc16_sw.c.obj)
                              (--whole-archive)
zephyr/libzephyr.a(crc8_sw.c.obj)
                              (--whole-archive)
zephyr/libzephyr.a(crc7_sw.c.obj)
                              (--whole-archive)
zephyr/libzephyr.a(dec.c.obj)
                              (--whole-archive)
zephyr/libzephyr.a(fdtable.c.obj)
                              (--whole-archive)
zephyr/libzephyr.a(hex.c.obj)
                              (--whole-archive)
zephyr/libzephyr.a(notify.c.obj)
                              (--whole-archive)
zephyr/libzephyr.a(printk.c.obj)
                              (--whole-archive)
zephyr/libzephyr.a(onoff.c.obj)
                              (--whole-archive)
zephyr/libzephyr.a(rb.c.obj)  (--whole-archive)
zephyr/libzephyr.a(sem.c.obj)
                              (--whole-archive)
zephyr/libzephyr.a(thread_entry.c.obj)
                              (--whole-archive)
zephyr/libzephyr.a(timeutil.c.obj)
                              (--whole-archive)
zephyr/libzephyr.a(heap.c.obj)
                              (--whole-archive)
zephyr/libzephyr.a(heap-validate.c.obj)
                              (--whole-archive)
zephyr/libzephyr.a(bitarray.c.obj)
                              (--whole-archive)
zephyr/libzephyr.a(multi_heap.c.obj)
                              (--whole-archive)
zephyr/libzephyr.a(cbprintf_complete.c.obj)
                              (--whole-archive)
zephyr/libzephyr.a(ring_buffer.c.obj)
                              (--whole-archive)
zephyr/libzephyr.a(fnmatch.c.obj)
                              (--whole-archive)
zephyr/libzephyr.a(configs.c.obj)
                              (--whole-archive)
zephyr/libzephyr.a(soc_nrf_common.S.obj)
                              (--whole-archive)
zephyr/libzephyr.a(validate_base_addresses.c.obj)
                              (--whole-archive)
zephyr/libzephyr.a(validate_enabled_instances.c.obj)
                              (--whole-archive)
zephyr/libzephyr.a(kernel_service.c.obj)
                              (--whole-archive)
zephyr/libzephyr.a(device_service.c.obj)
                              (--whole-archive)
zephyr/libzephyr.a(devmem_service.c.obj)
                              (--whole-archive)
zephyr/libzephyr.a(shell_uart.c.obj)
                              (--whole-archive)
zephyr/libzephyr.a(shell.c.obj)
                              (--whole-archive)
zephyr/libzephyr.a(shell_fprintf.c.obj)
                              (--whole-archive)
zephyr/libzephyr.a(shell_utils.c.obj)
                              (--whole-archive)
zephyr/libzephyr.a(shell_ops.c.obj)
                              (--whole-archive)
zephyr/libzephyr.a(shell_help.c.obj)
                              (--whole-archive)
zephyr/libzephyr.a(shell_cmds.c.obj)
                              (--whole-archive)
zephyr/libzephyr.a(shell_history.c.obj)
                              (--whole-archive)
zephyr/libzephyr.a(shell_wildcard.c.obj)
                              (--whole-archive)
zephyr/libzephyr.a(pm.c.obj)  (--whole-archive)
zephyr/libzephyr.a(constraint.c.obj)
                              (--whole-archive)
zephyr/libzephyr.a(residency.c.obj)
                              (--whole-archive)
zephyr/libzephyr.a(tracing_none.c.obj)
                              (--whole-archive)
zephyr/arch/common/libarch__common.a(sw_isr_common.c.obj)
                              (--whole-archive)
zephyr/arch/arch/arm/core/aarch32/libarch__arm__core__aarch32.a(cpu_idle.S.obj)
                              (--whole-archive)
zephyr/arch/arch/arm/core/aarch32/libarch__arm__core__aarch32.a(fatal.c.obj)
                              (--whole-archive)
zephyr/arch/arch/arm/core/aarch32/libarch__arm__core__aarch32.a(irq_manage.c.obj)
                              (--whole-archive)
zephyr/arch/arch/arm/core/aarch32/libarch__arm__core__aarch32.a(nmi.c.obj)
                              (--whole-archive)
zephyr/arch/arch/arm/core/aarch32/libarch__arm__core__aarch32.a(nmi_on_reset.S.obj)
                              (--whole-archive)
zephyr/arch/arch/arm/core/aarch32/libarch__arm__core__aarch32.a(prep_c.c.obj)
                              (--whole-archive)
zephyr/arch/arch/arm/core/aarch32/libarch__arm__core__aarch32.a(swap.c.obj)
                              (--whole-archive)
zephyr/arch/arch/arm/core/aarch32/libarch__arm__core__aarch32.a(swap_helper.S.obj)
                              (--whole-archive)
zephyr/arch/arch/arm/core/aarch32/libarch__arm__core__aarch32.a(thread.c.obj)
[...]
Memory Configuration

Name             Origin             Length             Attributes
FLASH            0x0000000000000000 0x0000000000100000 xr
SRAM             0x0000000020000000 0x0000000000040000 xw
IDT_LIST         0x00000000fffff7ff 0x0000000000000800 xw
*default*        0x0000000000000000 0xffffffffffffffff

Linker script and memory map

LOAD zephyr/CMakeFiles/zephyr_final.dir/misc/empty_file.c.obj
LOAD zephyr/CMakeFiles/zephyr_final.dir/dev_handles.c.obj
LOAD zephyr/CMakeFiles/zephyr_final.dir/isr_tables.c.obj
LOAD zephyr/CMakeFiles/offsets.dir/./arch/arm/core/offsets/offsets.c.obj
                0x0000000000000020                _region_min_align = 0x20

.rel.plt        0x0000000000000000        0x0
 *(SORT_BY_ALIGNMENT(.rel.plt))
                [!provide]                        PROVIDE (__rel_iplt_start = .)
 *(SORT_BY_ALIGNMENT(.rel.iplt))
 .rel.iplt      0x0000000000000000        0x0 zephyr/CMakeFiles/zephyr_final.dir/isr_tables.c.obj
                [!provide]                        PROVIDE (__rel_iplt_end = .)

.rela.plt       0x0000000000000000        0x0
 *(SORT_BY_ALIGNMENT(.rela.plt))
                [!provide]                        PROVIDE (__rela_iplt_start = .)
 *(SORT_BY_ALIGNMENT(.rela.iplt))
                [!provide]                        PROVIDE (__rela_iplt_end = .)

.rel.dyn
 *(SORT_BY_ALIGNMENT(.rel.*))

.rela.dyn
 *(SORT_BY_ALIGNMENT(.rela.*))

/DISCARD/
 *(SORT_BY_ALIGNMENT(.plt))
 *(SORT_BY_ALIGNMENT(.iplt))
 *(SORT_BY_ALIGNMENT(.got.plt))
 *(SORT_BY_ALIGNMENT(.igot.plt))
 *(SORT_BY_ALIGNMENT(.got))
 *(SORT_BY_ALIGNMENT(.igot))
 *(SORT_BY_ALIGNMENT(.irq_info*))
 *(SORT_BY_ALIGNMENT(.intList*))
 *(SORT_BY_ALIGNMENT(.note.GNU-stack))
                0x0000000000000000                __rom_region_start = 0x0

rom_start       0x0000000000000000      0x100
                0x0000000000000000                . = 0x0
                0x0000000000000000                . = ALIGN (0x4)
                0x0000000000000000                . = ALIGN (0x80)
                0x0000000000000000                . = ALIGN (0x100)
                0x0000000000000000                _vector_start = .
 *(SORT_BY_ALIGNMENT(.exc_vector_table))
 *(SORT_BY_ALIGNMENT(.exc_vector_table.*))
 .exc_vector_table._vector_table_section
                0x0000000000000000       0x40 zephyr/arch/arch/arm/core/aarch32/cortex_m/libarch__arm__core__aarch32__cortex_m.a(vector_table.S.obj)
                0x0000000000000000                _vector_table
 *(SORT_BY_ALIGNMENT(.gnu.linkonce.irq_vector_table*))
 .gnu.linkonce.irq_vector_table
                0x0000000000000040       0xc0 zephyr/CMakeFiles/zephyr_final.dir/isr_tables.c.obj
                0x0000000000000040                _irq_vector_table
 *(SORT_BY_ALIGNMENT(.vectors))
                0x0000000000000100                _vector_end = .

text            0x0000000000000100     0xd20c
                0x0000000000000100                __text_region_start = .
 *(SORT_BY_ALIGNMENT(.text))
 .text          0x0000000000000100       0xa0 /home/surya16p/zephyr-sdk-0.13.2/arm-zephyr-eabi/arm-zephyr-eabi/lib/thumb/v7e-m/nofp/libc_nano.a(lib_a-memchr.o)
                0x0000000000000100                memchr
 .text          0x00000000000001a0      0x378 /home/surya16p/zephyr-sdk-0.13.2/arm-zephyr-eabi/bin/../lib/gcc/arm-zephyr-eabi/10.3.0/thumb/v7e-m/nofp/libgcc.a(_arm_addsubdf3.o)
                0x00000000000001a0                __aeabi_drsub
                0x00000000000001a8                __aeabi_dsub
                0x00000000000001a8                __subdf3
                0x00000000000001ac                __adddf3
                0x00000000000001ac                __aeabi_dadd
                0x0000000000000424                __aeabi_ui2d
                0x0000000000000424                __floatunsidf
                0x0000000000000444                __floatsidf
                0x0000000000000444                __aeabi_i2d
                0x0000000000000468                __extendsfdf2
                0x0000000000000468                __aeabi_f2d
                0x00000000000004ac                __aeabi_ul2d
                0x00000000000004ac                __floatundidf
                0x00000000000004bc                __floatdidf
                0x00000000000004bc                __aeabi_l2d
 .text          0x0000000000000518      0x424 /home/surya16p/zephyr-sdk-0.13.2/arm-zephyr-eabi/bin/../lib/gcc/arm-zephyr-eabi/10.3.0/thumb/v7e-m/nofp/libgcc.a(_arm_muldivdf3.o)
                0x0000000000000518                __aeabi_dmul
                0x0000000000000518                __muldf3
                0x000000000000076c                __aeabi_ddiv
                0x000000000000076c                __divdf3
 .text          0x000000000000093c       0x30 /home/surya16p/zephyr-sdk-0.13.2/arm-zephyr-eabi/bin/../lib/gcc/arm-zephyr-eabi/10.3.0/thumb/v7e-m/nofp/libgcc.a(_aeabi_uldivmod.o)
                0x000000000000093c                __aeabi_uldivmod
 .text          0x000000000000096c        0x4 /home/surya16p/zephyr-sdk-0.13.2/arm-zephyr-eabi/bin/../lib/gcc/arm-zephyr-eabi/10.3.0/thumb/v7e-m/nofp/libgcc.a(_dvmd_tls.o)
                0x000000000000096c                __aeabi_ldiv0
                0x000000000000096c                __aeabi_idiv0
 .text          0x0000000000000970      0x110 /home/surya16p/zephyr-sdk-0.13.2/arm-zephyr-eabi/bin/../lib/gcc/arm-zephyr-eabi/10.3.0/thumb/v7e-m/nofp/libgcc.a(_arm_cmpdf2.o)
                0x0000000000000970                __gtdf2
                0x0000000000000970                __gedf2
                0x0000000000000978                __ltdf2
                0x0000000000000978                __ledf2
                0x0000000000000980                __cmpdf2
                0x0000000000000980                __eqdf2
                0x0000000000000980                __nedf2
                0x00000000000009fc                __aeabi_cdrcmple
                0x0000000000000a0c                __aeabi_cdcmple
                0x0000000000000a0c                __aeabi_cdcmpeq
                0x0000000000000a1c                __aeabi_dcmpeq
                0x0000000000000a30                __aeabi_dcmplt
                0x0000000000000a44                __aeabi_dcmple
                0x0000000000000a58                __aeabi_dcmpge
                0x0000000000000a6c                __aeabi_dcmpgt
 .text          0x0000000000000a80       0x2c /home/surya16p/zephyr-sdk-0.13.2/arm-zephyr-eabi/bin/../lib/gcc/arm-zephyr-eabi/10.3.0/thumb/v7e-m/nofp/libgcc.a(_arm_unorddf2.o)
                0x0000000000000a80                __aeabi_dcmpun
                0x0000000000000a80                __unorddf2
 .text          0x0000000000000aac       0x50 /home/surya16p/zephyr-sdk-0.13.2/arm-zephyr-eabi/bin/../lib/gcc/arm-zephyr-eabi/10.3.0/thumb/v7e-m/nofp/libgcc.a(_arm_fixdfsi.o)
                0x0000000000000aac                __fixdfsi
                0x0000000000000aac                __aeabi_d2iz
 .text          0x0000000000000afc      0x2a6 /home/surya16p/zephyr-sdk-0.13.2/arm-zephyr-eabi/bin/../lib/gcc/arm-zephyr-eabi/10.3.0/thumb/v7e-m/nofp/libgcc.a(_udivmoddi4.o)
                0x0000000000000afc                __udivmoddi4
 .text          0x0000000000000da2       0x14 /home/surya16p/zephyr-sdk-0.13.2/arm-zephyr-eabi/arm-zephyr-eabi/lib/thumb/v7e-m/nofp/libc_nano.a(lib_a-strcmp.o)
                0x0000000000000da2                strcmp
 .text          0x0000000000000db6       0x10 /home/surya16p/zephyr-sdk-0.13.2/arm-zephyr-eabi/arm-zephyr-eabi/lib/thumb/v7e-m/nofp/libc_nano.a(lib_a-strlen.o)
                0x0000000000000db6                strlen
 *(SORT_BY_ALIGNMENT(.text.*))
 *fill*         0x0000000000000dc6        0x2 
 .text.main     0x0000000000000dc8      0x1c0 app/libapp.a(main.c.obj)
                0x0000000000000dc8                main
 .text._dtoa_r  0x0000000000000f88      0xbdc /home/surya16p/zephyr-sdk-0.13.2/arm-zephyr-eabi/arm-zephyr-eabi/lib/thumb/v7e-m/nofp/libc_nano.a(lib_a-dtoa.o)
                0x0000000000000f88                _dtoa_r
 .text.i2c_write_read.constprop.0
                0x0000000000001b64       0x30 app/libapp.a(main.c.obj)
 .text.char_out
                0x0000000000001b94       0x10 zephyr/libzephyr.a(printk.c.obj)
 .text.__printk_hook_install
                0x0000000000001ba4        0xc zephyr/libzephyr.a(printk.c.obj)
                0x0000000000001ba4                __printk_hook_install
 .text.vprintk  0x0000000000001bb0       0x1c zephyr/libzephyr.a(printk.c.obj)
                0x0000000000001bb0                vprintk
 .text.vsnprintk
                0x0000000000001bcc       0x28 zephyr/libzephyr.a(printk.c.obj)
                0x0000000000001bcc                vsnprintk
 .text.process_event
                0x0000000000001bf4      0x1c0 zephyr/libzephyr.a(onoff.c.obj)
 .text.extract_decimal
                0x0000000000001db4       0x28 zephyr/libzephyr.a(cbprintf_complete.c.obj)
 .text.encode_uint
                0x0000000000001ddc       0x98 zephyr/libzephyr.a(cbprintf_complete.c.obj)
 .text.cbvprintf
                0x0000000000001e74      0xcbc zephyr/libzephyr.a(cbprintf_complete.c.obj)
                0x0000000000001e74                cbvprintf
 .text.foldcase
                0x0000000000002b30       0x18 zephyr/libzephyr.a(fnmatch.c.obj)
 .text.cmd_kernel_version
                0x0000000000002b48       0x2c zephyr/libzephyr.a(kernel_service.c.obj)
 .text.cmd_kernel_uptime
                0x0000000000002b74       0x2c zephyr/libzephyr.a(kernel_service.c.obj)
 .text.cmd_kernel_threads
                0x0000000000002ba0       0x38 zephyr/libzephyr.a(kernel_service.c.obj)
 .text.cmd_kernel_stacks
                0x0000000000002bd8       0x60 zephyr/libzephyr.a(kernel_service.c.obj)
 .text.shell_tdata_dump
                0x0000000000002c38       0xc4 zephyr/libzephyr.a(kernel_service.c.obj)
 .text.cmd_kernel_cycles
                0x0000000000002cfc       0x1c zephyr/libzephyr.a(kernel_service.c.obj)
 .text.shell_stack_dump
                0x0000000000002d18       0x64 zephyr/libzephyr.a(kernel_service.c.obj)
 .text.get_device_name
                0x0000000000002d7c       0x20 zephyr/libzephyr.a(device_service.c.obj)
 .text.cmd_device_list_visitor
                0x0000000000002d9c       0x20 zephyr/libzephyr.a(device_service.c.obj)
 .text.cmd_device_list
                0x0000000000002dbc       0x98 zephyr/libzephyr.a(device_service.c.obj)
 .text.device_get_config_level
                0x0000000000002e54       0x54 zephyr/libzephyr.a(device_service.c.obj)
 .text.cmd_device_levels
                0x0000000000002ea8       0x94 zephyr/libzephyr.a(device_service.c.obj)
 .text.cmd_devmem
                0x0000000000002f3c       0xc4 zephyr/libzephyr.a(devmem_service.c.obj)
 .text.set_bypass.isra.0
                0x0000000000003000       0x48 zephyr/libzephyr.a(devmem_service.c.obj)
 .text.bypass_cb
                0x0000000000003048      0x118 zephyr/libzephyr.a(devmem_service.c.obj)
 .text.cmd_load
                0x0000000000003160       0xe0 zephyr/libzephyr.a(devmem_service.c.obj)
 .text.init     0x0000000000003240       0x44 zephyr/libzephyr.a(shell_uart.c.obj)
 .text.enable_shell_uart
                0x0000000000003284       0x34 zephyr/libzephyr.a(shell_uart.c.obj)
 .text.shell_internal_help_print
                0x00000000000032b8       0x20 zephyr/libzephyr.a(shell.c.obj)
 .text.z_cursor_next_line_move.isra.0
                0x00000000000032d8        0xc zephyr/libzephyr.a(shell.c.obj)
 .text.history_handle
                0x00000000000032e4       0xa4 zephyr/libzephyr.a(shell.c.obj)
 .text.execute  0x0000000000003388      0x2bc zephyr/libzephyr.a(shell.c.obj)
 .text.state_set.constprop.0
                0x0000000000003644       0x48 zephyr/libzephyr.a(shell.c.obj)
 .text.shell_process
                0x000000000000368c      0x690 zephyr/libzephyr.a(shell.c.obj)
                0x000000000000368c                shell_process
 .text.shell_init
                0x0000000000003d1c       0xf0 zephyr/libzephyr.a(shell.c.obj)
                0x0000000000003d1c                shell_init
 .text.shell_start
                0x0000000000003e0c       0x4c zephyr/libzephyr.a(shell.c.obj)
                0x0000000000003e0c                shell_start
 .text.shell_thread
                0x0000000000003e58       0xa0 zephyr/libzephyr.a(shell.c.obj)
                0x0000000000003e58                shell_thread
 .text.cmd_help
                0x0000000000003ef8       0x4c zephyr/libzephyr.a(shell.c.obj)
 .text.shell_hexdump_line
                0x0000000000003f44       0xd8 zephyr/libzephyr.a(shell.c.obj)
                0x0000000000003f44                shell_hexdump_line
 .text.z_shell_fprintf_fmt
                0x000000000000401c       0x28 zephyr/libzephyr.a(shell_fprintf.c.obj)
                0x000000000000401c                z_shell_fprintf_fmt
 .text.z_shell_make_argv
                0x0000000000004044      0x190 zephyr/libzephyr.a(shell_utils.c.obj)
                0x0000000000004044                z_shell_make_argv
 .text.z_shell_cmd_get
                0x00000000000041d4       0x4c zephyr/libzephyr.a(shell_utils.c.obj)
                0x00000000000041d4                z_shell_cmd_get
 .text.z_shell_spaces_trim
                0x0000000000004220       0x74 zephyr/libzephyr.a(shell_utils.c.obj)
                0x0000000000004220                z_shell_spaces_trim
 .text.z_shell_cmd_trim
                0x0000000000004294       0x6c zephyr/libzephyr.a(shell_utils.c.obj)
                0x0000000000004294                z_shell_cmd_trim
 .text.z_clear_eos
                0x0000000000004300       0x18 zephyr/libzephyr.a(shell_ops.c.obj)
 .text.z_cursor_next_line_move.isra.0
                0x0000000000004318        0xc zephyr/libzephyr.a(shell_ops.c.obj)
 .text.z_shell_op_cursor_vert_move
                0x0000000000004324       0x2c zephyr/libzephyr.a(shell_ops.c.obj)
                0x0000000000004324                z_shell_op_cursor_vert_move
 .text.z_shell_op_cursor_horiz_move
                0x0000000000004350       0x2c zephyr/libzephyr.a(shell_ops.c.obj)
                0x0000000000004350                z_shell_op_cursor_horiz_move
 .text.z_shell_op_cursor_word_move
                0x000000000000437c       0x74 zephyr/libzephyr.a(shell_ops.c.obj)
                0x000000000000437c                z_shell_op_cursor_word_move
 .text.z_shell_print_cmd
                0x00000000000043f0       0x10 zephyr/libzephyr.a(shell_ops.c.obj)
                0x00000000000043f0                z_shell_print_cmd
 .text.z_shell_vt100_color_set
                0x0000000000004400       0x40 zephyr/libzephyr.a(shell_ops.c.obj)
                0x0000000000004400                z_shell_vt100_color_set
 .text.z_shell_vt100_colors_restore
                0x0000000000004440       0x3c zephyr/libzephyr.a(shell_ops.c.obj)
                0x0000000000004440                z_shell_vt100_colors_restore
 .text.z_shell_op_word_remove
                0x000000000000447c       0xb8 zephyr/libzephyr.a(shell_ops.c.obj)
                0x000000000000447c                z_shell_op_word_remove
 .text.reprint_from_cursor
                0x0000000000004534       0x78 zephyr/libzephyr.a(shell_ops.c.obj)
 .text.z_shell_op_char_insert
                0x00000000000045ac       0x68 zephyr/libzephyr.a(shell_ops.c.obj)
                0x00000000000045ac                z_shell_op_char_insert
 .text.z_shell_print_prompt_and_cmd
                0x0000000000004614       0x30 zephyr/libzephyr.a(shell_ops.c.obj)
                0x0000000000004614                z_shell_print_prompt_and_cmd
 .text.z_cursor_next_line_move.isra.0
                0x0000000000004644        0xc zephyr/libzephyr.a(shell_help.c.obj)
 .text.formatted_text_print.constprop.0
                0x0000000000004650       0xe8 zephyr/libzephyr.a(shell_help.c.obj)
 .text.z_shell_help_subcmd_print
                0x0000000000004738       0xf0 zephyr/libzephyr.a(shell_help.c.obj)
                0x0000000000004738                z_shell_help_subcmd_print
 .text.z_shell_help_cmd_print
                0x0000000000004828       0x48 zephyr/libzephyr.a(shell_help.c.obj)
                0x0000000000004828                z_shell_help_cmd_print
 .text.z_shell_help_request
                0x0000000000004870       0x28 zephyr/libzephyr.a(shell_help.c.obj)
                0x0000000000004870                z_shell_help_request
 .text.cmd_resize_default
                0x0000000000004898       0x28 zephyr/libzephyr.a(shell_cmds.c.obj)
 .text.cmd_shell_stats_show
                0x00000000000048c0       0x18 zephyr/libzephyr.a(shell_cmds.c.obj)
 .text.cmd_history
                0x00000000000048d8       0x44 zephyr/libzephyr.a(shell_cmds.c.obj)
 .text.cmd_echo
                0x000000000000491c       0x58 zephyr/libzephyr.a(shell_cmds.c.obj)
 .text.cmd_clear
                0x0000000000004974       0x34 zephyr/libzephyr.a(shell_cmds.c.obj)
 .text.cmd_resize
                0x00000000000049a8      0x190 zephyr/libzephyr.a(shell_cmds.c.obj)
 .text.z_shell_wildcard_process
                0x0000000000004b38       0xe8 zephyr/libzephyr.a(shell_wildcard.c.obj)
                0x0000000000004b38                z_shell_wildcard_process
 .text.pm_state_notify
                0x0000000000004c20       0x5c zephyr/libzephyr.a(pm.c.obj)
 .text.atomic_test_and_set_bit.constprop.0
                0x0000000000004c7c       0x38 zephyr/libzephyr.a(pm.c.obj)
 .text.pm_system_resume
                0x0000000000004cb4       0x88 zephyr/libzephyr.a(pm.c.obj)
                0x0000000000004cb4                pm_system_resume
 .text.pm_system_suspend
                0x0000000000004d3c      0x100 zephyr/libzephyr.a(pm.c.obj)
                0x0000000000004d3c                pm_system_suspend
 .text.z_arm_cpu_idle_init
                0x0000000000004e3c        0xc zephyr/arch/arch/arm/core/aarch32/libarch__arm__core__aarch32.a(cpu_idle.S.obj)
                0x0000000000004e3c                z_arm_cpu_idle_init
 .text.arch_cpu_idle
                0x0000000000004e48       0x1c zephyr/arch/arch/arm/core/aarch32/libarch__arm__core__aarch32.a(cpu_idle.S.obj)
                0x0000000000004e48                arch_cpu_idle
 .text.arch_cpu_atomic_idle
                0x0000000000004e64       0x14 zephyr/arch/arch/arm/core/aarch32/libarch__arm__core__aarch32.a(cpu_idle.S.obj)
                0x0000000000004e64                arch_cpu_atomic_idle
 .text.arch_irq_enable
                0x0000000000004e78       0x20 zephyr/arch/arch/arm/core/aarch32/libarch__arm__core__aarch32.a(irq_manage.c.obj)
                0x0000000000004e78                arch_irq_enable
 .text.arch_irq_is_enabled
                0x0000000000004e98       0x1c zephyr/arch/arch/arm/core/aarch32/libarch__arm__core__aarch32.a(irq_manage.c.obj)
                0x0000000000004e98                arch_irq_is_enabled
 .text.z_arm_irq_priority_set
                0x0000000000004eb4       0x30 zephyr/arch/arch/arm/core/aarch32/libarch__arm__core__aarch32.a(irq_manage.c.obj)
                0x0000000000004eb4                z_arm_irq_priority_set
 .text.z_SysNmiOnReset
                0x0000000000004ee4        0x8 zephyr/arch/arch/arm/core/aarch32/libarch__arm__core__aarch32.a(nmi_on_reset.S.obj)
                0x0000000000004ee4                z_SysNmiOnReset
 .text.z_arm_prep_c
                0x0000000000004eec       0x48 zephyr/arch/arch/arm/core/aarch32/libarch__arm__core__aarch32.a(prep_c.c.obj)
                0x0000000000004eec                z_arm_prep_c
 .text.arch_swap
                0x0000000000004f34       0x38 zephyr/arch/arch/arm/core/aarch32/libarch__arm__core__aarch32.a(swap.c.obj)
                0x0000000000004f34                arch_swap
 .text.z_arm_pendsv
                0x0000000000004f6c       0x58 zephyr/arch/arch/arm/core/aarch32/libarch__arm__core__aarch32.a(swap_helper.S.obj)
                0x0000000000004f6c                z_arm_pendsv
 .text.z_arm_svc
                0x0000000000004fc4       0x20 zephyr/arch/arch/arm/core/aarch32/libarch__arm__core__aarch32.a(swap_helper.S.obj)
                0x0000000000004fc4                z_arm_svc
 .text.arch_new_thread
                0x0000000000004fe4       0x38 zephyr/arch/arch/arm/core/aarch32/libarch__arm__core__aarch32.a(thread.c.obj)
                0x0000000000004fe4                arch_new_thread
 .text.z_check_thread_stack_fail
                0x000000000000501c       0x30 zephyr/arch/arch/arm/core/aarch32/libarch__arm__core__aarch32.a(thread.c.obj)
                0x000000000000501c                z_check_thread_stack_fail
 .text.arch_switch_to_main_thread
                0x000000000000504c       0x2c zephyr/arch/arch/arm/core/aarch32/libarch__arm__core__aarch32.a(thread.c.obj)
                0x000000000000504c                arch_switch_to_main_thread
 .text._isr_wrapper
                0x0000000000005078       0x40 zephyr/arch/arch/arm/core/aarch32/libarch__arm__core__aarch32.a(isr_wrapper.S.obj)
                0x0000000000005078                _isr_wrapper
 .text._HandlerModeExit
                0x00000000000050b8       0x1c zephyr/arch/arch/arm/core/aarch32/cortex_m/libarch__arm__core__aarch32__cortex_m.a(exc_exit.S.obj)
                0x00000000000050b8                z_arm_exc_exit
                0x00000000000050b8                z_arm_int_exit
 .text.mem_manage_fault
                0x00000000000050d4       0x6c zephyr/arch/arch/arm/core/aarch32/cortex_m/libarch__arm__core__aarch32__cortex_m.a(fault.c.obj)
 .text.bus_fault.constprop.0
                0x0000000000005140       0x3c zephyr/arch/arch/arm/core/aarch32/cortex_m/libarch__arm__core__aarch32__cortex_m.a(fault.c.obj)
 .text.z_arm_fault
                0x000000000000517c      0x134 zephyr/arch/arch/arm/core/aarch32/cortex_m/libarch__arm__core__aarch32__cortex_m.a(fault.c.obj)
                0x000000000000517c                z_arm_fault
 .text.z_arm_fault_init
                0x00000000000052b0       0x10 zephyr/arch/arch/arm/core/aarch32/cortex_m/libarch__arm__core__aarch32__cortex_m.a(fault.c.obj)
                0x00000000000052b0                z_arm_fault_init
 .text.__fault  0x00000000000052c0       0x14 zephyr/arch/arch/arm/core/aarch32/cortex_m/libarch__arm__core__aarch32__cortex_m.a(fault_s.S.obj)
                0x00000000000052c0                z_arm_bus_fault
                0x00000000000052c0                z_arm_usage_fault
                0x00000000000052c0                z_arm_mpu_fault
                0x00000000000052c0                z_arm_exc_spurious
                0x00000000000052c0                z_arm_debug_monitor
                0x00000000000052c0                z_arm_hard_fault
 .text.z_arm_interrupt_init
                0x00000000000052d4       0x18 zephyr/arch/arch/arm/core/aarch32/cortex_m/libarch__arm__core__aarch32__cortex_m.a(irq_init.c.obj)
                0x00000000000052d4                z_arm_interrupt_init
 .text._reset_section
                0x00000000000052ec       0x3c zephyr/arch/arch/arm/core/aarch32/cortex_m/libarch__arm__core__aarch32__cortex_m.a(reset.S.obj)
                0x00000000000052ec                z_arm_reset
                0x00000000000052ec                __start
 .text.z_impl_k_thread_abort
                0x0000000000005328       0x24 zephyr/arch/arch/arm/core/aarch32/cortex_m/libarch__arm__core__aarch32__cortex_m.a(thread_abort.c.obj)
                0x0000000000005328                z_impl_k_thread_abort
 .text.z_arm_configure_static_mpu_regions
                0x000000000000534c       0x18 zephyr/arch/arch/arm/core/aarch32/mpu/libarch__arm__core__aarch32__mpu.a(arm_core_mpu.c.obj)
                0x000000000000534c                z_arm_configure_static_mpu_regions
 .text.z_arm_configure_dynamic_mpu_regions
                0x0000000000005364       0x24 zephyr/arch/arch/arm/core/aarch32/mpu/libarch__arm__core__aarch32__mpu.a(arm_core_mpu.c.obj)
                0x0000000000005364                z_arm_configure_dynamic_mpu_regions
 .text.mpu_configure_regions
                0x0000000000005388       0x84 zephyr/arch/arch/arm/core/aarch32/mpu/libarch__arm__core__aarch32__mpu.a(arm_mpu.c.obj)
 .text.arm_core_mpu_enable
                0x000000000000540c       0x18 zephyr/arch/arch/arm/core/aarch32/mpu/libarch__arm__core__aarch32__mpu.a(arm_mpu.c.obj)
                0x000000000000540c                arm_core_mpu_enable
 .text.arm_core_mpu_disable
                0x0000000000005424       0x14 zephyr/arch/arch/arm/core/aarch32/mpu/libarch__arm__core__aarch32__mpu.a(arm_mpu.c.obj)
                0x0000000000005424                arm_core_mpu_disable
 .text.arm_core_mpu_configure_static_mpu_regions
                0x0000000000005438       0x14 zephyr/arch/arch/arm/core/aarch32/mpu/libarch__arm__core__aarch32__mpu.a(arm_mpu.c.obj)
                0x0000000000005438                arm_core_mpu_configure_static_mpu_regions
 .text.arm_core_mpu_configure_dynamic_mpu_regions
                0x000000000000544c       0x30 zephyr/arch/arch/arm/core/aarch32/mpu/libarch__arm__core__aarch32__mpu.a(arm_mpu.c.obj)
                0x000000000000544c                arm_core_mpu_configure_dynamic_mpu_regions
 .text.z_arm_mpu_init
                0x000000000000547c       0x60 zephyr/arch/arch/arm/core/aarch32/mpu/libarch__arm__core__aarch32__mpu.a(arm_mpu.c.obj)
                0x000000000000547c                z_arm_mpu_init
 .text.__stdout_hook_install
                0x00000000000054dc        0xc zephyr/lib/libc/newlib/liblib__libc__newlib.a(libc-hooks.c.obj)
                0x00000000000054dc                __stdout_hook_install
 .text.z_impl_zephyr_read_stdin
                0x00000000000054e8       0x28 zephyr/lib/libc/newlib/liblib__libc__newlib.a(libc-hooks.c.obj)
                0x00000000000054e8                z_impl_zephyr_read_stdin
 .text.z_impl_zephyr_write_stdout
                0x0000000000005510       0x30 zephyr/lib/libc/newlib/liblib__libc__newlib.a(libc-hooks.c.obj)
                0x0000000000005510                z_impl_zephyr_write_stdout
 .text._exit    0x0000000000005540       0x10 zephyr/lib/libc/newlib/liblib__libc__newlib.a(libc-hooks.c.obj)
                0x0000000000005540                _exit
 .text._sbrk    0x0000000000005550       0x28 zephyr/lib/libc/newlib/liblib__libc__newlib.a(libc-hooks.c.obj)
                0x0000000000005550                _sbrk
                0x0000000000005550                sbrk
 .text.nordicsemi_nrf52_init
                0x0000000000005578       0x28 zephyr/soc/arm/nordic_nrf/nrf52/libsoc__arm__nordic_nrf__nrf52.a(soc.c.obj)
 .text.arch_busy_wait
                0x00000000000055a0       0x14 zephyr/soc/arm/nordic_nrf/nrf52/libsoc__arm__nordic_nrf__nrf52.a(soc.c.obj)
                0x00000000000055a0                arch_busy_wait
 .text.bmd345_fem_init
                0x00000000000055b4       0x30 zephyr/boards/arm/ubx_bmd345eval_nrf52840/libboards__arm__ubx_bmd345eval_nrf52840.a(board.c.obj)
 .text.onoff_stop
                0x00000000000055e4       0x30 zephyr/drivers/clock_control/libdrivers__clock_control.a(clock_control_nrf.c.obj)
 .text.onoff_start
                0x0000000000005614       0x44 zephyr/drivers/clock_control/libdrivers__clock_control.a(clock_control_nrf.c.obj)
 .text.hfclk_start
                0x0000000000005658       0x30 zephyr/drivers/clock_control/libdrivers__clock_control.a(clock_control_nrf.c.obj)
 .text.clk_init
                0x0000000000005688       0x60 zephyr/drivers/clock_control/libdrivers__clock_control.a(clock_control_nrf.c.obj)
 .text.clkstarted_handle.constprop.0
                0x00000000000056e8       0x34 zephyr/drivers/clock_control/libdrivers__clock_control.a(clock_control_nrf.c.obj)
 .text.clock_event_handler
                0x000000000000571c       0x1c zephyr/drivers/clock_control/libdrivers__clock_control.a(clock_control_nrf.c.obj)
 .text.generic_hfclk_start
                0x0000000000005738       0x60 zephyr/drivers/clock_control/libdrivers__clock_control.a(clock_control_nrf.c.obj)
 .text.api_blocking_start
                0x0000000000005798       0x3c zephyr/drivers/clock_control/libdrivers__clock_control.a(clock_control_nrf.c.obj)
 .text.cmd_status
                0x00000000000057d4       0xf8 zephyr/drivers/clock_control/libdrivers__clock_control.a(clock_control_nrf.c.obj)
 .text.hfclk_stop
                0x00000000000058cc       0x30 zephyr/drivers/clock_control/libdrivers__clock_control.a(clock_control_nrf.c.obj)
 .text.generic_hfclk_stop
                0x00000000000058fc       0x28 zephyr/drivers/clock_control/libdrivers__clock_control.a(clock_control_nrf.c.obj)
 .text.z_nrf_clock_control_lf_on
                0x0000000000005924      0x100 zephyr/drivers/clock_control/libdrivers__clock_control.a(clock_control_nrf.c.obj)
                0x0000000000005924                z_nrf_clock_control_lf_on
 .text.uart_console_init
                0x0000000000005a24       0x30 zephyr/drivers/console/libdrivers__console.a(uart_console.c.obj)
 .text.console_out
                0x0000000000005a54       0x28 zephyr/drivers/console/libdrivers__console.a(uart_console.c.obj)
 .text.gpio_nrfx_pin_interrupt_configure
                0x0000000000005a7c       0xd4 zephyr/drivers/gpio/libdrivers__gpio.a(gpio_nrfx.c.obj)
 .text.gpio_nrfx_init
                0x0000000000005b50       0x38 zephyr/drivers/gpio/libdrivers__gpio.a(gpio_nrfx.c.obj)
 .text.nrfx_gpio_handler
                0x0000000000005b88       0x44 zephyr/drivers/gpio/libdrivers__gpio.a(gpio_nrfx.c.obj)
 .text.gpio_nrfx_pin_configure
                0x0000000000005bcc      0x13c zephyr/drivers/gpio/libdrivers__gpio.a(gpio_nrfx.c.obj)
 .text.device_name_get
                0x0000000000005d08       0x20 zephyr/drivers/i2c/libdrivers__i2c.a(i2c_shell.c.obj)
 .text.cmd_i2c_write_byte
                0x0000000000005d28       0x8c zephyr/drivers/i2c/libdrivers__i2c.a(i2c_shell.c.obj)
 .text.cmd_i2c_read
                0x0000000000005db4       0xc0 zephyr/drivers/i2c/libdrivers__i2c.a(i2c_shell.c.obj)
 .text.cmd_i2c_scan
                0x0000000000005e74       0xe4 zephyr/drivers/i2c/libdrivers__i2c.a(i2c_shell.c.obj)
 .text.cmd_i2c_recover
                0x0000000000005f58       0x4c zephyr/drivers/i2c/libdrivers__i2c.a(i2c_shell.c.obj)
 .text.cmd_i2c_read_byte
                0x0000000000005fa4       0xa8 zephyr/drivers/i2c/libdrivers__i2c.a(i2c_shell.c.obj)
 .text.cmd_i2c_write
                0x000000000000604c       0xc8 zephyr/drivers/i2c/libdrivers__i2c.a(i2c_shell.c.obj)
 .text.i2c_nrfx_twi_recover_bus
                0x0000000000006114       0x20 zephyr/drivers/i2c/libdrivers__i2c.a(i2c_nrfx_twi.c.obj)
 .text.twi_0_init
                0x0000000000006134       0x34 zephyr/drivers/i2c/libdrivers__i2c.a(i2c_nrfx_twi.c.obj)
 .text.event_handler
                0x0000000000006168       0x34 zephyr/drivers/i2c/libdrivers__i2c.a(i2c_nrfx_twi.c.obj)
 .text.i2c_nrfx_twi_transfer
                0x000000000000619c       0xf8 zephyr/drivers/i2c/libdrivers__i2c.a(i2c_nrfx_twi.c.obj)
 .text.nrf_gpio_pin_port_decode
                0x0000000000006294       0x1c zephyr/drivers/serial/libdrivers__serial.a(uart_nrfx_uarte.c.obj)
 .text.uarte_nrfx_configure
                0x00000000000062b0      0x164 zephyr/drivers/serial/libdrivers__serial.a(uart_nrfx_uarte.c.obj)
 .text.uarte_nrfx_poll_out
                0x0000000000006414       0x94 zephyr/drivers/serial/libdrivers__serial.a(uart_nrfx_uarte.c.obj)
 .text.uarte_0_init
                0x00000000000064a8      0x17c zephyr/drivers/serial/libdrivers__serial.a(uart_nrfx_uarte.c.obj)
 .text.sys_clock_timeout_handler
                0x0000000000006624       0x18 zephyr/drivers/timer/libdrivers__timer.a(nrf_rtc_timer.c.obj)
 .text.sys_clock_driver_init
                0x000000000000663c       0x4c zephyr/drivers/timer/libdrivers__timer.a(nrf_rtc_timer.c.obj)
 .text.set_absolute_alarm
                0x0000000000006688       0x94 zephyr/drivers/timer/libdrivers__timer.a(nrf_rtc_timer.c.obj)
 .text.rtc_nrf_isr
                0x000000000000671c       0x60 zephyr/drivers/timer/libdrivers__timer.a(nrf_rtc_timer.c.obj)
                0x000000000000671c                rtc_nrf_isr
 .text.sys_clock_set_timeout
                0x000000000000677c       0x64 zephyr/drivers/timer/libdrivers__timer.a(nrf_rtc_timer.c.obj)
                0x000000000000677c                sys_clock_set_timeout
 .text.sys_clock_elapsed
                0x00000000000067e0       0x1c zephyr/drivers/timer/libdrivers__timer.a(nrf_rtc_timer.c.obj)
                0x00000000000067e0                sys_clock_elapsed
 .text.sys_clock_cycle_get_32
                0x00000000000067fc       0x34 zephyr/drivers/timer/libdrivers__timer.a(nrf_rtc_timer.c.obj)
                0x00000000000067fc                sys_clock_cycle_get_32
 .text.nrf52_errata_98
                0x0000000000006830       0x24 modules/hal_nordic/nrfx/libmodules__hal_nordic__nrfx.a(system_nrf52840.c.obj)
 .text.nvmc_wait
                0x0000000000006854       0x10 modules/hal_nordic/nrfx/libmodules__hal_nordic__nrfx.a(system_nrf52840.c.obj)
                0x0000000000006854                nvmc_wait
 .text.SystemInit
                0x0000000000006864      0x1d4 modules/hal_nordic/nrfx/libmodules__hal_nordic__nrfx.a(system_nrf52840.c.obj)
                0x0000000000006864                SystemInit
 .text.nrfx_flag32_alloc
                0x0000000000006a38       0x48 modules/hal_nordic/nrfx/libmodules__hal_nordic__nrfx.a(nrfx_flag32_allocator.c.obj)
                0x0000000000006a38                nrfx_flag32_alloc
 .text.nrfx_flag32_free
                0x0000000000006a80       0x44 modules/hal_nordic/nrfx/libmodules__hal_nordic__nrfx.a(nrfx_flag32_allocator.c.obj)
                0x0000000000006a80                nrfx_flag32_free
 .text.nrfx_clock_init
                0x0000000000006ac4       0x20 modules/hal_nordic/nrfx/libmodules__hal_nordic__nrfx.a(nrfx_clock.c.obj)
                0x0000000000006ac4                nrfx_clock_init
 .text.nrfx_clock_stop
                0x0000000000006ae4       0x78 modules/hal_nordic/nrfx/libmodules__hal_nordic__nrfx.a(nrfx_clock.c.obj)
                0x0000000000006ae4                nrfx_clock_stop
 .text.nrfx_power_clock_irq_handler
                0x0000000000006b5c       0x68 modules/hal_nordic/nrfx/libmodules__hal_nordic__nrfx.a(nrfx_clock.c.obj)
                0x0000000000006b5c                nrfx_power_clock_irq_handler
 .text.nrf_gpio_pin_port_decode
                0x0000000000006bc4       0x1c modules/hal_nordic/nrfx/libmodules__hal_nordic__nrfx.a(nrfx_gpiote.c.obj)
 .text.pin_in_use_by_te
                0x0000000000006be0       0x14 modules/hal_nordic/nrfx/libmodules__hal_nordic__nrfx.a(nrfx_gpiote.c.obj)
 .text.call_handler
                0x0000000000006bf4       0x3c modules/hal_nordic/nrfx/libmodules__hal_nordic__nrfx.a(nrfx_gpiote.c.obj)
 .text.release_handler
                0x0000000000006c30       0x54 modules/hal_nordic/nrfx/libmodules__hal_nordic__nrfx.a(nrfx_gpiote.c.obj)
 .text.pin_handler_trigger_uninit
                0x0000000000006c84       0x38 modules/hal_nordic/nrfx/libmodules__hal_nordic__nrfx.a(nrfx_gpiote.c.obj)
 .text.nrfx_gpiote_input_configure
                0x0000000000006cbc      0x15c modules/hal_nordic/nrfx/libmodules__hal_nordic__nrfx.a(nrfx_gpiote.c.obj)
                0x0000000000006cbc                nrfx_gpiote_input_configure
 .text.nrfx_gpiote_output_configure
                0x0000000000006e18       0xe4 modules/hal_nordic/nrfx/libmodules__hal_nordic__nrfx.a(nrfx_gpiote.c.obj)
                0x0000000000006e18                nrfx_gpiote_output_configure
 .text.nrfx_gpiote_global_callback_set
                0x0000000000006efc        0xc modules/hal_nordic/nrfx/libmodules__hal_nordic__nrfx.a(nrfx_gpiote.c.obj)
                0x0000000000006efc                nrfx_gpiote_global_callback_set
 .text.nrfx_gpiote_channel_get
                0x0000000000006f08       0x2c modules/hal_nordic/nrfx/libmodules__hal_nordic__nrfx.a(nrfx_gpiote.c.obj)
                0x0000000000006f08                nrfx_gpiote_channel_get
 .text.nrfx_gpiote_init
                0x0000000000006f34       0x50 modules/hal_nordic/nrfx/libmodules__hal_nordic__nrfx.a(nrfx_gpiote.c.obj)
                0x0000000000006f34                nrfx_gpiote_init
 .text.nrfx_gpiote_is_init
                0x0000000000006f84       0x14 modules/hal_nordic/nrfx/libmodules__hal_nordic__nrfx.a(nrfx_gpiote.c.obj)
                0x0000000000006f84                nrfx_gpiote_is_init
 .text.nrfx_gpiote_channel_free
                0x0000000000006f98        0xc modules/hal_nordic/nrfx/libmodules__hal_nordic__nrfx.a(nrfx_gpiote.c.obj)
                0x0000000000006f98                nrfx_gpiote_channel_free
 .text.nrfx_gpiote_channel_alloc
                0x0000000000006fa4        0xc modules/hal_nordic/nrfx/libmodules__hal_nordic__nrfx.a(nrfx_gpiote.c.obj)
                0x0000000000006fa4                nrfx_gpiote_channel_alloc
 .text.nrfx_gpiote_trigger_enable
                0x0000000000006fb0       0x90 modules/hal_nordic/nrfx/libmodules__hal_nordic__nrfx.a(nrfx_gpiote.c.obj)
                0x0000000000006fb0                nrfx_gpiote_trigger_enable
 .text.nrfx_gpiote_trigger_disable
                0x0000000000007040       0x50 modules/hal_nordic/nrfx/libmodules__hal_nordic__nrfx.a(nrfx_gpiote.c.obj)
                0x0000000000007040                nrfx_gpiote_trigger_disable
 .text.nrfx_gpiote_pin_uninit
                0x0000000000007090       0x48 modules/hal_nordic/nrfx/libmodules__hal_nordic__nrfx.a(nrfx_gpiote.c.obj)
                0x0000000000007090                nrfx_gpiote_pin_uninit
 .text.nrfx_gpiote_irq_handler
                0x00000000000070d8      0x1ac modules/hal_nordic/nrfx/libmodules__hal_nordic__nrfx.a(nrfx_gpiote.c.obj)
                0x00000000000070d8                nrfx_gpiote_irq_handler
 .text.nrfx_ppi_channel_alloc
                0x0000000000007284        0xc modules/hal_nordic/nrfx/libmodules__hal_nordic__nrfx.a(nrfx_ppi.c.obj)
                0x0000000000007284                nrfx_ppi_channel_alloc
 .text.twi_tx_start_transfer
                0x0000000000007290       0xd8 modules/hal_nordic/nrfx/libmodules__hal_nordic__nrfx.a(nrfx_twi.c.obj)
 .text.twi_rx_start_transfer
                0x0000000000007368       0xe8 modules/hal_nordic/nrfx/libmodules__hal_nordic__nrfx.a(nrfx_twi.c.obj)
 .text.nrfx_twi_init
                0x0000000000007450       0xbc modules/hal_nordic/nrfx/libmodules__hal_nordic__nrfx.a(nrfx_twi.c.obj)
                0x0000000000007450                nrfx_twi_init
 .text.nrfx_twi_enable
                0x000000000000750c       0x20 modules/hal_nordic/nrfx/libmodules__hal_nordic__nrfx.a(nrfx_twi.c.obj)
                0x000000000000750c                nrfx_twi_enable
 .text.nrfx_twi_disable
                0x000000000000752c       0x3c modules/hal_nordic/nrfx/libmodules__hal_nordic__nrfx.a(nrfx_twi.c.obj)
                0x000000000000752c                nrfx_twi_disable
 .text.nrfx_twi_xfer
                0x0000000000007568       0xdc modules/hal_nordic/nrfx/libmodules__hal_nordic__nrfx.a(nrfx_twi.c.obj)
                0x0000000000007568                nrfx_twi_xfer
 .text.nrfx_twi_0_irq_handler
                0x0000000000007644       0xbc modules/hal_nordic/nrfx/libmodules__hal_nordic__nrfx.a(nrfx_twi.c.obj)
                0x0000000000007644                nrfx_twi_0_irq_handler
 .text.nrf_gpio_pin_port_decode
                0x0000000000007700       0x1c modules/hal_nordic/nrfx/libmodules__hal_nordic__nrfx.a(nrfx_twi_twim.c.obj)
 .text.nrfx_twi_twim_bus_recover
                0x000000000000771c       0xc8 modules/hal_nordic/nrfx/libmodules__hal_nordic__nrfx.a(nrfx_twi_twim.c.obj)
                0x000000000000771c                nrfx_twi_twim_bus_recover
 .text._DoInit  0x00000000000077e4       0x6c modules/segger/libmodules__segger.a(SEGGER_RTT.c.obj)
 .text.device_visitor
                0x0000000000007850       0x5c zephyr/kernel/libkernel.a(device.c.obj)
 .text.z_sys_init_run_level
                0x00000000000078ac       0x40 zephyr/kernel/libkernel.a(device.c.obj)
                0x00000000000078ac                z_sys_init_run_level
 .text.z_device_get_all_static
                0x00000000000078ec       0x1c zephyr/kernel/libkernel.a(device.c.obj)
                0x00000000000078ec                z_device_get_all_static
 .text.z_impl_device_get_binding
                0x0000000000007908       0x54 zephyr/kernel/libkernel.a(device.c.obj)
                0x0000000000007908                z_impl_device_get_binding
 .text.z_impl_z_errno
                0x000000000000795c        0xc zephyr/kernel/libkernel.a(errno.c.obj)
                0x000000000000795c                z_impl_z_errno
 .text.init_idle_thread
                0x0000000000007968       0x6c zephyr/kernel/libkernel.a(init.c.obj)
 .text.bg_thread_main
                0x00000000000079d4       0x34 zephyr/kernel/libkernel.a(init.c.obj)
 .text.z_bss_zero
                0x0000000000007a08       0x14 zephyr/kernel/libkernel.a(init.c.obj)
                0x0000000000007a08                z_bss_zero
 .text.z_cstart
                0x0000000000007a1c       0xe4 zephyr/kernel/libkernel.a(init.c.obj)
                0x0000000000007a1c                z_cstart
 .text.k_thread_foreach
                0x0000000000007b00       0x34 zephyr/kernel/libkernel.a(thread.c.obj)
                0x0000000000007b00                k_thread_foreach
 .text.z_thread_monitor_exit
                0x0000000000007b34       0x3c zephyr/kernel/libkernel.a(thread.c.obj)
                0x0000000000007b34                z_thread_monitor_exit
 .text.z_impl_k_thread_name_set
                0x0000000000007b70       0x20 zephyr/kernel/libkernel.a(thread.c.obj)
                0x0000000000007b70                z_impl_k_thread_name_set
 .text.k_thread_state_str
                0x0000000000007b90       0x74 zephyr/kernel/libkernel.a(thread.c.obj)
                0x0000000000007b90                k_thread_state_str
 .text.z_setup_new_thread
                0x0000000000007c04       0xcc zephyr/kernel/libkernel.a(thread.c.obj)
                0x0000000000007c04                z_setup_new_thread
 .text.z_impl_k_thread_create
                0x0000000000007cd0       0x58 zephyr/kernel/libkernel.a(thread.c.obj)
                0x0000000000007cd0                z_impl_k_thread_create
 .text.z_init_static_threads
                0x0000000000007d28       0xb8 zephyr/kernel/libkernel.a(thread.c.obj)
                0x0000000000007d28                z_init_static_threads
 .text.sys_kernel_version_get
                0x0000000000007de0        0x8 zephyr/kernel/libkernel.a(version.c.obj)
                0x0000000000007de0                sys_kernel_version_get
 .text.idle     0x0000000000007de8       0x2c zephyr/kernel/libkernel.a(idle.c.obj)
                0x0000000000007de8                idle
 .text.z_impl_k_mutex_lock
                0x0000000000007e14       0xf0 zephyr/kernel/libkernel.a(mutex.c.obj)
                0x0000000000007e14                z_impl_k_mutex_lock
 .text.z_impl_k_mutex_unlock
                0x0000000000007f04       0x88 zephyr/kernel/libkernel.a(mutex.c.obj)
                0x0000000000007f04                z_impl_k_mutex_unlock
 .text.z_impl_k_sem_give
                0x0000000000007f8c       0x4c zephyr/kernel/libkernel.a(sem.c.obj)
                0x0000000000007f8c                z_impl_k_sem_give
 .text.z_impl_k_sem_take
                0x0000000000007fd8       0x50 zephyr/kernel/libkernel.a(sem.c.obj)
                0x0000000000007fd8                z_impl_k_sem_take
 .text.z_reset_time_slice
                0x0000000000008028       0x2c zephyr/kernel/libkernel.a(sched.c.obj)
                0x0000000000008028                z_reset_time_slice
 .text.k_sched_time_slice_set
                0x0000000000008054       0x60 zephyr/kernel/libkernel.a(sched.c.obj)
                0x0000000000008054                k_sched_time_slice_set
 .text.z_reschedule
                0x00000000000080b4       0x24 zephyr/kernel/libkernel.a(sched.c.obj)
                0x00000000000080b4                z_reschedule
 .text.k_sched_lock
                0x00000000000080d8       0x28 zephyr/kernel/libkernel.a(sched.c.obj)
                0x00000000000080d8                k_sched_lock
 .text.update_cache
                0x0000000000008100       0x40 zephyr/kernel/libkernel.a(sched.c.obj)
 .text.move_thread_to_end_of_prio_q
                0x0000000000008140       0x74 zephyr/kernel/libkernel.a(sched.c.obj)
 .text.z_time_slice
                0x00000000000081b4       0x80 zephyr/kernel/libkernel.a(sched.c.obj)
                0x00000000000081b4                z_time_slice
 .text.ready_thread
                0x0000000000008234       0x6c zephyr/kernel/libkernel.a(sched.c.obj)
 .text.z_sched_start
                0x00000000000082a0       0x3c zephyr/kernel/libkernel.a(sched.c.obj)
                0x00000000000082a0                z_sched_start
 .text.unready_thread
                0x00000000000082dc       0x30 zephyr/kernel/libkernel.a(sched.c.obj)
 .text.pend     0x000000000000830c       0x4c zephyr/kernel/libkernel.a(sched.c.obj)
 .text.z_pend_curr
                0x0000000000008358       0x28 zephyr/kernel/libkernel.a(sched.c.obj)
                0x0000000000008358                z_pend_curr
 .text.z_set_prio
                0x0000000000008380       0x90 zephyr/kernel/libkernel.a(sched.c.obj)
                0x0000000000008380                z_set_prio
 .text.z_impl_k_thread_suspend
                0x0000000000008410       0x64 zephyr/kernel/libkernel.a(sched.c.obj)
                0x0000000000008410                z_impl_k_thread_suspend
 .text.k_sched_unlock
                0x0000000000008474       0x38 zephyr/kernel/libkernel.a(sched.c.obj)
                0x0000000000008474                k_sched_unlock
 .text.z_sched_init
                0x00000000000084ac       0x18 zephyr/kernel/libkernel.a(sched.c.obj)
                0x00000000000084ac                z_sched_init
 .text.z_impl_k_yield
                0x00000000000084c4       0x80 zephyr/kernel/libkernel.a(sched.c.obj)
                0x00000000000084c4                z_impl_k_yield
 .text.z_tick_sleep
                0x0000000000008544       0x90 zephyr/kernel/libkernel.a(sched.c.obj)
 .text.z_impl_k_sleep
                0x00000000000085d4       0x34 zephyr/kernel/libkernel.a(sched.c.obj)
                0x00000000000085d4                z_impl_k_sleep
 .text.z_impl_z_current_get
                0x0000000000008608        0xc zephyr/kernel/libkernel.a(sched.c.obj)
                0x0000000000008608                z_impl_z_current_get
 .text.z_impl_k_is_preempt_thread
                0x0000000000008614       0x20 zephyr/kernel/libkernel.a(sched.c.obj)
                0x0000000000008614                z_impl_k_is_preempt_thread
 .text.z_thread_abort
                0x0000000000008634       0xac zephyr/kernel/libkernel.a(sched.c.obj)
                0x0000000000008634                z_thread_abort
 .text.z_sched_wait
                0x00000000000086e0       0x24 zephyr/kernel/libkernel.a(sched.c.obj)
                0x00000000000086e0                z_sched_wait
 .text.z_data_copy
                0x0000000000008704       0x34 zephyr/kernel/libkernel.a(xip.c.obj)
                0x0000000000008704                z_data_copy
 .text.elapsed  0x0000000000008738       0x14 zephyr/kernel/libkernel.a(timeout.c.obj)
 .text.next_timeout
                0x000000000000874c       0x50 zephyr/kernel/libkernel.a(timeout.c.obj)
 .text.remove_timeout
                0x000000000000879c       0x34 zephyr/kernel/libkernel.a(timeout.c.obj)
 .text.z_add_timeout
                0x00000000000087d0       0xf4 zephyr/kernel/libkernel.a(timeout.c.obj)
                0x00000000000087d0                z_add_timeout
 .text.sys_clock_announce
                0x00000000000088c4       0xb8 zephyr/kernel/libkernel.a(timeout.c.obj)
                0x00000000000088c4                sys_clock_announce
 .text.sys_clock_tick_get
                0x000000000000897c       0x30 zephyr/kernel/libkernel.a(timeout.c.obj)
                0x000000000000897c                sys_clock_tick_get
 .text.z_impl_k_poll
                0x00000000000089ac       0xb8 zephyr/kernel/libkernel.a(poll.c.obj)
                0x00000000000089ac                z_impl_k_poll
 .text.z_impl_k_poll_signal_raise
                0x0000000000008a64       0x50 zephyr/kernel/libkernel.a(poll.c.obj)
                0x0000000000008a64                z_impl_k_poll_signal_raise
 .text.boot_banner
                0x0000000000008ab4       0x18 zephyr/kernel/libkernel.a(banner.c.obj)
                0x0000000000008ab4                boot_banner
 .text.k_sys_work_q_init
                0x0000000000008acc       0x34 zephyr/kernel/libkernel.a(system_work_q.c.obj)
 .text.work_queue_main
                0x0000000000008b00      0x12c zephyr/kernel/libkernel.a(work.c.obj)
 .text.submit_to_queue_locked
                0x0000000000008c2c       0xa0 zephyr/kernel/libkernel.a(work.c.obj)
 .text.k_work_queue_start
                0x0000000000008ccc       0x70 zephyr/kernel/libkernel.a(work.c.obj)
                0x0000000000008ccc                k_work_queue_start
 .text.malloc   0x0000000000008d3c       0x10 /home/surya16p/zephyr-sdk-0.13.2/arm-zephyr-eabi/arm-zephyr-eabi/lib/thumb/v7e-m/nofp/libc_nano.a(lib_a-malloc.o)
                0x0000000000008d3c                malloc
 .text._free_r  0x0000000000008d4c       0x94 /home/surya16p/zephyr-sdk-0.13.2/arm-zephyr-eabi/arm-zephyr-eabi/lib/thumb/v7e-m/nofp/libc_nano.a(lib_a-nano-freer.o)
                0x0000000000008d4c                _free_r
 .text._malloc_r
                0x0000000000008de0       0xb4 /home/surya16p/zephyr-sdk-0.13.2/arm-zephyr-eabi/arm-zephyr-eabi/lib/thumb/v7e-m/nofp/libc_nano.a(lib_a-nano-mallocr.o)
                0x0000000000008de0                _malloc_r
 .text._printf_float
                0x0000000000008e94      0x454 /home/surya16p/zephyr-sdk-0.13.2/arm-zephyr-eabi/arm-zephyr-eabi/lib/thumb/v7e-m/nofp/libc_nano.a(lib_a-nano-vfprintf_float.o)
                0x0000000000008e94                _printf_float
 .text._printf_i
                0x00000000000092e8      0x24c /home/surya16p/zephyr-sdk-0.13.2/arm-zephyr-eabi/arm-zephyr-eabi/lib/thumb/v7e-m/nofp/libc_nano.a(lib_a-nano-vfprintf_i.o)
                0x00000000000092e8                _printf_i
 .text._sbrk_r  0x0000000000009534       0x20 /home/surya16p/zephyr-sdk-0.13.2/arm-zephyr-eabi/arm-zephyr-eabi/lib/thumb/v7e-m/nofp/libc_nano.a(lib_a-sbrkr.o)
                0x0000000000009534                _sbrk_r
 .text.snprintf
                0x0000000000009554       0x68 /home/surya16p/zephyr-sdk-0.13.2/arm-zephyr-eabi/arm-zephyr-eabi/lib/thumb/v7e-m/nofp/libc_nano.a(lib_a-snprintf.o)
                0x0000000000009554                snprintf
                0x0000000000009554                sniprintf
 .text._strtol_l.constprop.0
                0x00000000000095bc       0xf8 /home/surya16p/zephyr-sdk-0.13.2/arm-zephyr-eabi/arm-zephyr-eabi/lib/thumb/v7e-m/nofp/libc_nano.a(lib_a-strtol.o)
 .text.strtol   0x00000000000096b4       0x14 /home/surya16p/zephyr-sdk-0.13.2/arm-zephyr-eabi/arm-zephyr-eabi/lib/thumb/v7e-m/nofp/libc_nano.a(lib_a-strtol.o)
                0x00000000000096b4                strtol
 .text._strtoul_l.constprop.0
                0x00000000000096c8       0xe4 /home/surya16p/zephyr-sdk-0.13.2/arm-zephyr-eabi/arm-zephyr-eabi/lib/thumb/v7e-m/nofp/libc_nano.a(lib_a-strtoul.o)
 .text.strtoul  0x00000000000097ac       0x14 /home/surya16p/zephyr-sdk-0.13.2/arm-zephyr-eabi/arm-zephyr-eabi/lib/thumb/v7e-m/nofp/libc_nano.a(lib_a-strtoul.o)
                0x00000000000097ac                strtoul
 .text._localeconv_r
                0x00000000000097c0        0x8 /home/surya16p/zephyr-sdk-0.13.2/arm-zephyr-eabi/arm-zephyr-eabi/lib/thumb/v7e-m/nofp/libc_nano.a(lib_a-localeconv.o)
                0x00000000000097c0                _localeconv_r
 .text.__malloc_lock
                0x00000000000097c8        0xc /home/surya16p/zephyr-sdk-0.13.2/arm-zephyr-eabi/arm-zephyr-eabi/lib/thumb/v7e-m/nofp/libc_nano.a(lib_a-mlock.o)
                0x00000000000097c8                __malloc_lock
 .text.__malloc_unlock
                0x00000000000097d4        0xc /home/surya16p/zephyr-sdk-0.13.2/arm-zephyr-eabi/arm-zephyr-eabi/lib/thumb/v7e-m/nofp/libc_nano.a(lib_a-mlock.o)
                0x00000000000097d4                __malloc_unlock
 .text._Balloc  0x00000000000097e0       0x80 /home/surya16p/zephyr-sdk-0.13.2/arm-zephyr-eabi/arm-zephyr-eabi/lib/thumb/v7e-m/nofp/libc_nano.a(lib_a-mprec.o)
                0x00000000000097e0                _Balloc
 .text._Bfree   0x0000000000009860       0x44 /home/surya16p/zephyr-sdk-0.13.2/arm-zephyr-eabi/arm-zephyr-eabi/lib/thumb/v7e-m/nofp/libc_nano.a(lib_a-mprec.o)
                0x0000000000009860                _Bfree
 .text.__multadd
                0x00000000000098a4       0x8c /home/surya16p/zephyr-sdk-0.13.2/arm-zephyr-eabi/arm-zephyr-eabi/lib/thumb/v7e-m/nofp/libc_nano.a(lib_a-mprec.o)
                0x00000000000098a4                __multadd
 .text.__i2b    0x0000000000009930       0x2c /home/surya16p/zephyr-sdk-0.13.2/arm-zephyr-eabi/arm-zephyr-eabi/lib/thumb/v7e-m/nofp/libc_nano.a(lib_a-mprec.o)
                0x0000000000009930                __i2b
 .text.__multiply
                0x000000000000995c      0x150 /home/surya16p/zephyr-sdk-0.13.2/arm-zephyr-eabi/arm-zephyr-eabi/lib/thumb/v7e-m/nofp/libc_nano.a(lib_a-mprec.o)
                0x000000000000995c                __multiply
 .text.__pow5mult
                0x0000000000009aac       0xb4 /home/surya16p/zephyr-sdk-0.13.2/arm-zephyr-eabi/arm-zephyr-eabi/lib/thumb/v7e-m/nofp/libc_nano.a(lib_a-mprec.o)
                0x0000000000009aac                __pow5mult
 .text.__lshift
                0x0000000000009b60       0xe0 /home/surya16p/zephyr-sdk-0.13.2/arm-zephyr-eabi/arm-zephyr-eabi/lib/thumb/v7e-m/nofp/libc_nano.a(lib_a-mprec.o)
                0x0000000000009b60                __lshift
 .text.__mdiff  0x0000000000009c40      0x110 /home/surya16p/zephyr-sdk-0.13.2/arm-zephyr-eabi/arm-zephyr-eabi/lib/thumb/v7e-m/nofp/libc_nano.a(lib_a-mprec.o)
                0x0000000000009c40                __mdiff
 .text.__d2b    0x0000000000009d50       0xb8 /home/surya16p/zephyr-sdk-0.13.2/arm-zephyr-eabi/arm-zephyr-eabi/lib/thumb/v7e-m/nofp/libc_nano.a(lib_a-mprec.o)
                0x0000000000009d50                __d2b
 .text._svfprintf_r
                0x0000000000009e08      0x200 /home/surya16p/zephyr-sdk-0.13.2/arm-zephyr-eabi/arm-zephyr-eabi/lib/thumb/v7e-m/nofp/libc_nano.a(lib_a-nano-svfprintf.o)
                0x0000000000009e08                _svfprintf_r
                0x0000000000009e08                _svfiprintf_r
 .text.__assert_func
                0x000000000000a008       0x3c /home/surya16p/zephyr-sdk-0.13.2/arm-zephyr-eabi/arm-zephyr-eabi/lib/thumb/v7e-m/nofp/libc_nano.a(lib_a-assert.o)
                0x000000000000a008                __assert_func
 .text.fprintf  0x000000000000a044       0x24 /home/surya16p/zephyr-sdk-0.13.2/arm-zephyr-eabi/arm-zephyr-eabi/lib/thumb/v7e-m/nofp/libc_nano.a(lib_a-fprintf.o)
                0x000000000000a044                fprintf
                0x000000000000a044                fiprintf
 .text._vfprintf_r
                0x000000000000a068      0x260 /home/surya16p/zephyr-sdk-0.13.2/arm-zephyr-eabi/arm-zephyr-eabi/lib/thumb/v7e-m/nofp/libc_nano.a(lib_a-nano-vfprintf.o)
                0x000000000000a068                _vfiprintf_r
                0x000000000000a068                _vfprintf_r
 .text.__swbuf_r
                0x000000000000a2c8       0xa4 /home/surya16p/zephyr-sdk-0.13.2/arm-zephyr-eabi/arm-zephyr-eabi/lib/thumb/v7e-m/nofp/libc_nano.a(lib_a-wbuf.o)
                0x000000000000a2c8                __swbuf_r
 .text.__swsetup_r
                0x000000000000a36c       0xdc /home/surya16p/zephyr-sdk-0.13.2/arm-zephyr-eabi/arm-zephyr-eabi/lib/thumb/v7e-m/nofp/libc_nano.a(lib_a-wsetup.o)
                0x000000000000a36c                __swsetup_r
 .text.__sflush_r
                0x000000000000a448      0x104 /home/surya16p/zephyr-sdk-0.13.2/arm-zephyr-eabi/arm-zephyr-eabi/lib/thumb/v7e-m/nofp/libc_nano.a(lib_a-fflush.o)
                0x000000000000a448                __sflush_r
 .text._fflush_r
                0x000000000000a54c       0x78 /home/surya16p/zephyr-sdk-0.13.2/arm-zephyr-eabi/arm-zephyr-eabi/lib/thumb/v7e-m/nofp/libc_nano.a(lib_a-fflush.o)
                0x000000000000a54c                _fflush_r
 .text.std      0x000000000000a5c4       0x48 /home/surya16p/zephyr-sdk-0.13.2/arm-zephyr-eabi/arm-zephyr-eabi/lib/thumb/v7e-m/nofp/libc_nano.a(lib_a-findfp.o)
 .text._cleanup_r
                0x000000000000a60c        0xc /home/surya16p/zephyr-sdk-0.13.2/arm-zephyr-eabi/arm-zephyr-eabi/lib/thumb/v7e-m/nofp/libc_nano.a(lib_a-findfp.o)
                0x000000000000a60c                _cleanup_r
 .text.__sfp_lock_acquire
                0x000000000000a618        0xc /home/surya16p/zephyr-sdk-0.13.2/arm-zephyr-eabi/arm-zephyr-eabi/lib/thumb/v7e-m/nofp/libc_nano.a(lib_a-findfp.o)
                0x000000000000a618                __sfp_lock_acquire
 .text.__sfp_lock_release
                0x000000000000a624        0xc /home/surya16p/zephyr-sdk-0.13.2/arm-zephyr-eabi/arm-zephyr-eabi/lib/thumb/v7e-m/nofp/libc_nano.a(lib_a-findfp.o)
                0x000000000000a624                __sfp_lock_release
 .text.__sinit_lock_acquire
                0x000000000000a630        0xc /home/surya16p/zephyr-sdk-0.13.2/arm-zephyr-eabi/arm-zephyr-eabi/lib/thumb/v7e-m/nofp/libc_nano.a(lib_a-findfp.o)
                0x000000000000a630                __sinit_lock_acquire
 .text.__sinit_lock_release
                0x000000000000a63c        0xc /home/surya16p/zephyr-sdk-0.13.2/arm-zephyr-eabi/arm-zephyr-eabi/lib/thumb/v7e-m/nofp/libc_nano.a(lib_a-findfp.o)
                0x000000000000a63c                __sinit_lock_release
 .text.__sinit  0x000000000000a648       0x70 /home/surya16p/zephyr-sdk-0.13.2/arm-zephyr-eabi/arm-zephyr-eabi/lib/thumb/v7e-m/nofp/libc_nano.a(lib_a-findfp.o)
                0x000000000000a648                __sinit
 .text.__sfp    0x000000000000a6b8       0x8c /home/surya16p/zephyr-sdk-0.13.2/arm-zephyr-eabi/arm-zephyr-eabi/lib/thumb/v7e-m/nofp/libc_nano.a(lib_a-findfp.o)
                0x000000000000a6b8                __sfp
 .text.__smakebuf_r
                0x000000000000a744       0x80 /home/surya16p/zephyr-sdk-0.13.2/arm-zephyr-eabi/arm-zephyr-eabi/lib/thumb/v7e-m/nofp/libc_nano.a(lib_a-makebuf.o)
                0x000000000000a744                __smakebuf_r
 .text.raise    0x000000000000a7c4       0x10 /home/surya16p/zephyr-sdk-0.13.2/arm-zephyr-eabi/arm-zephyr-eabi/lib/thumb/v7e-m/nofp/libc_nano.a(lib_a-signal.o)
                0x000000000000a7c4                raise
 .text._kill_r  0x000000000000a7d4       0x24 /home/surya16p/zephyr-sdk-0.13.2/arm-zephyr-eabi/arm-zephyr-eabi/lib/thumb/v7e-m/nofp/libc_nano.a(lib_a-signalr.o)
                0x000000000000a7d4                _kill_r
 .text._write_r
                0x000000000000a7f8       0x24 /home/surya16p/zephyr-sdk-0.13.2/arm-zephyr-eabi/arm-zephyr-eabi/lib/thumb/v7e-m/nofp/libc_nano.a(lib_a-writer.o)
                0x000000000000a7f8                _write_r
 .text._close_r
                0x000000000000a81c       0x20 /home/surya16p/zephyr-sdk-0.13.2/arm-zephyr-eabi/arm-zephyr-eabi/lib/thumb/v7e-m/nofp/libc_nano.a(lib_a-closer.o)
                0x000000000000a81c                _close_r
 .text._fstat_r
                0x000000000000a83c       0x24 /home/surya16p/zephyr-sdk-0.13.2/arm-zephyr-eabi/arm-zephyr-eabi/lib/thumb/v7e-m/nofp/libc_nano.a(lib_a-fstatr.o)
                0x000000000000a83c                _fstat_r
 .text._isatty_r
                0x000000000000a860       0x20 /home/surya16p/zephyr-sdk-0.13.2/arm-zephyr-eabi/arm-zephyr-eabi/lib/thumb/v7e-m/nofp/libc_nano.a(lib_a-isattyr.o)
                0x000000000000a860                _isatty_r
 .text._lseek_r
                0x000000000000a880       0x24 /home/surya16p/zephyr-sdk-0.13.2/arm-zephyr-eabi/arm-zephyr-eabi/lib/thumb/v7e-m/nofp/libc_nano.a(lib_a-lseekr.o)
                0x000000000000a880                _lseek_r
 .text._read_r  0x000000000000a8a4       0x24 /home/surya16p/zephyr-sdk-0.13.2/arm-zephyr-eabi/arm-zephyr-eabi/lib/thumb/v7e-m/nofp/libc_nano.a(lib_a-readr.o)
                0x000000000000a8a4                _read_r
 .text._OffsetAbsSyms
                0x000000000000a8c8        0x2 zephyr/CMakeFiles/offsets.dir/./arch/arm/core/offsets/offsets.c.obj
                0x000000000000a8c8                _OffsetAbsSyms
 .text.i2c_burst_read.constprop.0.isra.0
                0x000000000000a8ca       0x18 app/libapp.a(main.c.obj)
 .text.sys_notify_validate
                0x000000000000a8e2       0x28 zephyr/libzephyr.a(notify.c.obj)
                0x000000000000a8e2                sys_notify_validate
 .text.sys_notify_finalize
                0x000000000000a90a       0x32 zephyr/libzephyr.a(notify.c.obj)
                0x000000000000a90a                sys_notify_finalize
 .text.arch_printk_char_out
                0x000000000000a93c        0x4 zephyr/libzephyr.a(printk.c.obj)
                0x000000000000a93c                arch_printk_char_out
 .text.str_out  0x000000000000a940       0x26 zephyr/libzephyr.a(printk.c.obj)
 .text.printk   0x000000000000a966       0x1a zephyr/libzephyr.a(printk.c.obj)
                0x000000000000a966                printk
 .text.snprintk
                0x000000000000a980       0x1a zephyr/libzephyr.a(printk.c.obj)
                0x000000000000a980                snprintk
 .text.process_recheck
                0x000000000000a99a       0x38 zephyr/libzephyr.a(onoff.c.obj)
 .text.notify_one
                0x000000000000a9d2       0x2c zephyr/libzephyr.a(onoff.c.obj)
 .text.transition_complete
                0x000000000000a9fe       0x1c zephyr/libzephyr.a(onoff.c.obj)
 .text.validate_args
                0x000000000000aa1a       0x1e zephyr/libzephyr.a(onoff.c.obj)
 .text.onoff_manager_init
                0x000000000000aa38       0x26 zephyr/libzephyr.a(onoff.c.obj)
                0x000000000000aa38                onoff_manager_init
 .text.onoff_request
                0x000000000000aa5e       0x92 zephyr/libzephyr.a(onoff.c.obj)
                0x000000000000aa5e                onoff_request
 .text.z_thread_entry
                0x000000000000aaf0       0x14 zephyr/libzephyr.a(thread_entry.c.obj)
                0x000000000000aaf0                z_thread_entry
 .text._ldiv5   0x000000000000ab04       0x30 zephyr/libzephyr.a(cbprintf_complete.c.obj)
 .text._get_digit
                0x000000000000ab34       0x2e zephyr/libzephyr.a(cbprintf_complete.c.obj)
 .text.outs     0x000000000000ab62       0x2c zephyr/libzephyr.a(cbprintf_complete.c.obj)
 .text.ring_buf_get_rewind_threshold
                0x000000000000ab8e        0x6 zephyr/libzephyr.a(ring_buffer.c.obj)
                0x000000000000ab8e                ring_buf_get_rewind_threshold
 .text.ring_buf_put_claim
                0x000000000000ab94       0x38 zephyr/libzephyr.a(ring_buffer.c.obj)
                0x000000000000ab94                ring_buf_put_claim
 .text.ring_buf_put_finish
                0x000000000000abcc       0x34 zephyr/libzephyr.a(ring_buffer.c.obj)
                0x000000000000abcc                ring_buf_put_finish
 .text.ring_buf_put
                0x000000000000ac00       0x3e zephyr/libzephyr.a(ring_buffer.c.obj)
                0x000000000000ac00                ring_buf_put
 .text.ring_buf_get_claim
                0x000000000000ac3e       0x54 zephyr/libzephyr.a(ring_buffer.c.obj)
                0x000000000000ac3e                ring_buf_get_claim
 .text.ring_buf_get_finish
                0x000000000000ac92       0x38 zephyr/libzephyr.a(ring_buffer.c.obj)
                0x000000000000ac92                ring_buf_get_finish
 .text.ring_buf_get
                0x000000000000acca       0x40 zephyr/libzephyr.a(ring_buffer.c.obj)
                0x000000000000acca                ring_buf_get
 .text.fnmatchx
                0x000000000000ad0a      0x260 zephyr/libzephyr.a(fnmatch.c.obj)
 .text.fnmatch  0x000000000000af6a        0x6 zephyr/libzephyr.a(fnmatch.c.obj)
                0x000000000000af6a                fnmatch
 .text._ConfigAbsSyms
                0x000000000000af70        0x2 zephyr/libzephyr.a(configs.c.obj)
                0x000000000000af70                _ConfigAbsSyms
 .text.uart_irq_tx_disable
                0x000000000000af72        0xa zephyr/libzephyr.a(shell_uart.c.obj)
 .text.uninit   0x000000000000af7c       0x1c zephyr/libzephyr.a(shell_uart.c.obj)
 .text.enable   0x000000000000af98       0x14 zephyr/libzephyr.a(shell_uart.c.obj)
 .text.read     0x000000000000afac       0x12 zephyr/libzephyr.a(shell_uart.c.obj)
 .text.ring_buf_reset
                0x000000000000afbe        0xc zephyr/libzephyr.a(shell_uart.c.obj)
 .text.write    0x000000000000afca       0x6c zephyr/libzephyr.a(shell_uart.c.obj)
 .text.uart_callback
                0x000000000000b036       0xdc zephyr/libzephyr.a(shell_uart.c.obj)
 .text.atomic_or
                0x000000000000b112       0x1e zephyr/libzephyr.a(shell.c.obj)
 .text.atomic_and
                0x000000000000b130       0x1e zephyr/libzephyr.a(shell.c.obj)
 .text.shell_signal_handle
                0x000000000000b14e       0x2c zephyr/libzephyr.a(shell.c.obj)
 .text.z_shell_strlen
                0x000000000000b17a        0xc zephyr/libzephyr.a(shell.c.obj)
 .text.z_shell_raw_fprintf
                0x000000000000b186       0x1a zephyr/libzephyr.a(shell.c.obj)
 .text.k_mutex_lock.constprop.0.isra.0
                0x000000000000b1a0        0x4 zephyr/libzephyr.a(shell.c.obj)
 .text.transport_evt_handler
                0x000000000000b1a4       0x14 zephyr/libzephyr.a(shell.c.obj)
 .text.kill_handler
                0x000000000000b1b8       0x4a zephyr/libzephyr.a(shell.c.obj)
 .text.z_flag_history_exit_set.isra.0
                0x000000000000b202       0x14 zephyr/libzephyr.a(shell.c.obj)
 .text.z_flag_insert_mode_set.isra.0
                0x000000000000b216       0x1e zephyr/libzephyr.a(shell.c.obj)
 .text.k_mutex_unlock.isra.0
                0x000000000000b234        0x4 zephyr/libzephyr.a(shell.c.obj)
 .text.shell_vfprintf
                0x000000000000b238       0x7a zephyr/libzephyr.a(shell.c.obj)
                0x000000000000b238                shell_vfprintf
 .text.shell_fprintf
                0x000000000000b2b2       0x1a zephyr/libzephyr.a(shell.c.obj)
                0x000000000000b2b2                shell_fprintf
 .text.shell_hexdump
                0x000000000000b2cc       0x30 zephyr/libzephyr.a(shell.c.obj)
                0x000000000000b2cc                shell_hexdump
 .text.shell_set_bypass
                0x000000000000b2fc        0x6 zephyr/libzephyr.a(shell.c.obj)
                0x000000000000b2fc                shell_set_bypass
 .text.z_shell_fprintf_buffer_flush
                0x000000000000b302       0x18 zephyr/libzephyr.a(shell_fprintf.c.obj)
                0x000000000000b302                z_shell_fprintf_buffer_flush
 .text.out_func
                0x000000000000b31a       0x38 zephyr/libzephyr.a(shell_fprintf.c.obj)
 .text.z_shell_strlen
                0x000000000000b352        0xc zephyr/libzephyr.a(shell_utils.c.obj)
 .text.z_column_span_with_buffer_offsets_get
                0x000000000000b35e       0x1e zephyr/libzephyr.a(shell_utils.c.obj)
                0x000000000000b35e                z_column_span_with_buffer_offsets_get
 .text.z_row_span_with_buffer_offsets_get
                0x000000000000b37c       0x16 zephyr/libzephyr.a(shell_utils.c.obj)
                0x000000000000b37c                z_row_span_with_buffer_offsets_get
 .text.z_shell_multiline_data_calc
                0x000000000000b392       0x2c zephyr/libzephyr.a(shell_utils.c.obj)
                0x000000000000b392                z_shell_multiline_data_calc
 .text.z_shell_pattern_remove
                0x000000000000b3be       0x4e zephyr/libzephyr.a(shell_utils.c.obj)
                0x000000000000b3be                z_shell_pattern_remove
 .text.z_shell_find_cmd
                0x000000000000b40c       0x56 zephyr/libzephyr.a(shell_utils.c.obj)
                0x000000000000b40c                z_shell_find_cmd
 .text.z_shell_get_last_command
                0x000000000000b462       0x5c zephyr/libzephyr.a(shell_utils.c.obj)
                0x000000000000b462                z_shell_get_last_command
 .text.shell_device_lookup
                0x000000000000b4be       0x68 zephyr/libzephyr.a(shell_utils.c.obj)
                0x000000000000b4be                shell_device_lookup
 .text.z_shell_raw_fprintf
                0x000000000000b526       0x1a zephyr/libzephyr.a(shell_ops.c.obj)
 .text.full_line_cmd
                0x000000000000b540       0x28 zephyr/libzephyr.a(shell_ops.c.obj)
 .text.z_shell_cursor_in_empty_line
                0x000000000000b568       0x28 zephyr/libzephyr.a(shell_ops.c.obj)
                0x000000000000b568                z_shell_cursor_in_empty_line
 .text.z_shell_op_cond_next_line
                0x000000000000b590       0x20 zephyr/libzephyr.a(shell_ops.c.obj)
                0x000000000000b590                z_shell_op_cond_next_line
 .text.z_shell_op_cursor_position_synchronize
                0x000000000000b5b0       0x46 zephyr/libzephyr.a(shell_ops.c.obj)
                0x000000000000b5b0                z_shell_op_cursor_position_synchronize
 .text.z_shell_op_cursor_move
                0x000000000000b5f6       0x48 zephyr/libzephyr.a(shell_ops.c.obj)
                0x000000000000b5f6                z_shell_op_cursor_move
 .text.z_shell_op_cursor_home_move
                0x000000000000b63e        0xc zephyr/libzephyr.a(shell_ops.c.obj)
                0x000000000000b63e                z_shell_op_cursor_home_move
 .text.z_shell_op_cursor_end_move
                0x000000000000b64a        0xe zephyr/libzephyr.a(shell_ops.c.obj)
                0x000000000000b64a                z_shell_op_cursor_end_move
 .text.z_shell_op_left_arrow
                0x000000000000b658       0x10 zephyr/libzephyr.a(shell_ops.c.obj)
                0x000000000000b658                z_shell_op_left_arrow
 .text.z_shell_op_right_arrow
                0x000000000000b668       0x12 zephyr/libzephyr.a(shell_ops.c.obj)
                0x000000000000b668                z_shell_op_right_arrow
 .text.z_shell_op_delete_from_cursor
                0x000000000000b67a       0x12 zephyr/libzephyr.a(shell_ops.c.obj)
                0x000000000000b67a                z_shell_op_delete_from_cursor
 .text.z_shell_cmd_line_erase
                0x000000000000b68c       0x34 zephyr/libzephyr.a(shell_ops.c.obj)
                0x000000000000b68c                z_shell_cmd_line_erase
 .text.z_shell_write
                0x000000000000b6c0       0x8a zephyr/libzephyr.a(shell_ops.c.obj)
                0x000000000000b6c0                z_shell_write
 .text.z_shell_print_stream
                0x000000000000b74a        0x4 zephyr/libzephyr.a(shell_ops.c.obj)
                0x000000000000b74a                z_shell_print_stream
 .text.z_shell_vfprintf
                0x000000000000b74e       0x4a zephyr/libzephyr.a(shell_ops.c.obj)
                0x000000000000b74e                z_shell_vfprintf
 .text.z_shell_fprintf
                0x000000000000b798       0x1a zephyr/libzephyr.a(shell_ops.c.obj)
                0x000000000000b798                z_shell_fprintf
 .text.data_insert
                0x000000000000b7b2       0x62 zephyr/libzephyr.a(shell_ops.c.obj)
 .text.z_shell_op_completion_insert
                0x000000000000b814        0x4 zephyr/libzephyr.a(shell_ops.c.obj)
                0x000000000000b814                z_shell_op_completion_insert
 .text.z_shell_op_char_delete
                0x000000000000b818       0x36 zephyr/libzephyr.a(shell_ops.c.obj)
                0x000000000000b818                z_shell_op_char_delete
 .text.z_shell_op_char_backspace
                0x000000000000b84e       0x22 zephyr/libzephyr.a(shell_ops.c.obj)
                0x000000000000b84e                z_shell_op_char_backspace
 .text.z_shell_raw_fprintf
                0x000000000000b870       0x1a zephyr/libzephyr.a(shell_help.c.obj)
 .text.cmd_shell_stats_reset
                0x000000000000b88a        0x8 zephyr/libzephyr.a(shell_cmds.c.obj)
 .text.z_shell_raw_fprintf
                0x000000000000b892       0x1a zephyr/libzephyr.a(shell_cmds.c.obj)
 .text.cmd_bacskpace_mode_backspace
                0x000000000000b8ac       0x22 zephyr/libzephyr.a(shell_cmds.c.obj)
 .text.cmd_bacskpace_mode_delete
                0x000000000000b8ce       0x22 zephyr/libzephyr.a(shell_cmds.c.obj)
 .text.cmd_echo_off
                0x000000000000b8f0       0x22 zephyr/libzephyr.a(shell_cmds.c.obj)
 .text.cmd_colors_off
                0x000000000000b912       0x22 zephyr/libzephyr.a(shell_cmds.c.obj)
 .text.cmd_colors_on
                0x000000000000b934       0x22 zephyr/libzephyr.a(shell_cmds.c.obj)
 .text.cmd_echo_on
                0x000000000000b956       0x22 zephyr/libzephyr.a(shell_cmds.c.obj)
 .text.remove_from_tail.part.0
                0x000000000000b978       0x24 zephyr/libzephyr.a(shell_history.c.obj)
 .text.z_shell_history_mode_exit
                0x000000000000b99c        0x6 zephyr/libzephyr.a(shell_history.c.obj)
                0x000000000000b99c                z_shell_history_mode_exit
 .text.z_shell_history_get
                0x000000000000b9a2       0x56 zephyr/libzephyr.a(shell_history.c.obj)
                0x000000000000b9a2                z_shell_history_get
 .text.z_shell_history_purge
                0x000000000000b9f8       0x18 zephyr/libzephyr.a(shell_history.c.obj)
                0x000000000000b9f8                z_shell_history_purge
 .text.z_shell_history_put
                0x000000000000ba10       0xd6 zephyr/libzephyr.a(shell_history.c.obj)
                0x000000000000ba10                z_shell_history_put
 .text.z_shell_history_init
                0x000000000000bae6        0xc zephyr/libzephyr.a(shell_history.c.obj)
                0x000000000000bae6                z_shell_history_init
 .text.z_shell_has_wildcard
                0x000000000000baf2       0x28 zephyr/libzephyr.a(shell_wildcard.c.obj)
                0x000000000000baf2                z_shell_has_wildcard
 .text.z_shell_wildcard_prepare
                0x000000000000bb1a       0x4a zephyr/libzephyr.a(shell_wildcard.c.obj)
                0x000000000000bb1a                z_shell_wildcard_prepare
 .text.z_shell_wildcard_finalize
                0x000000000000bb64       0x1e zephyr/libzephyr.a(shell_wildcard.c.obj)
                0x000000000000bb64                z_shell_wildcard_finalize
 .text.pm_policy_next_state
                0x000000000000bb82        0xa zephyr/libzephyr.a(residency.c.obj)
                0x000000000000bb82                pm_policy_next_state
 .text.z_arm_fatal_error
                0x000000000000bb8c        0x4 zephyr/arch/arch/arm/core/aarch32/libarch__arm__core__aarch32.a(fatal.c.obj)
                0x000000000000bb8c                z_arm_fatal_error
 .text.z_do_kernel_oops
                0x000000000000bb90        0x8 zephyr/arch/arch/arm/core/aarch32/libarch__arm__core__aarch32.a(fatal.c.obj)
                0x000000000000bb90                z_do_kernel_oops
 .text.z_irq_spurious
                0x000000000000bb98        0x8 zephyr/arch/arch/arm/core/aarch32/libarch__arm__core__aarch32.a(irq_manage.c.obj)
                0x000000000000bb98                z_irq_spurious
 .text.z_arm_nmi
                0x000000000000bba0        0xe zephyr/arch/arch/arm/core/aarch32/libarch__arm__core__aarch32.a(nmi.c.obj)
                0x000000000000bba0                z_arm_nmi
 .text.malloc_prepare
                0x000000000000bbae        0x4 zephyr/lib/libc/newlib/liblib__libc__newlib.a(libc-hooks.c.obj)
 .text._stdout_hook_default
                0x000000000000bbb2        0x6 zephyr/lib/libc/newlib/liblib__libc__newlib.a(libc-hooks.c.obj)
 .text._stdin_hook_default
                0x000000000000bbb8        0x4 zephyr/lib/libc/newlib/liblib__libc__newlib.a(libc-hooks.c.obj)
 .text._read    0x000000000000bbbc        0x8 zephyr/lib/libc/newlib/liblib__libc__newlib.a(libc-hooks.c.obj)
                0x000000000000bbbc                read
                0x000000000000bbbc                _read
 .text._write   0x000000000000bbc4        0x8 zephyr/lib/libc/newlib/liblib__libc__newlib.a(libc-hooks.c.obj)
                0x000000000000bbc4                write
                0x000000000000bbc4                _write
 .text._close   0x000000000000bbcc        0x6 zephyr/lib/libc/newlib/liblib__libc__newlib.a(libc-hooks.c.obj)
                0x000000000000bbcc                close
                0x000000000000bbcc                _close
 .text._lseek   0x000000000000bbd2        0x4 zephyr/lib/libc/newlib/liblib__libc__newlib.a(libc-hooks.c.obj)
                0x000000000000bbd2                lseek
                0x000000000000bbd2                _lseek
 .text._isatty  0x000000000000bbd6        0xa zephyr/lib/libc/newlib/liblib__libc__newlib.a(libc-hooks.c.obj)
                0x000000000000bbd6                isatty
                0x000000000000bbd6                _isatty
 .text._kill    0x000000000000bbe0        0x4 zephyr/lib/libc/newlib/liblib__libc__newlib.a(libc-hooks.c.obj)
                0x000000000000bbe0                kill
                0x000000000000bbe0                _kill
 .text._getpid  0x000000000000bbe4        0x4 zephyr/lib/libc/newlib/liblib__libc__newlib.a(libc-hooks.c.obj)
                0x000000000000bbe4                _getpid
                0x000000000000bbe4                getpid
 .text._fstat   0x000000000000bbe8        0xa zephyr/lib/libc/newlib/liblib__libc__newlib.a(libc-hooks.c.obj)
                0x000000000000bbe8                _fstat
                0x000000000000bbe8                fstat
 .text.__retarget_lock_init_recursive
                0x000000000000bbf2       0x14 zephyr/lib/libc/newlib/liblib__libc__newlib.a(libc-hooks.c.obj)
                0x000000000000bbf2                __retarget_lock_init_recursive
 .text.__retarget_lock_acquire_recursive
                0x000000000000bc06        0xc zephyr/lib/libc/newlib/liblib__libc__newlib.a(libc-hooks.c.obj)
                0x000000000000bc06                __retarget_lock_acquire_recursive
 .text.__retarget_lock_release_recursive
                0x000000000000bc12        0x4 zephyr/lib/libc/newlib/liblib__libc__newlib.a(libc-hooks.c.obj)
                0x000000000000bc12                __retarget_lock_release_recursive
 .text.__errno  0x000000000000bc16        0x4 zephyr/lib/libc/newlib/liblib__libc__newlib.a(libc-hooks.c.obj)
                0x000000000000bc16                __errno
 .text.pm_power_state_set
                0x000000000000bc1a       0x26 zephyr/soc/arm/nordic_nrf/nrf52/libsoc__arm__nordic_nrf__nrf52.a(power.c.obj)
                0x000000000000bc1a                pm_power_state_set
 .text.pm_power_state_exit_post_ops
                0x000000000000bc40       0x16 zephyr/soc/arm/nordic_nrf/nrf52/libsoc__arm__nordic_nrf__nrf52.a(power.c.obj)
                0x000000000000bc40                pm_power_state_exit_post_ops
 .text.z_impl_gpio_pin_configure.constprop.0
                0x000000000000bc56       0x1e zephyr/boards/arm/ubx_bmd345eval_nrf52840/libboards__arm__ubx_bmd345eval_nrf52840.a(board.c.obj)
 .text.get_status
                0x000000000000bc74       0x12 zephyr/drivers/clock_control/libdrivers__clock_control.a(clock_control_nrf.c.obj)
 .text.set_on_state
                0x000000000000bc86       0x26 zephyr/drivers/clock_control/libdrivers__clock_control.a(clock_control_nrf.c.obj)
 .text.stop     0x000000000000bcac       0x52 zephyr/drivers/clock_control/libdrivers__clock_control.a(clock_control_nrf.c.obj)
 .text.api_stop
                0x000000000000bcfe        0x6 zephyr/drivers/clock_control/libdrivers__clock_control.a(clock_control_nrf.c.obj)
 .text.async_start
                0x000000000000bd04       0x62 zephyr/drivers/clock_control/libdrivers__clock_control.a(clock_control_nrf.c.obj)
 .text.api_start
                0x000000000000bd66        0xe zephyr/drivers/clock_control/libdrivers__clock_control.a(clock_control_nrf.c.obj)
 .text.onoff_started_callback
                0x000000000000bd74       0x12 zephyr/drivers/clock_control/libdrivers__clock_control.a(clock_control_nrf.c.obj)
 .text.lfclk_start
                0x000000000000bd86        0x6 zephyr/drivers/clock_control/libdrivers__clock_control.a(clock_control_nrf.c.obj)
 .text.lfclk_stop
                0x000000000000bd8c        0x6 zephyr/drivers/clock_control/libdrivers__clock_control.a(clock_control_nrf.c.obj)
 .text.blocking_start_callback
                0x000000000000bd92        0x6 zephyr/drivers/clock_control/libdrivers__clock_control.a(clock_control_nrf.c.obj)
 .text.gpio_nrfx_port_get_raw
                0x000000000000bd98        0xe zephyr/drivers/gpio/libdrivers__gpio.a(gpio_nrfx.c.obj)
 .text.gpio_nrfx_port_set_masked_raw
                0x000000000000bda6       0x16 zephyr/drivers/gpio/libdrivers__gpio.a(gpio_nrfx.c.obj)
 .text.gpio_nrfx_port_set_bits_raw
                0x000000000000bdbc        0xc zephyr/drivers/gpio/libdrivers__gpio.a(gpio_nrfx.c.obj)
 .text.gpio_nrfx_port_clear_bits_raw
                0x000000000000bdc8        0xc zephyr/drivers/gpio/libdrivers__gpio.a(gpio_nrfx.c.obj)
 .text.gpio_nrfx_port_toggle_bits
                0x000000000000bdd4       0x12 zephyr/drivers/gpio/libdrivers__gpio.a(gpio_nrfx.c.obj)
 .text.gpio_nrfx_manage_callback
                0x000000000000bde6       0x54 zephyr/drivers/gpio/libdrivers__gpio.a(gpio_nrfx.c.obj)
 .text.i2c_transfer
                0x000000000000be3a        0xc zephyr/drivers/i2c/libdrivers__i2c.a(i2c_shell.c.obj)
 .text.i2c_nrfx_twi_configure
                0x000000000000be46       0x32 zephyr/drivers/i2c/libdrivers__i2c.a(i2c_nrfx_twi.c.obj)
 .text.uarte_nrfx_config_get
                0x000000000000be78       0x10 zephyr/drivers/serial/libdrivers__serial.a(uart_nrfx_uarte.c.obj)
 .text.uarte_nrfx_err_check
                0x000000000000be88        0xe zephyr/drivers/serial/libdrivers__serial.a(uart_nrfx_uarte.c.obj)
 .text.uarte_nrfx_poll_in
                0x000000000000be96       0x26 zephyr/drivers/serial/libdrivers__serial.a(uart_nrfx_uarte.c.obj)
 .text.uarte_nrfx_fifo_read
                0x000000000000bebc       0x2c zephyr/drivers/serial/libdrivers__serial.a(uart_nrfx_uarte.c.obj)
 .text.uarte_nrfx_irq_tx_enable
                0x000000000000bee8       0x2e zephyr/drivers/serial/libdrivers__serial.a(uart_nrfx_uarte.c.obj)
 .text.uarte_nrfx_irq_tx_disable
                0x000000000000bf16        0xa zephyr/drivers/serial/libdrivers__serial.a(uart_nrfx_uarte.c.obj)
 .text.uarte_nrfx_irq_tx_ready_complete
                0x000000000000bf20       0x2a zephyr/drivers/serial/libdrivers__serial.a(uart_nrfx_uarte.c.obj)
 .text.uarte_nrfx_irq_rx_ready
                0x000000000000bf4a       0x10 zephyr/drivers/serial/libdrivers__serial.a(uart_nrfx_uarte.c.obj)
 .text.uarte_nrfx_irq_rx_enable
                0x000000000000bf5a        0xc zephyr/drivers/serial/libdrivers__serial.a(uart_nrfx_uarte.c.obj)
 .text.uarte_nrfx_irq_rx_disable
                0x000000000000bf66        0xc zephyr/drivers/serial/libdrivers__serial.a(uart_nrfx_uarte.c.obj)
 .text.uarte_nrfx_irq_err_enable
                0x000000000000bf72        0xe zephyr/drivers/serial/libdrivers__serial.a(uart_nrfx_uarte.c.obj)
 .text.uarte_nrfx_irq_err_disable
                0x000000000000bf80        0xe zephyr/drivers/serial/libdrivers__serial.a(uart_nrfx_uarte.c.obj)
 .text.uarte_nrfx_irq_update
                0x000000000000bf8e        0x4 zephyr/drivers/serial/libdrivers__serial.a(uart_nrfx_uarte.c.obj)
 .text.uarte_nrfx_irq_callback_set
                0x000000000000bf92        0xa zephyr/drivers/serial/libdrivers__serial.a(uart_nrfx_uarte.c.obj)
 .text.uarte_nrfx_irq_is_pending
                0x000000000000bf9c       0x36 zephyr/drivers/serial/libdrivers__serial.a(uart_nrfx_uarte.c.obj)
 .text.nrf_gpio_cfg_input
                0x000000000000bfd2       0x1c zephyr/drivers/serial/libdrivers__serial.a(uart_nrfx_uarte.c.obj)
 .text.tx_start.isra.0
                0x000000000000bfee       0x36 zephyr/drivers/serial/libdrivers__serial.a(uart_nrfx_uarte.c.obj)
 .text.is_tx_ready.isra.0
                0x000000000000c024       0x20 zephyr/drivers/serial/libdrivers__serial.a(uart_nrfx_uarte.c.obj)
 .text.uarte_nrfx_fifo_fill
                0x000000000000c044       0x80 zephyr/drivers/serial/libdrivers__serial.a(uart_nrfx_uarte.c.obj)
 .text.uarte_nrfx_isr_int
                0x000000000000c0c4       0xbc zephyr/drivers/serial/libdrivers__serial.a(uart_nrfx_uarte.c.obj)
 .text.sys_clock_idle_exit
                0x000000000000c180        0x2 zephyr/drivers/timer/libdrivers__timer.a(sys_clock_init.c.obj)
                0x000000000000c180                sys_clock_idle_exit
 .text.nrf52_errata_36
                0x000000000000c182       0x12 modules/hal_nordic/nrfx/libmodules__hal_nordic__nrfx.a(system_nrf52840.c.obj)
 .text.nrfx_isr
                0x000000000000c194        0x2 modules/hal_nordic/nrfx/libmodules__hal_nordic__nrfx.a(nrfx_glue.c.obj)
                0x000000000000c194                nrfx_isr
 .text.nrfx_busy_wait
                0x000000000000c196        0x4 modules/hal_nordic/nrfx/libmodules__hal_nordic__nrfx.a(nrfx_glue.c.obj)
                0x000000000000c196                nrfx_busy_wait
 .text.nrfx_clock_enable
                0x000000000000c19a       0x14 modules/hal_nordic/nrfx/libmodules__hal_nordic__nrfx.a(nrfx_clock.c.obj)
                0x000000000000c19a                nrfx_clock_enable
 .text.nrfx_clock_start
                0x000000000000c1ae       0x58 modules/hal_nordic/nrfx/libmodules__hal_nordic__nrfx.a(nrfx_clock.c.obj)
                0x000000000000c1ae                nrfx_clock_start
 .text.nrf_gpio_reconfigure
                0x000000000000c206       0x8e modules/hal_nordic/nrfx/libmodules__hal_nordic__nrfx.a(nrfx_gpiote.c.obj)
 .text.nrf_gpio_cfg_sense_set
                0x000000000000c294       0x1e modules/hal_nordic/nrfx/libmodules__hal_nordic__nrfx.a(nrfx_gpiote.c.obj)
 .text.twi_send_byte
                0x000000000000c2b2       0x3a modules/hal_nordic/nrfx/libmodules__hal_nordic__nrfx.a(nrfx_twi.c.obj)
 .text.twi_transfer
                0x000000000000c2ec      0x118 modules/hal_nordic/nrfx/libmodules__hal_nordic__nrfx.a(nrfx_twi.c.obj)
 .text.nrf_gpio_pin_set
                0x000000000000c404       0x1a modules/hal_nordic/nrfx/libmodules__hal_nordic__nrfx.a(nrfx_twi_twim.c.obj)
 .text.SEGGER_RTT_Init
                0x000000000000c41e        0x4 modules/segger/libmodules__segger.a(SEGGER_RTT.c.obj)
                0x000000000000c41e                SEGGER_RTT_Init
 .text.rtt_init
                0x000000000000c422        0xa modules/segger/libmodules__segger.a(SEGGER_RTT_zephyr.c.obj)
 .text.z_device_state_init
                0x000000000000c42c        0x2 zephyr/kernel/libkernel.a(device.c.obj)
                0x000000000000c42c                z_device_state_init
 .text.z_device_ready
                0x000000000000c42e       0x14 zephyr/kernel/libkernel.a(device.c.obj)
                0x000000000000c42e                z_device_ready
 .text.device_required_foreach
                0x000000000000c442       0x30 zephyr/kernel/libkernel.a(device.c.obj)
                0x000000000000c442                device_required_foreach
 .text.arch_system_halt
                0x000000000000c472       0x12 zephyr/kernel/libkernel.a(fatal.c.obj)
                0x000000000000c472                arch_system_halt
 .text.k_sys_fatal_error_handler
                0x000000000000c484        0x6 zephyr/kernel/libkernel.a(fatal.c.obj)
                0x000000000000c484                k_sys_fatal_error_handler
 .text.z_fatal_error
                0x000000000000c48a       0x36 zephyr/kernel/libkernel.a(fatal.c.obj)
                0x000000000000c48a                z_fatal_error
 .text.k_is_in_isr
                0x000000000000c4c0        0xc zephyr/kernel/libkernel.a(thread.c.obj)
                0x000000000000c4c0                k_is_in_isr
 .text.k_thread_name_get
                0x000000000000c4cc        0x4 zephyr/kernel/libkernel.a(thread.c.obj)
                0x000000000000c4cc                k_thread_name_get
 .text.z_impl_k_thread_start
                0x000000000000c4d0        0x4 zephyr/kernel/libkernel.a(thread.c.obj)
                0x000000000000c4d0                z_impl_k_thread_start
 .text.z_impl_k_thread_stack_space_get
                0x000000000000c4d4       0x1c zephyr/kernel/libkernel.a(thread.c.obj)
                0x000000000000c4d4                z_impl_k_thread_stack_space_get
 .text.z_pm_save_idle_exit
                0x000000000000c4f0        0xe zephyr/kernel/libkernel.a(idle.c.obj)
                0x000000000000c4f0                z_pm_save_idle_exit
 .text.adjust_owner_prio.isra.0
                0x000000000000c4fe       0x10 zephyr/kernel/libkernel.a(mutex.c.obj)
 .text.z_impl_k_mutex_init
                0x000000000000c50e        0xe zephyr/kernel/libkernel.a(mutex.c.obj)
                0x000000000000c50e                z_impl_k_mutex_init
 .text.sys_dlist_remove
                0x000000000000c51c       0x10 zephyr/kernel/libkernel.a(sched.c.obj)
 .text.unpend_thread_no_timeout
                0x000000000000c52c       0x14 zephyr/kernel/libkernel.a(sched.c.obj)
 .text.z_sched_prio_cmp
                0x000000000000c540       0x12 zephyr/kernel/libkernel.a(sched.c.obj)
                0x000000000000c540                z_sched_prio_cmp
 .text.z_unpend_thread
                0x000000000000c552       0x28 zephyr/kernel/libkernel.a(sched.c.obj)
                0x000000000000c552                z_unpend_thread
 .text.z_reschedule_irqlock
                0x000000000000c57a       0x18 zephyr/kernel/libkernel.a(sched.c.obj)
                0x000000000000c57a                z_reschedule_irqlock
 .text.z_reschedule_unlocked
                0x000000000000c592       0x14 zephyr/kernel/libkernel.a(sched.c.obj)
 .text.z_priq_dumb_best
                0x000000000000c5a6        0xc zephyr/kernel/libkernel.a(sched.c.obj)
                0x000000000000c5a6                z_priq_dumb_best
 .text.z_ready_thread
                0x000000000000c5b2       0x20 zephyr/kernel/libkernel.a(sched.c.obj)
                0x000000000000c5b2                z_ready_thread
 .text.z_thread_timeout
                0x000000000000c5d2       0x44 zephyr/kernel/libkernel.a(sched.c.obj)
                0x000000000000c5d2                z_thread_timeout
 .text.add_to_waitq_locked
                0x000000000000c616       0x54 zephyr/kernel/libkernel.a(sched.c.obj)
 .text.z_unpend_first_thread
                0x000000000000c66a       0x30 zephyr/kernel/libkernel.a(sched.c.obj)
                0x000000000000c66a                z_unpend_first_thread
 .text.z_sched_wake
                0x000000000000c69a       0x3c zephyr/kernel/libkernel.a(sched.c.obj)
                0x000000000000c69a                z_sched_wake
 .text.z_abort_timeout
                0x000000000000c6d6       0x2c zephyr/kernel/libkernel.a(timeout.c.obj)
                0x000000000000c6d6                z_abort_timeout
 .text.z_get_next_timeout_expiry
                0x000000000000c702       0x20 zephyr/kernel/libkernel.a(timeout.c.obj)
                0x000000000000c702                z_get_next_timeout_expiry
 .text.z_set_timeout_expiry
                0x000000000000c722       0x34 zephyr/kernel/libkernel.a(timeout.c.obj)
                0x000000000000c722                z_set_timeout_expiry
 .text.sys_clock_tick_get_32
                0x000000000000c756        0x8 zephyr/kernel/libkernel.a(timeout.c.obj)
                0x000000000000c756                sys_clock_tick_get_32
 .text.z_impl_k_uptime_ticks
                0x000000000000c75e        0x4 zephyr/kernel/libkernel.a(timeout.c.obj)
                0x000000000000c75e                z_impl_k_uptime_ticks
 .text.z_impl_k_busy_wait
                0x000000000000c762        0x8 zephyr/kernel/libkernel.a(timeout.c.obj)
                0x000000000000c762                z_impl_k_busy_wait
 .text.add_event
                0x000000000000c76a       0x64 zephyr/kernel/libkernel.a(poll.c.obj)
 .text.register_events
                0x000000000000c7ce       0xee zephyr/kernel/libkernel.a(poll.c.obj)
 .text.signal_poll_event
                0x000000000000c8bc       0xb4 zephyr/kernel/libkernel.a(poll.c.obj)
 .text.clear_event_registrations
                0x000000000000c970       0x5e zephyr/kernel/libkernel.a(poll.c.obj)
 .text.k_poll_event_init
                0x000000000000c9ce       0x1e zephyr/kernel/libkernel.a(poll.c.obj)
                0x000000000000c9ce                k_poll_event_init
 .text.z_handle_obj_poll_events
                0x000000000000c9ec       0x1c zephyr/kernel/libkernel.a(poll.c.obj)
                0x000000000000c9ec                z_handle_obj_poll_events
 .text.z_impl_k_poll_signal_init
                0x000000000000ca08        0xa zephyr/kernel/libkernel.a(poll.c.obj)
                0x000000000000ca08                z_impl_k_poll_signal_init
 .text.z_impl_k_poll_signal_reset
                0x000000000000ca12        0x6 zephyr/kernel/libkernel.a(poll.c.obj)
                0x000000000000ca12                z_impl_k_poll_signal_reset
 .text.z_impl_k_poll_signal_check
                0x000000000000ca18        0xa zephyr/kernel/libkernel.a(poll.c.obj)
                0x000000000000ca18                z_impl_k_poll_signal_check
 .text.flag_test_and_clear
                0x000000000000ca22       0x16 zephyr/kernel/libkernel.a(work.c.obj)
 .text.notify_queue_locked.isra.0
                0x000000000000ca38        0xe zephyr/kernel/libkernel.a(work.c.obj)
 .text.k_work_submit_to_queue
                0x000000000000ca46       0x3a zephyr/kernel/libkernel.a(work.c.obj)
                0x000000000000ca46                k_work_submit_to_queue
 .text.memcmp   0x000000000000ca80       0x20 /home/surya16p/zephyr-sdk-0.13.2/arm-zephyr-eabi/arm-zephyr-eabi/lib/thumb/v7e-m/nofp/libc_nano.a(lib_a-memcmp.o)
                0x000000000000ca80                memcmp
 .text.memcpy   0x000000000000caa0       0x1c /home/surya16p/zephyr-sdk-0.13.2/arm-zephyr-eabi/arm-zephyr-eabi/lib/thumb/v7e-m/nofp/libc_nano.a(lib_a-memcpy-stub.o)
                0x000000000000caa0                memcpy