Archive member included to satisfy reference by file (symbol)

app/libapp.a(main.c.obj)      (--whole-archive)
zephyr/libzephyr.a(cbprintf.c.obj)
                              (--whole-archive)
zephyr/libzephyr.a(cbprintf_packaged.c.obj)
                              (--whole-archive)
zephyr/libzephyr.a(crc32c_sw.c.obj)
                              (--whole-archive)
zephyr/libzephyr.a(crc32_sw.c.obj)
                              (--whole-archive)
zephyr/libzephyr.a(crc16_sw.c.obj)
                              (--whole-archive)
zephyr/libzephyr.a(crc8_sw.c.obj)
                              (--whole-archive)
zephyr/libzephyr.a(crc7_sw.c.obj)
                              (--whole-archive)
zephyr/libzephyr.a(dec.c.obj)
                              (--whole-archive)
zephyr/libzephyr.a(fdtable.c.obj)
                              (--whole-archive)
zephyr/libzephyr.a(hex.c.obj)
                              (--whole-archive)
zephyr/libzephyr.a(notify.c.obj)
                              (--whole-archive)
zephyr/libzephyr.a(printk.c.obj)
                              (--whole-archive)
zephyr/libzephyr.a(onoff.c.obj)
                              (--whole-archive)
zephyr/libzephyr.a(rb.c.obj)  (--whole-archive)
zephyr/libzephyr.a(sem.c.obj)
                              (--whole-archive)
zephyr/libzephyr.a(thread_entry.c.obj)
                              (--whole-archive)
zephyr/libzephyr.a(timeutil.c.obj)
                              (--whole-archive)
zephyr/libzephyr.a(heap.c.obj)
                              (--whole-archive)
zephyr/libzephyr.a(heap-validate.c.obj)
                              (--whole-archive)
zephyr/libzephyr.a(bitarray.c.obj)
                              (--whole-archive)
zephyr/libzephyr.a(multi_heap.c.obj)
                              (--whole-archive)
zephyr/libzephyr.a(cbprintf_complete.c.obj)
                              (--whole-archive)
zephyr/libzephyr.a(ring_buffer.c.obj)
                              (--whole-archive)
zephyr/libzephyr.a(fnmatch.c.obj)
                              (--whole-archive)
zephyr/libzephyr.a(configs.c.obj)
                              (--whole-archive)
zephyr/libzephyr.a(soc_nrf_common.S.obj)
                              (--whole-archive)
zephyr/libzephyr.a(validate_base_addresses.c.obj)
                              (--whole-archive)
zephyr/libzephyr.a(validate_enabled_instances.c.obj)
                              (--whole-archive)
zephyr/libzephyr.a(kernel_service.c.obj)
                              (--whole-archive)
zephyr/libzephyr.a(device_service.c.obj)
                              (--whole-archive)
zephyr/libzephyr.a(devmem_service.c.obj)
                              (--whole-archive)
zephyr/libzephyr.a(shell_uart.c.obj)
                              (--whole-archive)
zephyr/libzephyr.a(shell.c.obj)
                              (--whole-archive)
zephyr/libzephyr.a(shell_fprintf.c.obj)
                              (--whole-archive)
zephyr/libzephyr.a(shell_utils.c.obj)
                              (--whole-archive)
zephyr/libzephyr.a(shell_ops.c.obj)
                              (--whole-archive)
zephyr/libzephyr.a(shell_help.c.obj)
                              (--whole-archive)
zephyr/libzephyr.a(shell_cmds.c.obj)
                              (--whole-archive)
zephyr/libzephyr.a(shell_history.c.obj)
                              (--whole-archive)
zephyr/libzephyr.a(shell_wildcard.c.obj)
                              (--whole-archive)
zephyr/libzephyr.a(pm.c.obj)  (--whole-archive)
zephyr/libzephyr.a(constraint.c.obj)
                              (--whole-archive)
zephyr/libzephyr.a(residency.c.obj)
                              (--whole-archive)
zephyr/libzephyr.a(tracing_none.c.obj)
                              (--whole-archive)
zephyr/arch/common/libarch__common.a(sw_isr_common.c.obj)
                              (--whole-archive)
zephyr/arch/arch/arm/core/aarch32/libarch__arm__core__aarch32.a(cpu_idle.S.obj)
                              (--whole-archive)
zephyr/arch/arch/arm/core/aarch32/libarch__arm__core__aarch32.a(fatal.c.obj)
                              (--whole-archive)
zephyr/arch/arch/arm/core/aarch32/libarch__arm__core__aarch32.a(irq_manage.c.obj)
                              (--whole-archive)
zephyr/arch/arch/arm/core/aarch32/libarch__arm__core__aarch32.a(nmi.c.obj)
                              (--whole-archive)
zephyr/arch/arch/arm/core/aarch32/libarch__arm__core__aarch32.a(nmi_on_reset.S.obj)
                              (--whole-archive)
zephyr/arch/arch/arm/core/aarch32/libarch__arm__core__aarch32.a(prep_c.c.obj)
                              (--whole-archive)
zephyr/arch/arch/arm/core/aarch32/libarch__arm__core__aarch32.a(swap.c.obj)
                              (--whole-archive)
zephyr/arch/arch/arm/core/aarch32/libarch__arm__core__aarch32.a(swap_helper.S.obj)
                              (--whole-archive)
zephyr/arch/arch/arm/core/aarch32/libarch__arm__core__aarch32.a(thread.c.obj)
[...]
Memory Configuration

Name             Origin             Length             Attributes
FLASH            0x0000000000000000 0x0000000000100000 xr
SRAM             0x0000000020000000 0x0000000000040000 xw
IDT_LIST         0x00000000fffff7ff 0x0000000000000800 xw
*default*        0x0000000000000000 0xffffffffffffffff

Linker script and memory map

LOAD zephyr/CMakeFiles/zephyr_final.dir/misc/empty_file.c.obj
LOAD zephyr/CMakeFiles/zephyr_final.dir/dev_handles.c.obj
LOAD zephyr/CMakeFiles/zephyr_final.dir/isr_tables.c.obj
LOAD zephyr/CMakeFiles/offsets.dir/./arch/arm/core/offsets/offsets.c.obj
                0x0000000000000020                _region_min_align = 0x20

.rel.plt        0x0000000000000000        0x0
 *(SORT_BY_ALIGNMENT(.rel.plt))
                [!provide]                        PROVIDE (__rel_iplt_start = .)
 *(SORT_BY_ALIGNMENT(.rel.iplt))
 .rel.iplt      0x0000000000000000        0x0 zephyr/CMakeFiles/zephyr_final.dir/isr_tables.c.obj
                [!provide]                        PROVIDE (__rel_iplt_end = .)

.rela.plt       0x0000000000000000        0x0
 *(SORT_BY_ALIGNMENT(.rela.plt))
                [!provide]                        PROVIDE (__rela_iplt_start = .)
 *(SORT_BY_ALIGNMENT(.rela.iplt))
                [!provide]                        PROVIDE (__rela_iplt_end = .)

.rel.dyn
 *(SORT_BY_ALIGNMENT(.rel.*))

.rela.dyn
 *(SORT_BY_ALIGNMENT(.rela.*))

/DISCARD/
 *(SORT_BY_ALIGNMENT(.plt))
 *(SORT_BY_ALIGNMENT(.iplt))
 *(SORT_BY_ALIGNMENT(.got.plt))
 *(SORT_BY_ALIGNMENT(.igot.plt))
 *(SORT_BY_ALIGNMENT(.got))
 *(SORT_BY_ALIGNMENT(.igot))
 *(SORT_BY_ALIGNMENT(.irq_info*))
 *(SORT_BY_ALIGNMENT(.intList*))
 *(SORT_BY_ALIGNMENT(.note.GNU-stack))
                0x0000000000000000                __rom_region_start = 0x0

rom_start       0x0000000000000000      0x100
                0x0000000000000000                . = 0x0
                0x0000000000000000                . = ALIGN (0x4)
                0x0000000000000000                . = ALIGN (0x80)
                0x0000000000000000                . = ALIGN (0x100)
                0x0000000000000000                _vector_start = .
 *(SORT_BY_ALIGNMENT(.exc_vector_table))
 *(SORT_BY_ALIGNMENT(.exc_vector_table.*))
 .exc_vector_table._vector_table_section
                0x0000000000000000       0x40 zephyr/arch/arch/arm/core/aarch32/cortex_m/libarch__arm__core__aarch32__cortex_m.a(vector_table.S.obj)
                0x0000000000000000                _vector_table
 *(SORT_BY_ALIGNMENT(.gnu.linkonce.irq_vector_table*))
 .gnu.linkonce.irq_vector_table
                0x0000000000000040       0xc0 zephyr/CMakeFiles/zephyr_final.dir/isr_tables.c.obj
                0x0000000000000040                _irq_vector_table
 *(SORT_BY_ALIGNMENT(.vectors))
                0x0000000000000100                _vector_end = .

text            0x0000000000000100     0xd3b8
                0x0000000000000100                __text_region_start = .
 *(SORT_BY_ALIGNMENT(.text))
 .text          0x0000000000000100       0xa0 /home/surya16p/zephyr-sdk-0.13.2/arm-zephyr-eabi/arm-zephyr-eabi/lib/thumb/v7e-m/nofp/libc_nano.a(lib_a-memchr.o)
                0x0000000000000100                memchr
 .text          0x00000000000001a0      0x378 /home/surya16p/zephyr-sdk-0.13.2/arm-zephyr-eabi/bin/../lib/gcc/arm-zephyr-eabi/10.3.0/thumb/v7e-m/nofp/libgcc.a(_arm_addsubdf3.o)
                0x00000000000001a0                __aeabi_drsub
                0x00000000000001a8                __aeabi_dsub
                0x00000000000001a8                __subdf3
                0x00000000000001ac                __adddf3
                0x00000000000001ac                __aeabi_dadd
                0x0000000000000424                __aeabi_ui2d
                0x0000000000000424                __floatunsidf
                0x0000000000000444                __floatsidf
                0x0000000000000444                __aeabi_i2d
                0x0000000000000468                __extendsfdf2
                0x0000000000000468                __aeabi_f2d
                0x00000000000004ac                __aeabi_ul2d
                0x00000000000004ac                __floatundidf
                0x00000000000004bc                __floatdidf
                0x00000000000004bc                __aeabi_l2d
 .text          0x0000000000000518      0x424 /home/surya16p/zephyr-sdk-0.13.2/arm-zephyr-eabi/bin/../lib/gcc/arm-zephyr-eabi/10.3.0/thumb/v7e-m/nofp/libgcc.a(_arm_muldivdf3.o)
                0x0000000000000518                __aeabi_dmul
                0x0000000000000518                __muldf3
                0x000000000000076c                __aeabi_ddiv
                0x000000000000076c                __divdf3
 .text          0x000000000000093c       0x30 /home/surya16p/zephyr-sdk-0.13.2/arm-zephyr-eabi/bin/../lib/gcc/arm-zephyr-eabi/10.3.0/thumb/v7e-m/nofp/libgcc.a(_aeabi_uldivmod.o)
                0x000000000000093c                __aeabi_uldivmod
 .text          0x000000000000096c        0x4 /home/surya16p/zephyr-sdk-0.13.2/arm-zephyr-eabi/bin/../lib/gcc/arm-zephyr-eabi/10.3.0/thumb/v7e-m/nofp/libgcc.a(_dvmd_tls.o)
                0x000000000000096c                __aeabi_ldiv0
                0x000000000000096c                __aeabi_idiv0
 .text          0x0000000000000970      0x110 /home/surya16p/zephyr-sdk-0.13.2/arm-zephyr-eabi/bin/../lib/gcc/arm-zephyr-eabi/10.3.0/thumb/v7e-m/nofp/libgcc.a(_arm_cmpdf2.o)
                0x0000000000000970                __gtdf2
                0x0000000000000970                __gedf2
                0x0000000000000978                __ltdf2
                0x0000000000000978                __ledf2
                0x0000000000000980                __cmpdf2
                0x0000000000000980                __eqdf2
                0x0000000000000980                __nedf2
                0x00000000000009fc                __aeabi_cdrcmple
                0x0000000000000a0c                __aeabi_cdcmple
                0x0000000000000a0c                __aeabi_cdcmpeq
                0x0000000000000a1c                __aeabi_dcmpeq
                0x0000000000000a30                __aeabi_dcmplt
                0x0000000000000a44                __aeabi_dcmple
                0x0000000000000a58                __aeabi_dcmpge
                0x0000000000000a6c                __aeabi_dcmpgt
 .text          0x0000000000000a80       0x2c /home/surya16p/zephyr-sdk-0.13.2/arm-zephyr-eabi/bin/../lib/gcc/arm-zephyr-eabi/10.3.0/thumb/v7e-m/nofp/libgcc.a(_arm_unorddf2.o)
                0x0000000000000a80                __aeabi_dcmpun
                0x0000000000000a80                __unorddf2
 .text          0x0000000000000aac       0x50 /home/surya16p/zephyr-sdk-0.13.2/arm-zephyr-eabi/bin/../lib/gcc/arm-zephyr-eabi/10.3.0/thumb/v7e-m/nofp/libgcc.a(_arm_fixdfsi.o)
                0x0000000000000aac                __fixdfsi
                0x0000000000000aac                __aeabi_d2iz
 .text          0x0000000000000afc      0x2a6 /home/surya16p/zephyr-sdk-0.13.2/arm-zephyr-eabi/bin/../lib/gcc/arm-zephyr-eabi/10.3.0/thumb/v7e-m/nofp/libgcc.a(_udivmoddi4.o)
                0x0000000000000afc                __udivmoddi4
 .text          0x0000000000000da2       0x14 /home/surya16p/zephyr-sdk-0.13.2/arm-zephyr-eabi/arm-zephyr-eabi/lib/thumb/v7e-m/nofp/libc_nano.a(lib_a-strcmp.o)
                0x0000000000000da2                strcmp
 .text          0x0000000000000db6       0x10 /home/surya16p/zephyr-sdk-0.13.2/arm-zephyr-eabi/arm-zephyr-eabi/lib/thumb/v7e-m/nofp/libc_nano.a(lib_a-strlen.o)
                0x0000000000000db6                strlen
 *(SORT_BY_ALIGNMENT(.text.*))
 *fill*         0x0000000000000dc6        0x2 
 .text.sensor   0x0000000000000dc8      0x1b8 app/libapp.a(main.c.obj)
                0x0000000000000dc8                sensor
 .text._dtoa_r  0x0000000000000f80      0xbdc /home/surya16p/zephyr-sdk-0.13.2/arm-zephyr-eabi/arm-zephyr-eabi/lib/thumb/v7e-m/nofp/libc_nano.a(lib_a-dtoa.o)
                0x0000000000000f80                _dtoa_r
 .text.my_timer_handler
                0x0000000000001b5c        0xc app/libapp.a(main.c.obj)
 .text.i2c_write_read.constprop.0
                0x0000000000001b68       0x30 app/libapp.a(main.c.obj)
 .text.func     0x0000000000001b98       0x30 app/libapp.a(main.c.obj)
                0x0000000000001b98                func
 .text.char_out
                0x0000000000001bc8       0x10 zephyr/libzephyr.a(printk.c.obj)
 .text.__printk_hook_install
                0x0000000000001bd8        0xc zephyr/libzephyr.a(printk.c.obj)
                0x0000000000001bd8                __printk_hook_install
 .text.vprintk  0x0000000000001be4       0x1c zephyr/libzephyr.a(printk.c.obj)
                0x0000000000001be4                vprintk
 .text.vsnprintk
                0x0000000000001c00       0x28 zephyr/libzephyr.a(printk.c.obj)
                0x0000000000001c00                vsnprintk
 .text.process_event
                0x0000000000001c28      0x1c0 zephyr/libzephyr.a(onoff.c.obj)
 .text.extract_decimal
                0x0000000000001de8       0x28 zephyr/libzephyr.a(cbprintf_complete.c.obj)
 .text.encode_uint
                0x0000000000001e10       0x98 zephyr/libzephyr.a(cbprintf_complete.c.obj)
 .text.cbvprintf
                0x0000000000001ea8      0xcbc zephyr/libzephyr.a(cbprintf_complete.c.obj)
                0x0000000000001ea8                cbvprintf
 .text.foldcase
                0x0000000000002b64       0x18 zephyr/libzephyr.a(fnmatch.c.obj)
 .text.cmd_kernel_version
                0x0000000000002b7c       0x2c zephyr/libzephyr.a(kernel_service.c.obj)
 .text.cmd_kernel_uptime
                0x0000000000002ba8       0x2c zephyr/libzephyr.a(kernel_service.c.obj)
 .text.cmd_kernel_threads
                0x0000000000002bd4       0x38 zephyr/libzephyr.a(kernel_service.c.obj)
 .text.cmd_kernel_stacks
                0x0000000000002c0c       0x60 zephyr/libzephyr.a(kernel_service.c.obj)
 .text.shell_tdata_dump
                0x0000000000002c6c       0xc4 zephyr/libzephyr.a(kernel_service.c.obj)
 .text.cmd_kernel_cycles
                0x0000000000002d30       0x1c zephyr/libzephyr.a(kernel_service.c.obj)
 .text.shell_stack_dump
                0x0000000000002d4c       0x64 zephyr/libzephyr.a(kernel_service.c.obj)
 .text.get_device_name
                0x0000000000002db0       0x20 zephyr/libzephyr.a(device_service.c.obj)
 .text.cmd_device_list_visitor
                0x0000000000002dd0       0x20 zephyr/libzephyr.a(device_service.c.obj)
 .text.cmd_device_list
                0x0000000000002df0       0x98 zephyr/libzephyr.a(device_service.c.obj)
 .text.device_get_config_level
                0x0000000000002e88       0x54 zephyr/libzephyr.a(device_service.c.obj)
 .text.cmd_device_levels
                0x0000000000002edc       0x94 zephyr/libzephyr.a(device_service.c.obj)
 .text.cmd_devmem
                0x0000000000002f70       0xc4 zephyr/libzephyr.a(devmem_service.c.obj)
 .text.set_bypass.isra.0
                0x0000000000003034       0x48 zephyr/libzephyr.a(devmem_service.c.obj)
 .text.bypass_cb
                0x000000000000307c      0x118 zephyr/libzephyr.a(devmem_service.c.obj)
 .text.cmd_load
                0x0000000000003194       0xe0 zephyr/libzephyr.a(devmem_service.c.obj)
 .text.init     0x0000000000003274       0x44 zephyr/libzephyr.a(shell_uart.c.obj)
 .text.enable_shell_uart
                0x00000000000032b8       0x34 zephyr/libzephyr.a(shell_uart.c.obj)
 .text.shell_internal_help_print
                0x00000000000032ec       0x20 zephyr/libzephyr.a(shell.c.obj)
 .text.z_cursor_next_line_move.isra.0
                0x000000000000330c        0xc zephyr/libzephyr.a(shell.c.obj)
 .text.history_handle
                0x0000000000003318       0xa4 zephyr/libzephyr.a(shell.c.obj)
 .text.execute  0x00000000000033bc      0x2bc zephyr/libzephyr.a(shell.c.obj)
 .text.state_set.constprop.0
                0x0000000000003678       0x48 zephyr/libzephyr.a(shell.c.obj)
 .text.shell_process
                0x00000000000036c0      0x690 zephyr/libzephyr.a(shell.c.obj)
                0x00000000000036c0                shell_process
 .text.shell_init
                0x0000000000003d50       0xf0 zephyr/libzephyr.a(shell.c.obj)
                0x0000000000003d50                shell_init
 .text.shell_start
                0x0000000000003e40       0x4c zephyr/libzephyr.a(shell.c.obj)
                0x0000000000003e40                shell_start
 .text.shell_thread
                0x0000000000003e8c       0xa0 zephyr/libzephyr.a(shell.c.obj)
                0x0000000000003e8c                shell_thread
 .text.cmd_help
                0x0000000000003f2c       0x4c zephyr/libzephyr.a(shell.c.obj)
 .text.shell_hexdump_line
                0x0000000000003f78       0xd8 zephyr/libzephyr.a(shell.c.obj)
                0x0000000000003f78                shell_hexdump_line
 .text.z_shell_fprintf_fmt
                0x0000000000004050       0x28 zephyr/libzephyr.a(shell_fprintf.c.obj)
                0x0000000000004050                z_shell_fprintf_fmt
 .text.z_shell_make_argv
                0x0000000000004078      0x190 zephyr/libzephyr.a(shell_utils.c.obj)
                0x0000000000004078                z_shell_make_argv
 .text.z_shell_cmd_get
                0x0000000000004208       0x4c zephyr/libzephyr.a(shell_utils.c.obj)
                0x0000000000004208                z_shell_cmd_get
 .text.z_shell_spaces_trim
                0x0000000000004254       0x74 zephyr/libzephyr.a(shell_utils.c.obj)
                0x0000000000004254                z_shell_spaces_trim
 .text.z_shell_cmd_trim
                0x00000000000042c8       0x6c zephyr/libzephyr.a(shell_utils.c.obj)
                0x00000000000042c8                z_shell_cmd_trim
 .text.z_clear_eos
                0x0000000000004334       0x18 zephyr/libzephyr.a(shell_ops.c.obj)
 .text.z_cursor_next_line_move.isra.0
                0x000000000000434c        0xc zephyr/libzephyr.a(shell_ops.c.obj)
 .text.z_shell_op_cursor_vert_move
                0x0000000000004358       0x2c zephyr/libzephyr.a(shell_ops.c.obj)
                0x0000000000004358                z_shell_op_cursor_vert_move
 .text.z_shell_op_cursor_horiz_move
                0x0000000000004384       0x2c zephyr/libzephyr.a(shell_ops.c.obj)
                0x0000000000004384                z_shell_op_cursor_horiz_move
 .text.z_shell_op_cursor_word_move
                0x00000000000043b0       0x74 zephyr/libzephyr.a(shell_ops.c.obj)
                0x00000000000043b0                z_shell_op_cursor_word_move
 .text.z_shell_print_cmd
                0x0000000000004424       0x10 zephyr/libzephyr.a(shell_ops.c.obj)
                0x0000000000004424                z_shell_print_cmd
 .text.z_shell_vt100_color_set
                0x0000000000004434       0x40 zephyr/libzephyr.a(shell_ops.c.obj)
                0x0000000000004434                z_shell_vt100_color_set
 .text.z_shell_vt100_colors_restore
                0x0000000000004474       0x3c zephyr/libzephyr.a(shell_ops.c.obj)
                0x0000000000004474                z_shell_vt100_colors_restore
 .text.z_shell_op_word_remove
                0x00000000000044b0       0xb8 zephyr/libzephyr.a(shell_ops.c.obj)
                0x00000000000044b0                z_shell_op_word_remove
 .text.reprint_from_cursor
                0x0000000000004568       0x78 zephyr/libzephyr.a(shell_ops.c.obj)
 .text.z_shell_op_char_insert
                0x00000000000045e0       0x68 zephyr/libzephyr.a(shell_ops.c.obj)
                0x00000000000045e0                z_shell_op_char_insert
 .text.z_shell_print_prompt_and_cmd
                0x0000000000004648       0x30 zephyr/libzephyr.a(shell_ops.c.obj)
                0x0000000000004648                z_shell_print_prompt_and_cmd
 .text.z_cursor_next_line_move.isra.0
                0x0000000000004678        0xc zephyr/libzephyr.a(shell_help.c.obj)
 .text.formatted_text_print.constprop.0
                0x0000000000004684       0xe8 zephyr/libzephyr.a(shell_help.c.obj)
 .text.z_shell_help_subcmd_print
                0x000000000000476c       0xf0 zephyr/libzephyr.a(shell_help.c.obj)
                0x000000000000476c                z_shell_help_subcmd_print
 .text.z_shell_help_cmd_print
                0x000000000000485c       0x48 zephyr/libzephyr.a(shell_help.c.obj)
                0x000000000000485c                z_shell_help_cmd_print
 .text.z_shell_help_request
                0x00000000000048a4       0x28 zephyr/libzephyr.a(shell_help.c.obj)
                0x00000000000048a4                z_shell_help_request
 .text.cmd_resize_default
                0x00000000000048cc       0x28 zephyr/libzephyr.a(shell_cmds.c.obj)
 .text.cmd_shell_stats_show
                0x00000000000048f4       0x18 zephyr/libzephyr.a(shell_cmds.c.obj)
 .text.cmd_history
                0x000000000000490c       0x44 zephyr/libzephyr.a(shell_cmds.c.obj)
 .text.cmd_echo
                0x0000000000004950       0x58 zephyr/libzephyr.a(shell_cmds.c.obj)
 .text.cmd_clear
                0x00000000000049a8       0x34 zephyr/libzephyr.a(shell_cmds.c.obj)
 .text.cmd_resize
                0x00000000000049dc      0x190 zephyr/libzephyr.a(shell_cmds.c.obj)
 .text.z_shell_wildcard_process
                0x0000000000004b6c       0xe8 zephyr/libzephyr.a(shell_wildcard.c.obj)
                0x0000000000004b6c                z_shell_wildcard_process
 .text.pm_state_notify
                0x0000000000004c54       0x5c zephyr/libzephyr.a(pm.c.obj)
 .text.atomic_test_and_set_bit.constprop.0
                0x0000000000004cb0       0x38 zephyr/libzephyr.a(pm.c.obj)
 .text.pm_system_resume
                0x0000000000004ce8       0x88 zephyr/libzephyr.a(pm.c.obj)
                0x0000000000004ce8                pm_system_resume
 .text.pm_system_suspend
                0x0000000000004d70      0x100 zephyr/libzephyr.a(pm.c.obj)
                0x0000000000004d70                pm_system_suspend
 .text.z_arm_cpu_idle_init
                0x0000000000004e70        0xc zephyr/arch/arch/arm/core/aarch32/libarch__arm__core__aarch32.a(cpu_idle.S.obj)
                0x0000000000004e70                z_arm_cpu_idle_init
 .text.arch_cpu_idle
                0x0000000000004e7c       0x1c zephyr/arch/arch/arm/core/aarch32/libarch__arm__core__aarch32.a(cpu_idle.S.obj)
                0x0000000000004e7c                arch_cpu_idle
 .text.arch_cpu_atomic_idle
                0x0000000000004e98       0x14 zephyr/arch/arch/arm/core/aarch32/libarch__arm__core__aarch32.a(cpu_idle.S.obj)
                0x0000000000004e98                arch_cpu_atomic_idle
 .text.arch_irq_enable
                0x0000000000004eac       0x20 zephyr/arch/arch/arm/core/aarch32/libarch__arm__core__aarch32.a(irq_manage.c.obj)
                0x0000000000004eac                arch_irq_enable
 .text.arch_irq_is_enabled
                0x0000000000004ecc       0x1c zephyr/arch/arch/arm/core/aarch32/libarch__arm__core__aarch32.a(irq_manage.c.obj)
                0x0000000000004ecc                arch_irq_is_enabled
 .text.z_arm_irq_priority_set
                0x0000000000004ee8       0x30 zephyr/arch/arch/arm/core/aarch32/libarch__arm__core__aarch32.a(irq_manage.c.obj)
                0x0000000000004ee8                z_arm_irq_priority_set
 .text.z_SysNmiOnReset
                0x0000000000004f18        0x8 zephyr/arch/arch/arm/core/aarch32/libarch__arm__core__aarch32.a(nmi_on_reset.S.obj)
                0x0000000000004f18                z_SysNmiOnReset
 .text.z_arm_prep_c
                0x0000000000004f20       0x48 zephyr/arch/arch/arm/core/aarch32/libarch__arm__core__aarch32.a(prep_c.c.obj)
                0x0000000000004f20                z_arm_prep_c
 .text.arch_swap
                0x0000000000004f68       0x38 zephyr/arch/arch/arm/core/aarch32/libarch__arm__core__aarch32.a(swap.c.obj)
                0x0000000000004f68                arch_swap
 .text.z_arm_pendsv
                0x0000000000004fa0       0x58 zephyr/arch/arch/arm/core/aarch32/libarch__arm__core__aarch32.a(swap_helper.S.obj)
                0x0000000000004fa0                z_arm_pendsv
 .text.z_arm_svc
                0x0000000000004ff8       0x20 zephyr/arch/arch/arm/core/aarch32/libarch__arm__core__aarch32.a(swap_helper.S.obj)
                0x0000000000004ff8                z_arm_svc
 .text.arch_new_thread
                0x0000000000005018       0x38 zephyr/arch/arch/arm/core/aarch32/libarch__arm__core__aarch32.a(thread.c.obj)
                0x0000000000005018                arch_new_thread
 .text.z_check_thread_stack_fail
                0x0000000000005050       0x30 zephyr/arch/arch/arm/core/aarch32/libarch__arm__core__aarch32.a(thread.c.obj)
                0x0000000000005050                z_check_thread_stack_fail
 .text.arch_switch_to_main_thread
                0x0000000000005080       0x2c zephyr/arch/arch/arm/core/aarch32/libarch__arm__core__aarch32.a(thread.c.obj)
                0x0000000000005080                arch_switch_to_main_thread
 .text._isr_wrapper
                0x00000000000050ac       0x40 zephyr/arch/arch/arm/core/aarch32/libarch__arm__core__aarch32.a(isr_wrapper.S.obj)
                0x00000000000050ac                _isr_wrapper
 .text._HandlerModeExit
                0x00000000000050ec       0x1c zephyr/arch/arch/arm/core/aarch32/cortex_m/libarch__arm__core__aarch32__cortex_m.a(exc_exit.S.obj)
                0x00000000000050ec                z_arm_exc_exit
                0x00000000000050ec                z_arm_int_exit
 .text.mem_manage_fault
                0x0000000000005108       0x6c zephyr/arch/arch/arm/core/aarch32/cortex_m/libarch__arm__core__aarch32__cortex_m.a(fault.c.obj)
 .text.bus_fault.constprop.0
                0x0000000000005174       0x3c zephyr/arch/arch/arm/core/aarch32/cortex_m/libarch__arm__core__aarch32__cortex_m.a(fault.c.obj)
 .text.z_arm_fault
                0x00000000000051b0      0x134 zephyr/arch/arch/arm/core/aarch32/cortex_m/libarch__arm__core__aarch32__cortex_m.a(fault.c.obj)
                0x00000000000051b0                z_arm_fault
 .text.z_arm_fault_init
                0x00000000000052e4       0x10 zephyr/arch/arch/arm/core/aarch32/cortex_m/libarch__arm__core__aarch32__cortex_m.a(fault.c.obj)
                0x00000000000052e4                z_arm_fault_init
 .text.__fault  0x00000000000052f4       0x14 zephyr/arch/arch/arm/core/aarch32/cortex_m/libarch__arm__core__aarch32__cortex_m.a(fault_s.S.obj)
                0x00000000000052f4                z_arm_bus_fault
                0x00000000000052f4                z_arm_usage_fault
                0x00000000000052f4                z_arm_mpu_fault
                0x00000000000052f4                z_arm_exc_spurious
                0x00000000000052f4                z_arm_debug_monitor
                0x00000000000052f4                z_arm_hard_fault
 .text.z_arm_interrupt_init
                0x0000000000005308       0x18 zephyr/arch/arch/arm/core/aarch32/cortex_m/libarch__arm__core__aarch32__cortex_m.a(irq_init.c.obj)
                0x0000000000005308                z_arm_interrupt_init
 .text._reset_section
                0x0000000000005320       0x3c zephyr/arch/arch/arm/core/aarch32/cortex_m/libarch__arm__core__aarch32__cortex_m.a(reset.S.obj)
                0x0000000000005320                z_arm_reset
                0x0000000000005320                __start
 .text.z_impl_k_thread_abort
                0x000000000000535c       0x24 zephyr/arch/arch/arm/core/aarch32/cortex_m/libarch__arm__core__aarch32__cortex_m.a(thread_abort.c.obj)
                0x000000000000535c                z_impl_k_thread_abort
 .text.z_arm_configure_static_mpu_regions
                0x0000000000005380       0x18 zephyr/arch/arch/arm/core/aarch32/mpu/libarch__arm__core__aarch32__mpu.a(arm_core_mpu.c.obj)
                0x0000000000005380                z_arm_configure_static_mpu_regions
 .text.z_arm_configure_dynamic_mpu_regions
                0x0000000000005398       0x24 zephyr/arch/arch/arm/core/aarch32/mpu/libarch__arm__core__aarch32__mpu.a(arm_core_mpu.c.obj)
                0x0000000000005398                z_arm_configure_dynamic_mpu_regions
 .text.mpu_configure_regions
                0x00000000000053bc       0x84 zephyr/arch/arch/arm/core/aarch32/mpu/libarch__arm__core__aarch32__mpu.a(arm_mpu.c.obj)
 .text.arm_core_mpu_enable
                0x0000000000005440       0x18 zephyr/arch/arch/arm/core/aarch32/mpu/libarch__arm__core__aarch32__mpu.a(arm_mpu.c.obj)
                0x0000000000005440                arm_core_mpu_enable
 .text.arm_core_mpu_disable
                0x0000000000005458       0x14 zephyr/arch/arch/arm/core/aarch32/mpu/libarch__arm__core__aarch32__mpu.a(arm_mpu.c.obj)
                0x0000000000005458                arm_core_mpu_disable
 .text.arm_core_mpu_configure_static_mpu_regions
                0x000000000000546c       0x14 zephyr/arch/arch/arm/core/aarch32/mpu/libarch__arm__core__aarch32__mpu.a(arm_mpu.c.obj)
                0x000000000000546c                arm_core_mpu_configure_static_mpu_regions
 .text.arm_core_mpu_configure_dynamic_mpu_regions
                0x0000000000005480       0x30 zephyr/arch/arch/arm/core/aarch32/mpu/libarch__arm__core__aarch32__mpu.a(arm_mpu.c.obj)
                0x0000000000005480                arm_core_mpu_configure_dynamic_mpu_regions
 .text.z_arm_mpu_init
                0x00000000000054b0       0x60 zephyr/arch/arch/arm/core/aarch32/mpu/libarch__arm__core__aarch32__mpu.a(arm_mpu.c.obj)
                0x00000000000054b0                z_arm_mpu_init
 .text.__stdout_hook_install
                0x0000000000005510        0xc zephyr/lib/libc/newlib/liblib__libc__newlib.a(libc-hooks.c.obj)
                0x0000000000005510                __stdout_hook_install
 .text.z_impl_zephyr_read_stdin
                0x000000000000551c       0x28 zephyr/lib/libc/newlib/liblib__libc__newlib.a(libc-hooks.c.obj)
                0x000000000000551c                z_impl_zephyr_read_stdin
 .text.z_impl_zephyr_write_stdout
                0x0000000000005544       0x30 zephyr/lib/libc/newlib/liblib__libc__newlib.a(libc-hooks.c.obj)
                0x0000000000005544                z_impl_zephyr_write_stdout
 .text._exit    0x0000000000005574       0x10 zephyr/lib/libc/newlib/liblib__libc__newlib.a(libc-hooks.c.obj)
                0x0000000000005574                _exit
 .text._sbrk    0x0000000000005584       0x28 zephyr/lib/libc/newlib/liblib__libc__newlib.a(libc-hooks.c.obj)
                0x0000000000005584                _sbrk
                0x0000000000005584                sbrk
 .text.nordicsemi_nrf52_init
                0x00000000000055ac       0x28 zephyr/soc/arm/nordic_nrf/nrf52/libsoc__arm__nordic_nrf__nrf52.a(soc.c.obj)
 .text.arch_busy_wait
                0x00000000000055d4       0x14 zephyr/soc/arm/nordic_nrf/nrf52/libsoc__arm__nordic_nrf__nrf52.a(soc.c.obj)
                0x00000000000055d4                arch_busy_wait
 .text.bmd345_fem_init
                0x00000000000055e8       0x30 zephyr/boards/arm/ubx_bmd345eval_nrf52840/libboards__arm__ubx_bmd345eval_nrf52840.a(board.c.obj)
 .text.onoff_stop
                0x0000000000005618       0x30 zephyr/drivers/clock_control/libdrivers__clock_control.a(clock_control_nrf.c.obj)
 .text.onoff_start
                0x0000000000005648       0x44 zephyr/drivers/clock_control/libdrivers__clock_control.a(clock_control_nrf.c.obj)
 .text.hfclk_start
                0x000000000000568c       0x30 zephyr/drivers/clock_control/libdrivers__clock_control.a(clock_control_nrf.c.obj)
 .text.clk_init
                0x00000000000056bc       0x60 zephyr/drivers/clock_control/libdrivers__clock_control.a(clock_control_nrf.c.obj)
 .text.clkstarted_handle.constprop.0
                0x000000000000571c       0x34 zephyr/drivers/clock_control/libdrivers__clock_control.a(clock_control_nrf.c.obj)
 .text.clock_event_handler
                0x0000000000005750       0x1c zephyr/drivers/clock_control/libdrivers__clock_control.a(clock_control_nrf.c.obj)
 .text.generic_hfclk_start
                0x000000000000576c       0x60 zephyr/drivers/clock_control/libdrivers__clock_control.a(clock_control_nrf.c.obj)
 .text.api_blocking_start
                0x00000000000057cc       0x3c zephyr/drivers/clock_control/libdrivers__clock_control.a(clock_control_nrf.c.obj)
 .text.cmd_status
                0x0000000000005808       0xf8 zephyr/drivers/clock_control/libdrivers__clock_control.a(clock_control_nrf.c.obj)
 .text.hfclk_stop
                0x0000000000005900       0x30 zephyr/drivers/clock_control/libdrivers__clock_control.a(clock_control_nrf.c.obj)
 .text.generic_hfclk_stop
                0x0000000000005930       0x28 zephyr/drivers/clock_control/libdrivers__clock_control.a(clock_control_nrf.c.obj)
 .text.z_nrf_clock_control_lf_on
                0x0000000000005958      0x100 zephyr/drivers/clock_control/libdrivers__clock_control.a(clock_control_nrf.c.obj)
                0x0000000000005958                z_nrf_clock_control_lf_on
 .text.uart_console_init
                0x0000000000005a58       0x30 zephyr/drivers/console/libdrivers__console.a(uart_console.c.obj)
 .text.console_out
                0x0000000000005a88       0x28 zephyr/drivers/console/libdrivers__console.a(uart_console.c.obj)
 .text.gpio_nrfx_pin_interrupt_configure
                0x0000000000005ab0       0xd4 zephyr/drivers/gpio/libdrivers__gpio.a(gpio_nrfx.c.obj)
 .text.gpio_nrfx_init
                0x0000000000005b84       0x38 zephyr/drivers/gpio/libdrivers__gpio.a(gpio_nrfx.c.obj)
 .text.nrfx_gpio_handler
                0x0000000000005bbc       0x44 zephyr/drivers/gpio/libdrivers__gpio.a(gpio_nrfx.c.obj)
 .text.gpio_nrfx_pin_configure
                0x0000000000005c00      0x13c zephyr/drivers/gpio/libdrivers__gpio.a(gpio_nrfx.c.obj)
 .text.device_name_get
                0x0000000000005d3c       0x20 zephyr/drivers/i2c/libdrivers__i2c.a(i2c_shell.c.obj)
 .text.cmd_i2c_write_byte
                0x0000000000005d5c       0x8c zephyr/drivers/i2c/libdrivers__i2c.a(i2c_shell.c.obj)
 .text.cmd_i2c_read
                0x0000000000005de8       0xc0 zephyr/drivers/i2c/libdrivers__i2c.a(i2c_shell.c.obj)
 .text.cmd_i2c_scan
                0x0000000000005ea8       0xe4 zephyr/drivers/i2c/libdrivers__i2c.a(i2c_shell.c.obj)
 .text.cmd_i2c_recover
                0x0000000000005f8c       0x4c zephyr/drivers/i2c/libdrivers__i2c.a(i2c_shell.c.obj)
 .text.cmd_i2c_read_byte
                0x0000000000005fd8       0xa8 zephyr/drivers/i2c/libdrivers__i2c.a(i2c_shell.c.obj)
 .text.cmd_i2c_write
                0x0000000000006080       0xc8 zephyr/drivers/i2c/libdrivers__i2c.a(i2c_shell.c.obj)
 .text.i2c_nrfx_twi_recover_bus
                0x0000000000006148       0x20 zephyr/drivers/i2c/libdrivers__i2c.a(i2c_nrfx_twi.c.obj)
 .text.twi_0_init
                0x0000000000006168       0x34 zephyr/drivers/i2c/libdrivers__i2c.a(i2c_nrfx_twi.c.obj)
 .text.event_handler
                0x000000000000619c       0x34 zephyr/drivers/i2c/libdrivers__i2c.a(i2c_nrfx_twi.c.obj)
 .text.i2c_nrfx_twi_transfer
                0x00000000000061d0       0xf8 zephyr/drivers/i2c/libdrivers__i2c.a(i2c_nrfx_twi.c.obj)
 .text.nrf_gpio_pin_port_decode
                0x00000000000062c8       0x1c zephyr/drivers/serial/libdrivers__serial.a(uart_nrfx_uarte.c.obj)
 .text.uarte_nrfx_configure
                0x00000000000062e4      0x164 zephyr/drivers/serial/libdrivers__serial.a(uart_nrfx_uarte.c.obj)
 .text.uarte_nrfx_poll_out
                0x0000000000006448       0x94 zephyr/drivers/serial/libdrivers__serial.a(uart_nrfx_uarte.c.obj)
 .text.uarte_0_init
                0x00000000000064dc      0x17c zephyr/drivers/serial/libdrivers__serial.a(uart_nrfx_uarte.c.obj)
 .text.sys_clock_timeout_handler
                0x0000000000006658       0x18 zephyr/drivers/timer/libdrivers__timer.a(nrf_rtc_timer.c.obj)
 .text.sys_clock_driver_init
                0x0000000000006670       0x4c zephyr/drivers/timer/libdrivers__timer.a(nrf_rtc_timer.c.obj)
 .text.set_absolute_alarm
                0x00000000000066bc       0x94 zephyr/drivers/timer/libdrivers__timer.a(nrf_rtc_timer.c.obj)
 .text.rtc_nrf_isr
                0x0000000000006750       0x60 zephyr/drivers/timer/libdrivers__timer.a(nrf_rtc_timer.c.obj)
                0x0000000000006750                rtc_nrf_isr
 .text.sys_clock_set_timeout
                0x00000000000067b0       0x64 zephyr/drivers/timer/libdrivers__timer.a(nrf_rtc_timer.c.obj)
                0x00000000000067b0                sys_clock_set_timeout
 .text.sys_clock_elapsed
                0x0000000000006814       0x1c zephyr/drivers/timer/libdrivers__timer.a(nrf_rtc_timer.c.obj)
                0x0000000000006814                sys_clock_elapsed
 .text.sys_clock_cycle_get_32
                0x0000000000006830       0x34 zephyr/drivers/timer/libdrivers__timer.a(nrf_rtc_timer.c.obj)
                0x0000000000006830                sys_clock_cycle_get_32
 .text.nrf52_errata_98
                0x0000000000006864       0x24 modules/hal_nordic/nrfx/libmodules__hal_nordic__nrfx.a(system_nrf52840.c.obj)
 .text.nvmc_wait
                0x0000000000006888       0x10 modules/hal_nordic/nrfx/libmodules__hal_nordic__nrfx.a(system_nrf52840.c.obj)
                0x0000000000006888                nvmc_wait
 .text.SystemInit
                0x0000000000006898      0x1d4 modules/hal_nordic/nrfx/libmodules__hal_nordic__nrfx.a(system_nrf52840.c.obj)
                0x0000000000006898                SystemInit
 .text.nrfx_flag32_alloc
                0x0000000000006a6c       0x48 modules/hal_nordic/nrfx/libmodules__hal_nordic__nrfx.a(nrfx_flag32_allocator.c.obj)
                0x0000000000006a6c                nrfx_flag32_alloc
 .text.nrfx_flag32_free
                0x0000000000006ab4       0x44 modules/hal_nordic/nrfx/libmodules__hal_nordic__nrfx.a(nrfx_flag32_allocator.c.obj)
                0x0000000000006ab4                nrfx_flag32_free
 .text.nrfx_clock_init
                0x0000000000006af8       0x20 modules/hal_nordic/nrfx/libmodules__hal_nordic__nrfx.a(nrfx_clock.c.obj)
                0x0000000000006af8                nrfx_clock_init
 .text.nrfx_clock_stop
                0x0000000000006b18       0x78 modules/hal_nordic/nrfx/libmodules__hal_nordic__nrfx.a(nrfx_clock.c.obj)
                0x0000000000006b18                nrfx_clock_stop
 .text.nrfx_power_clock_irq_handler
                0x0000000000006b90       0x68 modules/hal_nordic/nrfx/libmodules__hal_nordic__nrfx.a(nrfx_clock.c.obj)
                0x0000000000006b90                nrfx_power_clock_irq_handler
 .text.nrf_gpio_pin_port_decode
                0x0000000000006bf8       0x1c modules/hal_nordic/nrfx/libmodules__hal_nordic__nrfx.a(nrfx_gpiote.c.obj)
 .text.pin_in_use_by_te
                0x0000000000006c14       0x14 modules/hal_nordic/nrfx/libmodules__hal_nordic__nrfx.a(nrfx_gpiote.c.obj)
 .text.call_handler
                0x0000000000006c28       0x3c modules/hal_nordic/nrfx/libmodules__hal_nordic__nrfx.a(nrfx_gpiote.c.obj)
 .text.release_handler
                0x0000000000006c64       0x54 modules/hal_nordic/nrfx/libmodules__hal_nordic__nrfx.a(nrfx_gpiote.c.obj)
 .text.pin_handler_trigger_uninit
                0x0000000000006cb8       0x38 modules/hal_nordic/nrfx/libmodules__hal_nordic__nrfx.a(nrfx_gpiote.c.obj)
 .text.nrfx_gpiote_input_configure
                0x0000000000006cf0      0x15c modules/hal_nordic/nrfx/libmodules__hal_nordic__nrfx.a(nrfx_gpiote.c.obj)
                0x0000000000006cf0                nrfx_gpiote_input_configure
 .text.nrfx_gpiote_output_configure
                0x0000000000006e4c       0xe4 modules/hal_nordic/nrfx/libmodules__hal_nordic__nrfx.a(nrfx_gpiote.c.obj)
                0x0000000000006e4c                nrfx_gpiote_output_configure
 .text.nrfx_gpiote_global_callback_set
                0x0000000000006f30        0xc modules/hal_nordic/nrfx/libmodules__hal_nordic__nrfx.a(nrfx_gpiote.c.obj)
                0x0000000000006f30                nrfx_gpiote_global_callback_set
 .text.nrfx_gpiote_channel_get
                0x0000000000006f3c       0x2c modules/hal_nordic/nrfx/libmodules__hal_nordic__nrfx.a(nrfx_gpiote.c.obj)
                0x0000000000006f3c                nrfx_gpiote_channel_get
 .text.nrfx_gpiote_init
                0x0000000000006f68       0x50 modules/hal_nordic/nrfx/libmodules__hal_nordic__nrfx.a(nrfx_gpiote.c.obj)
                0x0000000000006f68                nrfx_gpiote_init
 .text.nrfx_gpiote_is_init
                0x0000000000006fb8       0x14 modules/hal_nordic/nrfx/libmodules__hal_nordic__nrfx.a(nrfx_gpiote.c.obj)
                0x0000000000006fb8                nrfx_gpiote_is_init
 .text.nrfx_gpiote_channel_free
                0x0000000000006fcc        0xc modules/hal_nordic/nrfx/libmodules__hal_nordic__nrfx.a(nrfx_gpiote.c.obj)
                0x0000000000006fcc                nrfx_gpiote_channel_free
 .text.nrfx_gpiote_channel_alloc
                0x0000000000006fd8        0xc modules/hal_nordic/nrfx/libmodules__hal_nordic__nrfx.a(nrfx_gpiote.c.obj)
                0x0000000000006fd8                nrfx_gpiote_channel_alloc
 .text.nrfx_gpiote_trigger_enable
                0x0000000000006fe4       0x90 modules/hal_nordic/nrfx/libmodules__hal_nordic__nrfx.a(nrfx_gpiote.c.obj)
                0x0000000000006fe4                nrfx_gpiote_trigger_enable
 .text.nrfx_gpiote_trigger_disable
                0x0000000000007074       0x50 modules/hal_nordic/nrfx/libmodules__hal_nordic__nrfx.a(nrfx_gpiote.c.obj)
                0x0000000000007074                nrfx_gpiote_trigger_disable
 .text.nrfx_gpiote_pin_uninit
                0x00000000000070c4       0x48 modules/hal_nordic/nrfx/libmodules__hal_nordic__nrfx.a(nrfx_gpiote.c.obj)
                0x00000000000070c4                nrfx_gpiote_pin_uninit
 .text.nrfx_gpiote_irq_handler
                0x000000000000710c      0x1ac modules/hal_nordic/nrfx/libmodules__hal_nordic__nrfx.a(nrfx_gpiote.c.obj)
                0x000000000000710c                nrfx_gpiote_irq_handler
 .text.nrfx_ppi_channel_alloc
                0x00000000000072b8        0xc modules/hal_nordic/nrfx/libmodules__hal_nordic__nrfx.a(nrfx_ppi.c.obj)
                0x00000000000072b8                nrfx_ppi_channel_alloc
 .text.twi_tx_start_transfer
                0x00000000000072c4       0xd8 modules/hal_nordic/nrfx/libmodules__hal_nordic__nrfx.a(nrfx_twi.c.obj)
 .text.twi_rx_start_transfer
                0x000000000000739c       0xe8 modules/hal_nordic/nrfx/libmodules__hal_nordic__nrfx.a(nrfx_twi.c.obj)
 .text.nrfx_twi_init
                0x0000000000007484       0xbc modules/hal_nordic/nrfx/libmodules__hal_nordic__nrfx.a(nrfx_twi.c.obj)
                0x0000000000007484                nrfx_twi_init
 .text.nrfx_twi_enable
                0x0000000000007540       0x20 modules/hal_nordic/nrfx/libmodules__hal_nordic__nrfx.a(nrfx_twi.c.obj)
                0x0000000000007540                nrfx_twi_enable
 .text.nrfx_twi_disable
                0x0000000000007560       0x3c modules/hal_nordic/nrfx/libmodules__hal_nordic__nrfx.a(nrfx_twi.c.obj)
                0x0000000000007560                nrfx_twi_disable
 .text.nrfx_twi_xfer
                0x000000000000759c       0xdc modules/hal_nordic/nrfx/libmodules__hal_nordic__nrfx.a(nrfx_twi.c.obj)
                0x000000000000759c                nrfx_twi_xfer
 .text.nrfx_twi_0_irq_handler
                0x0000000000007678       0xbc modules/hal_nordic/nrfx/libmodules__hal_nordic__nrfx.a(nrfx_twi.c.obj)
                0x0000000000007678                nrfx_twi_0_irq_handler
 .text.nrf_gpio_pin_port_decode
                0x0000000000007734       0x1c modules/hal_nordic/nrfx/libmodules__hal_nordic__nrfx.a(nrfx_twi_twim.c.obj)
 .text.nrfx_twi_twim_bus_recover
                0x0000000000007750       0xc8 modules/hal_nordic/nrfx/libmodules__hal_nordic__nrfx.a(nrfx_twi_twim.c.obj)
                0x0000000000007750                nrfx_twi_twim_bus_recover
 .text._DoInit  0x0000000000007818       0x6c modules/segger/libmodules__segger.a(SEGGER_RTT.c.obj)
 .text.device_visitor
                0x0000000000007884       0x5c zephyr/kernel/libkernel.a(device.c.obj)
 .text.z_sys_init_run_level
                0x00000000000078e0       0x40 zephyr/kernel/libkernel.a(device.c.obj)
                0x00000000000078e0                z_sys_init_run_level
 .text.z_device_get_all_static
                0x0000000000007920       0x1c zephyr/kernel/libkernel.a(device.c.obj)
                0x0000000000007920                z_device_get_all_static
 .text.z_impl_device_get_binding
                0x000000000000793c       0x54 zephyr/kernel/libkernel.a(device.c.obj)
                0x000000000000793c                z_impl_device_get_binding
 .text.z_impl_z_errno
                0x0000000000007990        0xc zephyr/kernel/libkernel.a(errno.c.obj)
                0x0000000000007990                z_impl_z_errno
 .text.init_idle_thread
                0x000000000000799c       0x6c zephyr/kernel/libkernel.a(init.c.obj)
 .text.bg_thread_main
                0x0000000000007a08       0x34 zephyr/kernel/libkernel.a(init.c.obj)
 .text.z_bss_zero
                0x0000000000007a3c       0x14 zephyr/kernel/libkernel.a(init.c.obj)
                0x0000000000007a3c                z_bss_zero
 .text.z_cstart
                0x0000000000007a50       0xe4 zephyr/kernel/libkernel.a(init.c.obj)
                0x0000000000007a50                z_cstart
 .text.k_thread_foreach
                0x0000000000007b34       0x34 zephyr/kernel/libkernel.a(thread.c.obj)
                0x0000000000007b34                k_thread_foreach
 .text.z_thread_monitor_exit
                0x0000000000007b68       0x3c zephyr/kernel/libkernel.a(thread.c.obj)
                0x0000000000007b68                z_thread_monitor_exit
 .text.z_impl_k_thread_name_set
                0x0000000000007ba4       0x20 zephyr/kernel/libkernel.a(thread.c.obj)
                0x0000000000007ba4                z_impl_k_thread_name_set
 .text.k_thread_state_str
                0x0000000000007bc4       0x74 zephyr/kernel/libkernel.a(thread.c.obj)
                0x0000000000007bc4                k_thread_state_str
 .text.z_setup_new_thread
                0x0000000000007c38       0xcc zephyr/kernel/libkernel.a(thread.c.obj)
                0x0000000000007c38                z_setup_new_thread
 .text.z_impl_k_thread_create
                0x0000000000007d04       0x58 zephyr/kernel/libkernel.a(thread.c.obj)
                0x0000000000007d04                z_impl_k_thread_create
 .text.z_init_static_threads
                0x0000000000007d5c       0xb8 zephyr/kernel/libkernel.a(thread.c.obj)
                0x0000000000007d5c                z_init_static_threads
 .text.sys_kernel_version_get
                0x0000000000007e14        0x8 zephyr/kernel/libkernel.a(version.c.obj)
                0x0000000000007e14                sys_kernel_version_get
 .text.idle     0x0000000000007e1c       0x2c zephyr/kernel/libkernel.a(idle.c.obj)
                0x0000000000007e1c                idle
 .text.z_impl_k_mutex_lock
                0x0000000000007e48       0xf0 zephyr/kernel/libkernel.a(mutex.c.obj)
                0x0000000000007e48                z_impl_k_mutex_lock
 .text.z_impl_k_mutex_unlock
                0x0000000000007f38       0x88 zephyr/kernel/libkernel.a(mutex.c.obj)
                0x0000000000007f38                z_impl_k_mutex_unlock
 .text.z_impl_k_sem_give
                0x0000000000007fc0       0x4c zephyr/kernel/libkernel.a(sem.c.obj)
                0x0000000000007fc0                z_impl_k_sem_give
 .text.z_impl_k_sem_take
                0x000000000000800c       0x50 zephyr/kernel/libkernel.a(sem.c.obj)
                0x000000000000800c                z_impl_k_sem_take
 .text.work_queue_main
                0x000000000000805c      0x12c zephyr/kernel/libkernel.a(work.c.obj)
 .text.submit_to_queue_locked
                0x0000000000008188       0xa0 zephyr/kernel/libkernel.a(work.c.obj)
 .text.k_work_submit
                0x0000000000008228        0xc zephyr/kernel/libkernel.a(work.c.obj)
                0x0000000000008228                k_work_submit
 .text.k_work_queue_start
                0x0000000000008234       0x70 zephyr/kernel/libkernel.a(work.c.obj)
                0x0000000000008234                k_work_queue_start
 .text.z_reset_time_slice
                0x00000000000082a4       0x2c zephyr/kernel/libkernel.a(sched.c.obj)
                0x00000000000082a4                z_reset_time_slice
 .text.k_sched_time_slice_set
                0x00000000000082d0       0x60 zephyr/kernel/libkernel.a(sched.c.obj)
                0x00000000000082d0                k_sched_time_slice_set
 .text.z_reschedule
                0x0000000000008330       0x24 zephyr/kernel/libkernel.a(sched.c.obj)
                0x0000000000008330                z_reschedule
 .text.k_sched_lock
                0x0000000000008354       0x28 zephyr/kernel/libkernel.a(sched.c.obj)
                0x0000000000008354                k_sched_lock
 .text.update_cache
                0x000000000000837c       0x40 zephyr/kernel/libkernel.a(sched.c.obj)
 .text.move_thread_to_end_of_prio_q
                0x00000000000083bc       0x74 zephyr/kernel/libkernel.a(sched.c.obj)
 .text.z_time_slice
                0x0000000000008430       0x80 zephyr/kernel/libkernel.a(sched.c.obj)
                0x0000000000008430                z_time_slice
 .text.ready_thread
                0x00000000000084b0       0x6c zephyr/kernel/libkernel.a(sched.c.obj)
 .text.z_sched_start
                0x000000000000851c       0x3c zephyr/kernel/libkernel.a(sched.c.obj)
                0x000000000000851c                z_sched_start
 .text.unready_thread
                0x0000000000008558       0x30 zephyr/kernel/libkernel.a(sched.c.obj)
 .text.pend     0x0000000000008588       0x4c zephyr/kernel/libkernel.a(sched.c.obj)
 .text.z_pend_curr
                0x00000000000085d4       0x28 zephyr/kernel/libkernel.a(sched.c.obj)
                0x00000000000085d4                z_pend_curr
 .text.z_set_prio
                0x00000000000085fc       0x90 zephyr/kernel/libkernel.a(sched.c.obj)
                0x00000000000085fc                z_set_prio
 .text.z_impl_k_thread_suspend
                0x000000000000868c       0x64 zephyr/kernel/libkernel.a(sched.c.obj)
                0x000000000000868c                z_impl_k_thread_suspend
 .text.k_sched_unlock
                0x00000000000086f0       0x38 zephyr/kernel/libkernel.a(sched.c.obj)
                0x00000000000086f0                k_sched_unlock
 .text.z_sched_init
                0x0000000000008728       0x18 zephyr/kernel/libkernel.a(sched.c.obj)
                0x0000000000008728                z_sched_init
 .text.z_impl_k_yield
                0x0000000000008740       0x80 zephyr/kernel/libkernel.a(sched.c.obj)
                0x0000000000008740                z_impl_k_yield
 .text.z_tick_sleep
                0x00000000000087c0       0x90 zephyr/kernel/libkernel.a(sched.c.obj)
 .text.z_impl_k_sleep
                0x0000000000008850       0x34 zephyr/kernel/libkernel.a(sched.c.obj)
                0x0000000000008850                z_impl_k_sleep
 .text.z_impl_z_current_get
                0x0000000000008884        0xc zephyr/kernel/libkernel.a(sched.c.obj)
                0x0000000000008884                z_impl_z_current_get
 .text.z_impl_k_is_preempt_thread
                0x0000000000008890       0x20 zephyr/kernel/libkernel.a(sched.c.obj)
                0x0000000000008890                z_impl_k_is_preempt_thread
 .text.z_thread_abort
                0x00000000000088b0       0xac zephyr/kernel/libkernel.a(sched.c.obj)
                0x00000000000088b0                z_thread_abort
 .text.z_sched_wait
                0x000000000000895c       0x24 zephyr/kernel/libkernel.a(sched.c.obj)
                0x000000000000895c                z_sched_wait
 .text.z_data_copy
                0x0000000000008980       0x34 zephyr/kernel/libkernel.a(xip.c.obj)
                0x0000000000008980                z_data_copy
 .text.elapsed  0x00000000000089b4       0x14 zephyr/kernel/libkernel.a(timeout.c.obj)
 .text.next_timeout
                0x00000000000089c8       0x50 zephyr/kernel/libkernel.a(timeout.c.obj)
 .text.remove_timeout
                0x0000000000008a18       0x34 zephyr/kernel/libkernel.a(timeout.c.obj)
 .text.z_add_timeout
                0x0000000000008a4c       0xf4 zephyr/kernel/libkernel.a(timeout.c.obj)
                0x0000000000008a4c                z_add_timeout
 .text.sys_clock_announce
                0x0000000000008b40       0xb8 zephyr/kernel/libkernel.a(timeout.c.obj)
                0x0000000000008b40                sys_clock_announce
 .text.sys_clock_tick_get
                0x0000000000008bf8       0x30 zephyr/kernel/libkernel.a(timeout.c.obj)
                0x0000000000008bf8                sys_clock_tick_get
 .text.z_timer_expiration_handler
                0x0000000000008c28       0x90 zephyr/kernel/libkernel.a(timer.c.obj)
                0x0000000000008c28                z_timer_expiration_handler
 .text.z_impl_k_timer_start
                0x0000000000008cb8       0xa0 zephyr/kernel/libkernel.a(timer.c.obj)
                0x0000000000008cb8                z_impl_k_timer_start
 .text.z_impl_k_poll
                0x0000000000008d58       0xb8 zephyr/kernel/libkernel.a(poll.c.obj)
                0x0000000000008d58                z_impl_k_poll
 .text.z_impl_k_poll_signal_raise
                0x0000000000008e10       0x50 zephyr/kernel/libkernel.a(poll.c.obj)
                0x0000000000008e10                z_impl_k_poll_signal_raise
 .text.boot_banner
                0x0000000000008e60       0x18 zephyr/kernel/libkernel.a(banner.c.obj)
                0x0000000000008e60                boot_banner
 .text.k_sys_work_q_init
                0x0000000000008e78       0x34 zephyr/kernel/libkernel.a(system_work_q.c.obj)
 .text.malloc   0x0000000000008eac       0x10 /home/surya16p/zephyr-sdk-0.13.2/arm-zephyr-eabi/arm-zephyr-eabi/lib/thumb/v7e-m/nofp/libc_nano.a(lib_a-malloc.o)
                0x0000000000008eac                malloc
 .text._free_r  0x0000000000008ebc       0x94 /home/surya16p/zephyr-sdk-0.13.2/arm-zephyr-eabi/arm-zephyr-eabi/lib/thumb/v7e-m/nofp/libc_nano.a(lib_a-nano-freer.o)
                0x0000000000008ebc                _free_r
 .text._malloc_r
                0x0000000000008f50       0xb4 /home/surya16p/zephyr-sdk-0.13.2/arm-zephyr-eabi/arm-zephyr-eabi/lib/thumb/v7e-m/nofp/libc_nano.a(lib_a-nano-mallocr.o)
                0x0000000000008f50                _malloc_r
 .text._printf_float
                0x0000000000009004      0x454 /home/surya16p/zephyr-sdk-0.13.2/arm-zephyr-eabi/arm-zephyr-eabi/lib/thumb/v7e-m/nofp/libc_nano.a(lib_a-nano-vfprintf_float.o)
                0x0000000000009004                _printf_float
 .text._printf_i
                0x0000000000009458      0x24c /home/surya16p/zephyr-sdk-0.13.2/arm-zephyr-eabi/arm-zephyr-eabi/lib/thumb/v7e-m/nofp/libc_nano.a(lib_a-nano-vfprintf_i.o)
                0x0000000000009458                _printf_i
 .text._sbrk_r  0x00000000000096a4       0x20 /home/surya16p/zephyr-sdk-0.13.2/arm-zephyr-eabi/arm-zephyr-eabi/lib/thumb/v7e-m/nofp/libc_nano.a(lib_a-sbrkr.o)
                0x00000000000096a4                _sbrk_r
 .text.snprintf
                0x00000000000096c4       0x68 /home/surya16p/zephyr-sdk-0.13.2/arm-zephyr-eabi/arm-zephyr-eabi/lib/thumb/v7e-m/nofp/libc_nano.a(lib_a-snprintf.o)
                0x00000000000096c4                snprintf
                0x00000000000096c4                sniprintf
 .text._strtol_l.constprop.0
                0x000000000000972c       0xf8 /home/surya16p/zephyr-sdk-0.13.2/arm-zephyr-eabi/arm-zephyr-eabi/lib/thumb/v7e-m/nofp/libc_nano.a(lib_a-strtol.o)
 .text.strtol   0x0000000000009824       0x14 /home/surya16p/zephyr-sdk-0.13.2/arm-zephyr-eabi/arm-zephyr-eabi/lib/thumb/v7e-m/nofp/libc_nano.a(lib_a-strtol.o)
                0x0000000000009824                strtol
 .text._strtoul_l.constprop.0
                0x0000000000009838       0xe4 /home/surya16p/zephyr-sdk-0.13.2/arm-zephyr-eabi/arm-zephyr-eabi/lib/thumb/v7e-m/nofp/libc_nano.a(lib_a-strtoul.o)
 .text.strtoul  0x000000000000991c       0x14 /home/surya16p/zephyr-sdk-0.13.2/arm-zephyr-eabi/arm-zephyr-eabi/lib/thumb/v7e-m/nofp/libc_nano.a(lib_a-strtoul.o)
                0x000000000000991c                strtoul
 .text._localeconv_r
                0x0000000000009930        0x8 /home/surya16p/zephyr-sdk-0.13.2/arm-zephyr-eabi/arm-zephyr-eabi/lib/thumb/v7e-m/nofp/libc_nano.a(lib_a-localeconv.o)
                0x0000000000009930                _localeconv_r
 .text.__malloc_lock
                0x0000000000009938        0xc /home/surya16p/zephyr-sdk-0.13.2/arm-zephyr-eabi/arm-zephyr-eabi/lib/thumb/v7e-m/nofp/libc_nano.a(lib_a-mlock.o)
                0x0000000000009938                __malloc_lock
 .text.__malloc_unlock
                0x0000000000009944        0xc /home/surya16p/zephyr-sdk-0.13.2/arm-zephyr-eabi/arm-zephyr-eabi/lib/thumb/v7e-m/nofp/libc_nano.a(lib_a-mlock.o)
                0x0000000000009944                __malloc_unlock
 .text._Balloc  0x0000000000009950       0x80 /home/surya16p/zephyr-sdk-0.13.2/arm-zephyr-eabi/arm-zephyr-eabi/lib/thumb/v7e-m/nofp/libc_nano.a(lib_a-mprec.o)
                0x0000000000009950                _Balloc
 .text._Bfree   0x00000000000099d0       0x44 /home/surya16p/zephyr-sdk-0.13.2/arm-zephyr-eabi/arm-zephyr-eabi/lib/thumb/v7e-m/nofp/libc_nano.a(lib_a-mprec.o)
                0x00000000000099d0                _Bfree
 .text.__multadd
                0x0000000000009a14       0x8c /home/surya16p/zephyr-sdk-0.13.2/arm-zephyr-eabi/arm-zephyr-eabi/lib/thumb/v7e-m/nofp/libc_nano.a(lib_a-mprec.o)
                0x0000000000009a14                __multadd
 .text.__i2b    0x0000000000009aa0       0x2c /home/surya16p/zephyr-sdk-0.13.2/arm-zephyr-eabi/arm-zephyr-eabi/lib/thumb/v7e-m/nofp/libc_nano.a(lib_a-mprec.o)
                0x0000000000009aa0                __i2b
 .text.__multiply
                0x0000000000009acc      0x150 /home/surya16p/zephyr-sdk-0.13.2/arm-zephyr-eabi/arm-zephyr-eabi/lib/thumb/v7e-m/nofp/libc_nano.a(lib_a-mprec.o)
                0x0000000000009acc                __multiply
 .text.__pow5mult
                0x0000000000009c1c       0xb4 /home/surya16p/zephyr-sdk-0.13.2/arm-zephyr-eabi/arm-zephyr-eabi/lib/thumb/v7e-m/nofp/libc_nano.a(lib_a-mprec.o)
                0x0000000000009c1c                __pow5mult
 .text.__lshift
                0x0000000000009cd0       0xe0 /home/surya16p/zephyr-sdk-0.13.2/arm-zephyr-eabi/arm-zephyr-eabi/lib/thumb/v7e-m/nofp/libc_nano.a(lib_a-mprec.o)
                0x0000000000009cd0                __lshift
 .text.__mdiff  0x0000000000009db0      0x110 /home/surya16p/zephyr-sdk-0.13.2/arm-zephyr-eabi/arm-zephyr-eabi/lib/thumb/v7e-m/nofp/libc_nano.a(lib_a-mprec.o)
                0x0000000000009db0                __mdiff
 .text.__d2b    0x0000000000009ec0       0xb8 /home/surya16p/zephyr-sdk-0.13.2/arm-zephyr-eabi/arm-zephyr-eabi/lib/thumb/v7e-m/nofp/libc_nano.a(lib_a-mprec.o)
                0x0000000000009ec0                __d2b
 .text._svfprintf_r
                0x0000000000009f78      0x200 /home/surya16p/zephyr-sdk-0.13.2/arm-zephyr-eabi/arm-zephyr-eabi/lib/thumb/v7e-m/nofp/libc_nano.a(lib_a-nano-svfprintf.o)
                0x0000000000009f78                _svfprintf_r
                0x0000000000009f78                _svfiprintf_r
 .text.__assert_func
                0x000000000000a178       0x3c /home/surya16p/zephyr-sdk-0.13.2/arm-zephyr-eabi/arm-zephyr-eabi/lib/thumb/v7e-m/nofp/libc_nano.a(lib_a-assert.o)
                0x000000000000a178                __assert_func
 .text.fprintf  0x000000000000a1b4       0x24 /home/surya16p/zephyr-sdk-0.13.2/arm-zephyr-eabi/arm-zephyr-eabi/lib/thumb/v7e-m/nofp/libc_nano.a(lib_a-fprintf.o)
                0x000000000000a1b4                fprintf
                0x000000000000a1b4                fiprintf
 .text._vfprintf_r
                0x000000000000a1d8      0x260 /home/surya16p/zephyr-sdk-0.13.2/arm-zephyr-eabi/arm-zephyr-eabi/lib/thumb/v7e-m/nofp/libc_nano.a(lib_a-nano-vfprintf.o)
                0x000000000000a1d8                _vfiprintf_r
                0x000000000000a1d8                _vfprintf_r
 .text.__swbuf_r
                0x000000000000a438       0xa4 /home/surya16p/zephyr-sdk-0.13.2/arm-zephyr-eabi/arm-zephyr-eabi/lib/thumb/v7e-m/nofp/libc_nano.a(lib_a-wbuf.o)
                0x000000000000a438                __swbuf_r
 .text.__swsetup_r
                0x000000000000a4dc       0xdc /home/surya16p/zephyr-sdk-0.13.2/arm-zephyr-eabi/arm-zephyr-eabi/lib/thumb/v7e-m/nofp/libc_nano.a(lib_a-wsetup.o)
                0x000000000000a4dc                __swsetup_r
 .text.__sflush_r
                0x000000000000a5b8      0x104 /home/surya16p/zephyr-sdk-0.13.2/arm-zephyr-eabi/arm-zephyr-eabi/lib/thumb/v7e-m/nofp/libc_nano.a(lib_a-fflush.o)
                0x000000000000a5b8                __sflush_r
 .text._fflush_r
                0x000000000000a6bc       0x78 /home/surya16p/zephyr-sdk-0.13.2/arm-zephyr-eabi/arm-zephyr-eabi/lib/thumb/v7e-m/nofp/libc_nano.a(lib_a-fflush.o)
                0x000000000000a6bc                _fflush_r
 .text.std      0x000000000000a734       0x48 /home/surya16p/zephyr-sdk-0.13.2/arm-zephyr-eabi/arm-zephyr-eabi/lib/thumb/v7e-m/nofp/libc_nano.a(lib_a-findfp.o)
 .text._cleanup_r
                0x000000000000a77c        0xc /home/surya16p/zephyr-sdk-0.13.2/arm-zephyr-eabi/arm-zephyr-eabi/lib/thumb/v7e-m/nofp/libc_nano.a(lib_a-findfp.o)
                0x000000000000a77c                _cleanup_r
 .text.__sfp_lock_acquire
                0x000000000000a788        0xc /home/surya16p/zephyr-sdk-0.13.2/arm-zephyr-eabi/arm-zephyr-eabi/lib/thumb/v7e-m/nofp/libc_nano.a(lib_a-findfp.o)
                0x000000000000a788                __sfp_lock_acquire
 .text.__sfp_lock_release
                0x000000000000a794        0xc /home/surya16p/zephyr-sdk-0.13.2/arm-zephyr-eabi/arm-zephyr-eabi/lib/thumb/v7e-m/nofp/libc_nano.a(lib_a-findfp.o)
                0x000000000000a794                __sfp_lock_release
 .text.__sinit_lock_acquire
                0x000000000000a7a0        0xc /home/surya16p/zephyr-sdk-0.13.2/arm-zephyr-eabi/arm-zephyr-eabi/lib/thumb/v7e-m/nofp/libc_nano.a(lib_a-findfp.o)
                0x000000000000a7a0                __sinit_lock_acquire
 .text.__sinit_lock_release
                0x000000000000a7ac        0xc /home/surya16p/zephyr-sdk-0.13.2/arm-zephyr-eabi/arm-zephyr-eabi/lib/thumb/v7e-m/nofp/libc_nano.a(lib_a-findfp.o)
                0x000000000000a7ac                __sinit_lock_release
 .text.__sinit  0x000000000000a7b8       0x70 /home/surya16p/zephyr-sdk-0.13.2/arm-zephyr-eabi/arm-zephyr-eabi/lib/thumb/v7e-m/nofp/libc_nano.a(lib_a-findfp.o)
                0x000000000000a7b8                __sinit
 .text.__sfp    0x000000000000a828       0x8c /home/surya16p/zephyr-sdk-0.13.2/arm-zephyr-eabi/arm-zephyr-eabi/lib/thumb/v7e-m/nofp/libc_nano.a(lib_a-findfp.o)
                0x000000000000a828                __sfp
 .text.__smakebuf_r
                0x000000000000a8b4       0x80 /home/surya16p/zephyr-sdk-0.13.2/arm-zephyr-eabi/arm-zephyr-eabi/lib/thumb/v7e-m/nofp/libc_nano.a(lib_a-makebuf.o)
                0x000000000000a8b4                __smakebuf_r
 .text.raise    0x000000000000a934       0x10 /home/surya16p/zephyr-sdk-0.13.2/arm-zephyr-eabi/arm-zephyr-eabi/lib/thumb/v7e-m/nofp/libc_nano.a(lib_a-signal.o)
                0x000000000000a934                raise
 .text._kill_r  0x000000000000a944       0x24 /home/surya16p/zephyr-sdk-0.13.2/arm-zephyr-eabi/arm-zephyr-eabi/lib/thumb/v7e-m/nofp/libc_nano.a(lib_a-signalr.o)
                0x000000000000a944                _kill_r
 .text._write_r
                0x000000000000a968       0x24 /home/surya16p/zephyr-sdk-0.13.2/arm-zephyr-eabi/arm-zephyr-eabi/lib/thumb/v7e-m/nofp/libc_nano.a(lib_a-writer.o)
                0x000000000000a968                _write_r
 .text._close_r
                0x000000000000a98c       0x20 /home/surya16p/zephyr-sdk-0.13.2/arm-zephyr-eabi/arm-zephyr-eabi/lib/thumb/v7e-m/nofp/libc_nano.a(lib_a-closer.o)
                0x000000000000a98c                _close_r
 .text._fstat_r
                0x000000000000a9ac       0x24 /home/surya16p/zephyr-sdk-0.13.2/arm-zephyr-eabi/arm-zephyr-eabi/lib/thumb/v7e-m/nofp/libc_nano.a(lib_a-fstatr.o)
                0x000000000000a9ac                _fstat_r
 .text._isatty_r
                0x000000000000a9d0       0x20 /home/surya16p/zephyr-sdk-0.13.2/arm-zephyr-eabi/arm-zephyr-eabi/lib/thumb/v7e-m/nofp/libc_nano.a(lib_a-isattyr.o)
                0x000000000000a9d0                _isatty_r
 .text._lseek_r
                0x000000000000a9f0       0x24 /home/surya16p/zephyr-sdk-0.13.2/arm-zephyr-eabi/arm-zephyr-eabi/lib/thumb/v7e-m/nofp/libc_nano.a(lib_a-lseekr.o)
                0x000000000000a9f0                _lseek_r
 .text._read_r  0x000000000000aa14       0x24 /home/surya16p/zephyr-sdk-0.13.2/arm-zephyr-eabi/arm-zephyr-eabi/lib/thumb/v7e-m/nofp/libc_nano.a(lib_a-readr.o)
                0x000000000000aa14                _read_r
 .text._OffsetAbsSyms
                0x000000000000aa38        0x2 zephyr/CMakeFiles/offsets.dir/./arch/arm/core/offsets/offsets.c.obj
                0x000000000000aa38                _OffsetAbsSyms
 .text.i2c_burst_read.constprop.0.isra.0
                0x000000000000aa3a       0x18 app/libapp.a(main.c.obj)
 .text.sys_notify_validate
                0x000000000000aa52       0x28 zephyr/libzephyr.a(notify.c.obj)
                0x000000000000aa52                sys_notify_validate
 .text.sys_notify_finalize
                0x000000000000aa7a       0x32 zephyr/libzephyr.a(notify.c.obj)
                0x000000000000aa7a                sys_notify_finalize
 .text.arch_printk_char_out
                0x000000000000aaac        0x4 zephyr/libzephyr.a(printk.c.obj)
                0x000000000000aaac                arch_printk_char_out
 .text.str_out  0x000000000000aab0       0x26 zephyr/libzephyr.a(printk.c.obj)
 .text.printk   0x000000000000aad6       0x1a zephyr/libzephyr.a(printk.c.obj)
                0x000000000000aad6                printk
 .text.snprintk
                0x000000000000aaf0       0x1a zephyr/libzephyr.a(printk.c.obj)
                0x000000000000aaf0                snprintk
 .text.process_recheck
                0x000000000000ab0a       0x38 zephyr/libzephyr.a(onoff.c.obj)
 .text.notify_one
                0x000000000000ab42       0x2c zephyr/libzephyr.a(onoff.c.obj)
 .text.transition_complete
                0x000000000000ab6e       0x1c zephyr/libzephyr.a(onoff.c.obj)
 .text.validate_args
                0x000000000000ab8a       0x1e zephyr/libzephyr.a(onoff.c.obj)
 .text.onoff_manager_init
                0x000000000000aba8       0x26 zephyr/libzephyr.a(onoff.c.obj)
                0x000000000000aba8                onoff_manager_init
 .text.onoff_request
                0x000000000000abce       0x92 zephyr/libzephyr.a(onoff.c.obj)
                0x000000000000abce                onoff_request
 .text.z_thread_entry
                0x000000000000ac60       0x14 zephyr/libzephyr.a(thread_entry.c.obj)
                0x000000000000ac60                z_thread_entry
 .text._ldiv5   0x000000000000ac74       0x30 zephyr/libzephyr.a(cbprintf_complete.c.obj)
 .text._get_digit
                0x000000000000aca4       0x2e zephyr/libzephyr.a(cbprintf_complete.c.obj)
 .text.outs     0x000000000000acd2       0x2c zephyr/libzephyr.a(cbprintf_complete.c.obj)
 .text.ring_buf_get_rewind_threshold
                0x000000000000acfe        0x6 zephyr/libzephyr.a(ring_buffer.c.obj)
                0x000000000000acfe                ring_buf_get_rewind_threshold
 .text.ring_buf_put_claim
                0x000000000000ad04       0x38 zephyr/libzephyr.a(ring_buffer.c.obj)
                0x000000000000ad04                ring_buf_put_claim
 .text.ring_buf_put_finish
                0x000000000000ad3c       0x34 zephyr/libzephyr.a(ring_buffer.c.obj)
                0x000000000000ad3c                ring_buf_put_finish
 .text.ring_buf_put
                0x000000000000ad70       0x3e zephyr/libzephyr.a(ring_buffer.c.obj)
                0x000000000000ad70                ring_buf_put
 .text.ring_buf_get_claim
                0x000000000000adae       0x54 zephyr/libzephyr.a(ring_buffer.c.obj)
                0x000000000000adae                ring_buf_get_claim
 .text.ring_buf_get_finish
                0x000000000000ae02       0x38 zephyr/libzephyr.a(ring_buffer.c.obj)
                0x000000000000ae02                ring_buf_get_finish
 .text.ring_buf_get
                0x000000000000ae3a       0x40 zephyr/libzephyr.a(ring_buffer.c.obj)
                0x000000000000ae3a                ring_buf_get
 .text.fnmatchx
                0x000000000000ae7a      0x260 zephyr/libzephyr.a(fnmatch.c.obj)
 .text.fnmatch  0x000000000000b0da        0x6 zephyr/libzephyr.a(fnmatch.c.obj)
                0x000000000000b0da                fnmatch
 .text._ConfigAbsSyms
                0x000000000000b0e0        0x2 zephyr/libzephyr.a(configs.c.obj)
                0x000000000000b0e0                _ConfigAbsSyms
 .text.uart_irq_tx_disable
                0x000000000000b0e2        0xa zephyr/libzephyr.a(shell_uart.c.obj)
 .text.uninit   0x000000000000b0ec       0x1c zephyr/libzephyr.a(shell_uart.c.obj)
 .text.enable   0x000000000000b108       0x14 zephyr/libzephyr.a(shell_uart.c.obj)
 .text.read     0x000000000000b11c       0x12 zephyr/libzephyr.a(shell_uart.c.obj)
 .text.ring_buf_reset
                0x000000000000b12e        0xc zephyr/libzephyr.a(shell_uart.c.obj)
 .text.write    0x000000000000b13a       0x6c zephyr/libzephyr.a(shell_uart.c.obj)
 .text.uart_callback
                0x000000000000b1a6       0xdc zephyr/libzephyr.a(shell_uart.c.obj)
 .text.atomic_or
                0x000000000000b282       0x1e zephyr/libzephyr.a(shell.c.obj)
 .text.atomic_and
                0x000000000000b2a0       0x1e zephyr/libzephyr.a(shell.c.obj)
 .text.shell_signal_handle
                0x000000000000b2be       0x2c zephyr/libzephyr.a(shell.c.obj)
 .text.z_shell_strlen
                0x000000000000b2ea        0xc zephyr/libzephyr.a(shell.c.obj)
 .text.z_shell_raw_fprintf
                0x000000000000b2f6       0x1a zephyr/libzephyr.a(shell.c.obj)
 .text.k_mutex_lock.constprop.0.isra.0
                0x000000000000b310        0x4 zephyr/libzephyr.a(shell.c.obj)
 .text.transport_evt_handler
                0x000000000000b314       0x14 zephyr/libzephyr.a(shell.c.obj)
 .text.kill_handler
                0x000000000000b328       0x4a zephyr/libzephyr.a(shell.c.obj)
 .text.z_flag_history_exit_set.isra.0
                0x000000000000b372       0x14 zephyr/libzephyr.a(shell.c.obj)
 .text.z_flag_insert_mode_set.isra.0
                0x000000000000b386       0x1e zephyr/libzephyr.a(shell.c.obj)
 .text.k_mutex_unlock.isra.0
                0x000000000000b3a4        0x4 zephyr/libzephyr.a(shell.c.obj)
 .text.shell_vfprintf
                0x000000000000b3a8       0x7a zephyr/libzephyr.a(shell.c.obj)
                0x000000000000b3a8                shell_vfprintf
 .text.shell_fprintf
                0x000000000000b422       0x1a zephyr/libzephyr.a(shell.c.obj)
                0x000000000000b422                shell_fprintf
 .text.shell_hexdump
                0x000000000000b43c       0x30 zephyr/libzephyr.a(shell.c.obj)
                0x000000000000b43c                shell_hexdump
 .text.shell_set_bypass
                0x000000000000b46c        0x6 zephyr/libzephyr.a(shell.c.obj)
                0x000000000000b46c                shell_set_bypass
 .text.z_shell_fprintf_buffer_flush
                0x000000000000b472       0x18 zephyr/libzephyr.a(shell_fprintf.c.obj)
                0x000000000000b472                z_shell_fprintf_buffer_flush
 .text.out_func
                0x000000000000b48a       0x38 zephyr/libzephyr.a(shell_fprintf.c.obj)
 .text.z_shell_strlen
                0x000000000000b4c2        0xc zephyr/libzephyr.a(shell_utils.c.obj)
 .text.z_column_span_with_buffer_offsets_get
                0x000000000000b4ce       0x1e zephyr/libzephyr.a(shell_utils.c.obj)
                0x000000000000b4ce                z_column_span_with_buffer_offsets_get
 .text.z_row_span_with_buffer_offsets_get
                0x000000000000b4ec       0x16 zephyr/libzephyr.a(shell_utils.c.obj)
                0x000000000000b4ec                z_row_span_with_buffer_offsets_get
 .text.z_shell_multiline_data_calc
                0x000000000000b502       0x2c zephyr/libzephyr.a(shell_utils.c.obj)
                0x000000000000b502                z_shell_multiline_data_calc
 .text.z_shell_pattern_remove
                0x000000000000b52e       0x4e zephyr/libzephyr.a(shell_utils.c.obj)
                0x000000000000b52e                z_shell_pattern_remove
 .text.z_shell_find_cmd
                0x000000000000b57c       0x56 zephyr/libzephyr.a(shell_utils.c.obj)
                0x000000000000b57c                z_shell_find_cmd
 .text.z_shell_get_last_command
                0x000000000000b5d2       0x5c zephyr/libzephyr.a(shell_utils.c.obj)
                0x000000000000b5d2                z_shell_get_last_command
 .text.shell_device_lookup
                0x000000000000b62e       0x68 zephyr/libzephyr.a(shell_utils.c.obj)
                0x000000000000b62e                shell_device_lookup
 .text.z_shell_raw_fprintf
                0x000000000000b696       0x1a zephyr/libzephyr.a(shell_ops.c.obj)
 .text.full_line_cmd
                0x000000000000b6b0       0x28 zephyr/libzephyr.a(shell_ops.c.obj)
 .text.z_shell_cursor_in_empty_line
                0x000000000000b6d8       0x28 zephyr/libzephyr.a(shell_ops.c.obj)
                0x000000000000b6d8                z_shell_cursor_in_empty_line
 .text.z_shell_op_cond_next_line
                0x000000000000b700       0x20 zephyr/libzephyr.a(shell_ops.c.obj)
                0x000000000000b700                z_shell_op_cond_next_line
 .text.z_shell_op_cursor_position_synchronize
                0x000000000000b720       0x46 zephyr/libzephyr.a(shell_ops.c.obj)
                0x000000000000b720                z_shell_op_cursor_position_synchronize
 .text.z_shell_op_cursor_move
                0x000000000000b766       0x48 zephyr/libzephyr.a(shell_ops.c.obj)
                0x000000000000b766                z_shell_op_cursor_move
 .text.z_shell_op_cursor_home_move
                0x000000000000b7ae        0xc zephyr/libzephyr.a(shell_ops.c.obj)
                0x000000000000b7ae                z_shell_op_cursor_home_move
 .text.z_shell_op_cursor_end_move
                0x000000000000b7ba        0xe zephyr/libzephyr.a(shell_ops.c.obj)
                0x000000000000b7ba                z_shell_op_cursor_end_move
 .text.z_shell_op_left_arrow
                0x000000000000b7c8       0x10 zephyr/libzephyr.a(shell_ops.c.obj)
                0x000000000000b7c8                z_shell_op_left_arrow
 .text.z_shell_op_right_arrow
                0x000000000000b7d8       0x12 zephyr/libzephyr.a(shell_ops.c.obj)
                0x000000000000b7d8                z_shell_op_right_arrow
 .text.z_shell_op_delete_from_cursor
                0x000000000000b7ea       0x12 zephyr/libzephyr.a(shell_ops.c.obj)
                0x000000000000b7ea                z_shell_op_delete_from_cursor
 .text.z_shell_cmd_line_erase
                0x000000000000b7fc       0x34 zephyr/libzephyr.a(shell_ops.c.obj)
                0x000000000000b7fc                z_shell_cmd_line_erase
 .text.z_shell_write
                0x000000000000b830       0x8a zephyr/libzephyr.a(shell_ops.c.obj)
                0x000000000000b830                z_shell_write
 .text.z_shell_print_stream
                0x000000000000b8ba        0x4 zephyr/libzephyr.a(shell_ops.c.obj)
                0x000000000000b8ba                z_shell_print_stream
 .text.z_shell_vfprintf
                0x000000000000b8be       0x4a zephyr/libzephyr.a(shell_ops.c.obj)
                0x000000000000b8be                z_shell_vfprintf
 .text.z_shell_fprintf
                0x000000000000b908       0x1a zephyr/libzephyr.a(shell_ops.c.obj)
                0x000000000000b908                z_shell_fprintf
 .text.data_insert
                0x000000000000b922       0x62 zephyr/libzephyr.a(shell_ops.c.obj)
 .text.z_shell_op_completion_insert
                0x000000000000b984        0x4 zephyr/libzephyr.a(shell_ops.c.obj)
                0x000000000000b984                z_shell_op_completion_insert
 .text.z_shell_op_char_delete
                0x000000000000b988       0x36 zephyr/libzephyr.a(shell_ops.c.obj)
                0x000000000000b988                z_shell_op_char_delete
 .text.z_shell_op_char_backspace
                0x000000000000b9be       0x22 zephyr/libzephyr.a(shell_ops.c.obj)
                0x000000000000b9be                z_shell_op_char_backspace
 .text.z_shell_raw_fprintf
                0x000000000000b9e0       0x1a zephyr/libzephyr.a(shell_help.c.obj)
 .text.cmd_shell_stats_reset
                0x000000000000b9fa        0x8 zephyr/libzephyr.a(shell_cmds.c.obj)
 .text.z_shell_raw_fprintf
                0x000000000000ba02       0x1a zephyr/libzephyr.a(shell_cmds.c.obj)
 .text.cmd_bacskpace_mode_backspace
                0x000000000000ba1c       0x22 zephyr/libzephyr.a(shell_cmds.c.obj)
 .text.cmd_bacskpace_mode_delete
                0x000000000000ba3e       0x22 zephyr/libzephyr.a(shell_cmds.c.obj)
 .text.cmd_echo_off
                0x000000000000ba60       0x22 zephyr/libzephyr.a(shell_cmds.c.obj)
 .text.cmd_colors_off
                0x000000000000ba82       0x22 zephyr/libzephyr.a(shell_cmds.c.obj)
 .text.cmd_colors_on
                0x000000000000baa4       0x22 zephyr/libzephyr.a(shell_cmds.c.obj)
 .text.cmd_echo_on
                0x000000000000bac6       0x22 zephyr/libzephyr.a(shell_cmds.c.obj)
 .text.remove_from_tail.part.0
                0x000000000000bae8       0x24 zephyr/libzephyr.a(shell_history.c.obj)
 .text.z_shell_history_mode_exit
                0x000000000000bb0c        0x6 zephyr/libzephyr.a(shell_history.c.obj)
                0x000000000000bb0c                z_shell_history_mode_exit
 .text.z_shell_history_get
                0x000000000000bb12       0x56 zephyr/libzephyr.a(shell_history.c.obj)
                0x000000000000bb12                z_shell_history_get
 .text.z_shell_history_purge
                0x000000000000bb68       0x18 zephyr/libzephyr.a(shell_history.c.obj)
                0x000000000000bb68                z_shell_history_purge
 .text.z_shell_history_put
                0x000000000000bb80       0xd6 zephyr/libzephyr.a(shell_history.c.obj)
                0x000000000000bb80                z_shell_history_put
 .text.z_shell_history_init
                0x000000000000bc56        0xc zephyr/libzephyr.a(shell_history.c.obj)
                0x000000000000bc56                z_shell_history_init
 .text.z_shell_has_wildcard
                0x000000000000bc62       0x28 zephyr/libzephyr.a(shell_wildcard.c.obj)
                0x000000000000bc62                z_shell_has_wildcard
 .text.z_shell_wildcard_prepare
                0x000000000000bc8a       0x4a zephyr/libzephyr.a(shell_wildcard.c.obj)
                0x000000000000bc8a                z_shell_wildcard_prepare
 .text.z_shell_wildcard_finalize
                0x000000000000bcd4       0x1e zephyr/libzephyr.a(shell_wildcard.c.obj)
                0x000000000000bcd4                z_shell_wildcard_finalize
 .text.pm_policy_next_state
                0x000000000000bcf2        0xa zephyr/libzephyr.a(residency.c.obj)
                0x000000000000bcf2                pm_policy_next_state
 .text.z_arm_fatal_error
                0x000000000000bcfc        0x4 zephyr/arch/arch/arm/core/aarch32/libarch__arm__core__aarch32.a(fatal.c.obj)
                0x000000000000bcfc                z_arm_fatal_error
 .text.z_do_kernel_oops
                0x000000000000bd00        0x8 zephyr/arch/arch/arm/core/aarch32/libarch__arm__core__aarch32.a(fatal.c.obj)
                0x000000000000bd00                z_do_kernel_oops
 .text.z_irq_spurious
                0x000000000000bd08        0x8 zephyr/arch/arch/arm/core/aarch32/libarch__arm__core__aarch32.a(irq_manage.c.obj)
                0x000000000000bd08                z_irq_spurious
 .text.z_arm_nmi
                0x000000000000bd10        0xe zephyr/arch/arch/arm/core/aarch32/libarch__arm__core__aarch32.a(nmi.c.obj)
                0x000000000000bd10                z_arm_nmi
 .text.malloc_prepare
                0x000000000000bd1e        0x4 zephyr/lib/libc/newlib/liblib__libc__newlib.a(libc-hooks.c.obj)
 .text._stdout_hook_default
                0x000000000000bd22        0x6 zephyr/lib/libc/newlib/liblib__libc__newlib.a(libc-hooks.c.obj)
 .text._stdin_hook_default
                0x000000000000bd28        0x4 zephyr/lib/libc/newlib/liblib__libc__newlib.a(libc-hooks.c.obj)
 .text._read    0x000000000000bd2c        0x8 zephyr/lib/libc/newlib/liblib__libc__newlib.a(libc-hooks.c.obj)
                0x000000000000bd2c                read
                0x000000000000bd2c                _read
 .text._write   0x000000000000bd34        0x8 zephyr/lib/libc/newlib/liblib__libc__newlib.a(libc-hooks.c.obj)
                0x000000000000bd34                write
                0x000000000000bd34                _write
 .text._close   0x000000000000bd3c        0x6 zephyr/lib/libc/newlib/liblib__libc__newlib.a(libc-hooks.c.obj)
                0x000000000000bd3c                close
                0x000000000000bd3c                _close
 .text._lseek   0x000000000000bd42        0x4 zephyr/lib/libc/newlib/liblib__libc__newlib.a(libc-hooks.c.obj)
                0x000000000000bd42                lseek
                0x000000000000bd42                _lseek
 .text._isatty  0x000000000000bd46        0xa zephyr/lib/libc/newlib/liblib__libc__newlib.a(libc-hooks.c.obj)
                0x000000000000bd46                isatty
                0x000000000000bd46                _isatty
 .text._kill    0x000000000000bd50        0x4 zephyr/lib/libc/newlib/liblib__libc__newlib.a(libc-hooks.c.obj)
                0x000000000000bd50                kill
                0x000000000000bd50                _kill
 .text._getpid  0x000000000000bd54        0x4 zephyr/lib/libc/newlib/liblib__libc__newlib.a(libc-hooks.c.obj)
                0x000000000000bd54                _getpid
                0x000000000000bd54                getpid
 .text._fstat   0x000000000000bd58        0xa zephyr/lib/libc/newlib/liblib__libc__newlib.a(libc-hooks.c.obj)
                0x000000000000bd58                _fstat
                0x000000000000bd58                fstat
 .text.__retarget_lock_init_recursive
                0x000000000000bd62       0x14 zephyr/lib/libc/newlib/liblib__libc__newlib.a(libc-hooks.c.obj)
                0x000000000000bd62                __retarget_lock_init_recursive
 .text.__retarget_lock_acquire_recursive
                0x000000000000bd76        0xc zephyr/lib/libc/newlib/liblib__libc__newlib.a(libc-hooks.c.obj)
                0x000000000000bd76                __retarget_lock_acquire_recursive
 .text.__retarget_lock_release_recursive
                0x000000000000bd82        0x4 zephyr/lib/libc/newlib/liblib__libc__newlib.a(libc-hooks.c.obj)
                0x000000000000bd82                __retarget_lock_release_recursive
 .text.__errno  0x000000000000bd86        0x4 zephyr/lib/libc/newlib/liblib__libc__newlib.a(libc-hooks.c.obj)
                0x000000000000bd86                __errno
 .text.pm_power_state_set
                0x000000000000bd8a       0x26 zephyr/soc/arm/nordic_nrf/nrf52/libsoc__arm__nordic_nrf__nrf52.a(power.c.obj)
                0x000000000000bd8a                pm_power_state_set
 .text.pm_power_state_exit_post_ops
                0x000000000000bdb0       0x16 zephyr/soc/arm/nordic_nrf/nrf52/libsoc__arm__nordic_nrf__nrf52.a(power.c.obj)
                0x000000000000bdb0                pm_power_state_exit_post_ops
 .text.z_impl_gpio_pin_configure.constprop.0
                0x000000000000bdc6       0x1e zephyr/boards/arm/ubx_bmd345eval_nrf52840/libboards__arm__ubx_bmd345eval_nrf52840.a(board.c.obj)
 .text.get_status
                0x000000000000bde4       0x12 zephyr/drivers/clock_control/libdrivers__clock_control.a(clock_control_nrf.c.obj)
 .text.set_on_state
                0x000000000000bdf6       0x26 zephyr/drivers/clock_control/libdrivers__clock_control.a(clock_control_nrf.c.obj)
 .text.stop     0x000000000000be1c       0x52 zephyr/drivers/clock_control/libdrivers__clock_control.a(clock_control_nrf.c.obj)
 .text.api_stop
                0x000000000000be6e        0x6 zephyr/drivers/clock_control/libdrivers__clock_control.a(clock_control_nrf.c.obj)
 .text.async_start
                0x000000000000be74       0x62 zephyr/drivers/clock_control/libdrivers__clock_control.a(clock_control_nrf.c.obj)
 .text.api_start
                0x000000000000bed6        0xe zephyr/drivers/clock_control/libdrivers__clock_control.a(clock_control_nrf.c.obj)
 .text.onoff_started_callback
                0x000000000000bee4       0x12 zephyr/drivers/clock_control/libdrivers__clock_control.a(clock_control_nrf.c.obj)
 .text.lfclk_start
                0x000000000000bef6        0x6 zephyr/drivers/clock_control/libdrivers__clock_control.a(clock_control_nrf.c.obj)
 .text.lfclk_stop
                0x000000000000befc        0x6 zephyr/drivers/clock_control/libdrivers__clock_control.a(clock_control_nrf.c.obj)
 .text.blocking_start_callback
                0x000000000000bf02        0x6 zephyr/drivers/clock_control/libdrivers__clock_control.a(clock_control_nrf.c.obj)
 .text.gpio_nrfx_port_get_raw
                0x000000000000bf08        0xe zephyr/drivers/gpio/libdrivers__gpio.a(gpio_nrfx.c.obj)
 .text.gpio_nrfx_port_set_masked_raw
                0x000000000000bf16       0x16 zephyr/drivers/gpio/libdrivers__gpio.a(gpio_nrfx.c.obj)
 .text.gpio_nrfx_port_set_bits_raw
                0x000000000000bf2c        0xc zephyr/drivers/gpio/libdrivers__gpio.a(gpio_nrfx.c.obj)
 .text.gpio_nrfx_port_clear_bits_raw
                0x000000000000bf38        0xc zephyr/drivers/gpio/libdrivers__gpio.a(gpio_nrfx.c.obj)
 .text.gpio_nrfx_port_toggle_bits
                0x000000000000bf44       0x12 zephyr/drivers/gpio/libdrivers__gpio.a(gpio_nrfx.c.obj)
 .text.gpio_nrfx_manage_callback
                0x000000000000bf56       0x54 zephyr/drivers/gpio/libdrivers__gpio.a(gpio_nrfx.c.obj)
 .text.i2c_transfer
                0x000000000000bfaa        0xc zephyr/drivers/i2c/libdrivers__i2c.a(i2c_shell.c.obj)
 .text.i2c_nrfx_twi_configure
                0x000000000000bfb6       0x32 zephyr/drivers/i2c/libdrivers__i2c.a(i2c_nrfx_twi.c.obj)
 .text.uarte_nrfx_config_get
                0x000000000000bfe8       0x10 zephyr/drivers/serial/libdrivers__serial.a(uart_nrfx_uarte.c.obj)
 .text.uarte_nrfx_err_check
                0x000000000000bff8        0xe zephyr/drivers/serial/libdrivers__serial.a(uart_nrfx_uarte.c.obj)
 .text.uarte_nrfx_poll_in
                0x000000000000c006       0x26 zephyr/drivers/serial/libdrivers__serial.a(uart_nrfx_uarte.c.obj)
 .text.uarte_nrfx_fifo_read
                0x000000000000c02c       0x2c zephyr/drivers/serial/libdrivers__serial.a(uart_nrfx_uarte.c.obj)
 .text.uarte_nrfx_irq_tx_enable
                0x000000000000c058       0x2e zephyr/drivers/serial/libdrivers__serial.a(uart_nrfx_uarte.c.obj)
 .text.uarte_nrfx_irq_tx_disable
                0x000000000000c086        0xa zephyr/drivers/serial/libdrivers__serial.a(uart_nrfx_uarte.c.obj)
 .text.uarte_nrfx_irq_tx_ready_complete
                0x000000000000c090       0x2a zephyr/drivers/serial/libdrivers__serial.a(uart_nrfx_uarte.c.obj)
 .text.uarte_nrfx_irq_rx_ready
                0x000000000000c0ba       0x10 zephyr/drivers/serial/libdrivers__serial.a(uart_nrfx_uarte.c.obj)
 .text.uarte_nrfx_irq_rx_enable
                0x000000000000c0ca        0xc zephyr/drivers/serial/libdrivers__serial.a(uart_nrfx_uarte.c.obj)
 .text.uarte_nrfx_irq_rx_disable
                0x000000000000c0d6        0xc zephyr/drivers/serial/libdrivers__serial.a(uart_nrfx_uarte.c.obj)
 .text.uarte_nrfx_irq_err_enable
                0x000000000000c0e2        0xe zephyr/drivers/serial/libdrivers__serial.a(uart_nrfx_uarte.c.obj)
 .text.uarte_nrfx_irq_err_disable
                0x000000000000c0f0        0xe zephyr/drivers/serial/libdrivers__serial.a(uart_nrfx_uarte.c.obj)
 .text.uarte_nrfx_irq_update
                0x000000000000c0fe        0x4 zephyr/drivers/serial/libdrivers__serial.a(uart_nrfx_uarte.c.obj)
 .text.uarte_nrfx_irq_callback_set
                0x000000000000c102        0xa zephyr/drivers/serial/libdrivers__serial.a(uart_nrfx_uarte.c.obj)
 .text.uarte_nrfx_irq_is_pending
                0x000000000000c10c       0x36 zephyr/drivers/serial/libdrivers__serial.a(uart_nrfx_uarte.c.obj)
 .text.nrf_gpio_cfg_input
                0x000000000000c142       0x1c zephyr/drivers/serial/libdrivers__serial.a(uart_nrfx_uarte.c.obj)
 .text.tx_start.isra.0
                0x000000000000c15e       0x36 zephyr/drivers/serial/libdrivers__serial.a(uart_nrfx_uarte.c.obj)
 .text.is_tx_ready.isra.0
                0x000000000000c194       0x20 zephyr/drivers/serial/libdrivers__serial.a(uart_nrfx_uarte.c.obj)
 .text.uarte_nrfx_fifo_fill
                0x000000000000c1b4       0x80 zephyr/drivers/serial/libdrivers__serial.a(uart_nrfx_uarte.c.obj)
 .text.uarte_nrfx_isr_int
                0x000000000000c234       0xbc zephyr/drivers/serial/libdrivers__serial.a(uart_nrfx_uarte.c.obj)
 .text.sys_clock_idle_exit
                0x000000000000c2f0        0x2 zephyr/drivers/timer/libdrivers__timer.a(sys_clock_init.c.obj)
                0x000000000000c2f0                sys_clock_idle_exit
 .text.nrf52_errata_36
                0x000000000000c2f2       0x12 modules/hal_nordic/nrfx/libmodules__hal_nordic__nrfx.a(system_nrf52840.c.obj)
 .text.nrfx_isr
                0x000000000000c304        0x2 modules/hal_nordic/nrfx/libmodules__hal_nordic__nrfx.a(nrfx_glue.c.obj)
                0x000000000000c304                nrfx_isr
 .text.nrfx_busy_wait
                0x000000000000c306        0x4 modules/hal_nordic/nrfx/libmodules__hal_nordic__nrfx.a(nrfx_glue.c.obj)
                0x000000000000c306                nrfx_busy_wait
 .text.nrfx_clock_enable
                0x000000000000c30a       0x14 modules/hal_nordic/nrfx/libmodules__hal_nordic__nrfx.a(nrfx_clock.c.obj)
                0x000000000000c30a                nrfx_clock_enable
 .text.nrfx_clock_start
                0x000000000000c31e       0x58 modules/hal_nordic/nrfx/libmodules__hal_nordic__nrfx.a(nrfx_clock.c.obj)
                0x000000000000c31e                nrfx_clock_start
 .text.nrf_gpio_reconfigure
                0x000000000000c376       0x8e modules/hal_nordic/nrfx/libmodules__hal_nordic__nrfx.a(nrfx_gpiote.c.obj)
 .text.nrf_gpio_cfg_sense_set
                0x000000000000c404       0x1e modules/hal_nordic/nrfx/libmodules__hal_nordic__nrfx.a(nrfx_gpiote.c.obj)
 .text.twi_send_byte
                0x000000000000c422       0x3a modules/hal_nordic/nrfx/libmodules__hal_nordic__nrfx.a(nrfx_twi.c.obj)
 .text.twi_transfer
                0x000000000000c45c      0x118 modules/hal_nordic/nrfx/libmodules__hal_nordic__nrfx.a(nrfx_twi.c.obj)
 .text.nrf_gpio_pin_set
                0x000000000000c574       0x1a modules/hal_nordic/nrfx/libmodules__hal_nordic__nrfx.a(nrfx_twi_twim.c.obj)
 .text.SEGGER_RTT_Init
                0x000000000000c58e        0x4 modules/segger/libmodules__segger.a(SEGGER_RTT.c.obj)
                0x000000000000c58e                SEGGER_RTT_Init
 .text.rtt_init
                0x000000000000c592        0xa modules/segger/libmodules__segger.a(SEGGER_RTT_zephyr.c.obj)
 .text.z_device_state_init
                0x000000000000c59c        0x2 zephyr/kernel/libkernel.a(device.c.obj)
                0x000000000000c59c                z_device_state_init
 .text.z_device_ready
                0x000000000000c59e       0x14 zephyr/kernel/libkernel.a(device.c.obj)
                0x000000000000c59e                z_device_ready
 .text.device_required_foreach
                0x000000000000c5b2       0x30 zephyr/kernel/libkernel.a(device.c.obj)
                0x000000000000c5b2                device_required_foreach
 .text.arch_system_halt
                0x000000000000c5e2       0x12 zephyr/kernel/libkernel.a(fatal.c.obj)
                0x000000000000c5e2                arch_system_halt
 .text.k_sys_fatal_error_handler
                0x000000000000c5f4        0x6 zephyr/kernel/libkernel.a(fatal.c.obj)
                0x000000000000c5f4                k_sys_fatal_error_handler
 .text.z_fatal_error
                0x000000000000c5fa       0x36 zephyr/kernel/libkernel.a(fatal.c.obj)
                0x000000000000c5fa                z_fatal_error
 .text.k_is_in_isr
                0x000000000000c630        0xc zephyr/kernel/libkernel.a(thread.c.obj)
                0x000000000000c630                k_is_in_isr
 .text.k_thread_name_get
                0x000000000000c63c        0x4 zephyr/kernel/libkernel.a(thread.c.obj)
                0x000000000000c63c                k_thread_name_get
 .text.z_impl_k_thread_start
                0x000000000000c640        0x4 zephyr/kernel/libkernel.a(thread.c.obj)
                0x000000000000c640                z_impl_k_thread_start
 .text.z_impl_k_thread_stack_space_get
                0x000000000000c644       0x1c zephyr/kernel/libkernel.a(thread.c.obj)
                0x000000000000c644                z_impl_k_thread_stack_space_get
 .text.z_pm_save_idle_exit
                0x000000000000c660        0xe zephyr/kernel/libkernel.a(idle.c.obj)
                0x000000000000c660                z_pm_save_idle_exit
 .text.adjust_owner_prio.isra.0
                0x000000000000c66e       0x10 zephyr/kernel/libkernel.a(mutex.c.obj)
 .text.z_impl_k_mutex_init
                0x000000000000c67e        0xe zephyr/kernel/libkernel.a(mutex.c.obj)
                0x000000000000c67e                z_impl_k_mutex_init
 .text.flag_test_and_clear
                0x000000000000c68c       0x16 zephyr/kernel/libkernel.a(work.c.obj)
 .text.notify_queue_locked.isra.0
                0x000000000000c6a2        0xe zephyr/kernel/libkernel.a(work.c.obj)
 .text.k_work_submit_to_queue
                0x000000000000c6b0       0x3a zephyr/kernel/libkernel.a(work.c.obj)
                0x000000000000c6b0                k_work_submit_to_queue
 .text.sys_dlist_remove
                0x000000000000c6ea       0x10 zephyr/kernel/libkernel.a(sched.c.obj)
 .text.unpend_thread_no_timeout
                0x000000000000c6fa       0x14 zephyr/kernel/libkernel.a(sched.c.obj)
 .text.z_sched_prio_cmp
                0x000000000000c70e       0x12 zephyr/kernel/libkernel.a(sched.c.obj)
                0x000000000000c70e                z_sched_prio_cmp
 .text.z_unpend_thread_no_timeout
                0x000000000000c720       0x20 zephyr/kernel/libkernel.a(sched.c.obj)
                0x000000000000c720                z_unpend_thread_no_timeout
 .text.z_unpend_thread
                0x000000000000c740       0x28 zephyr/kernel/libkernel.a(sched.c.obj)
                0x000000000000c740                z_unpend_thread
 .text.z_reschedule_irqlock
                0x000000000000c768       0x18 zephyr/kernel/libkernel.a(sched.c.obj)
                0x000000000000c768                z_reschedule_irqlock
 .text.z_reschedule_unlocked
                0x000000000000c780       0x14 zephyr/kernel/libkernel.a(sched.c.obj)
 .text.z_priq_dumb_best
                0x000000000000c794        0xc zephyr/kernel/libkernel.a(sched.c.obj)
                0x000000000000c794                z_priq_dumb_best
 .text.z_ready_thread
                0x000000000000c7a0       0x20 zephyr/kernel/libkernel.a(sched.c.obj)
                0x000000000000c7a0                z_ready_thread
 .text.z_thread_timeout
                0x000000000000c7c0       0x44 zephyr/kernel/libkernel.a(sched.c.obj)
                0x000000000000c7c0                z_thread_timeout
 .text.add_to_waitq_locked
                0x000000000000c804       0x54 zephyr/kernel/libkernel.a(sched.c.obj)
 .text.z_unpend_first_thread
                0x000000000000c858       0x30 zephyr/kernel/libkernel.a(sched.c.obj)
                0x000000000000c858                z_unpend_first_thread
 .text.z_sched_wake
                0x000000000000c888       0x3c zephyr/kernel/libkernel.a(sched.c.obj)
                0x000000000000c888                z_sched_wake
 .text.z_abort_timeout
                0x000000000000c8c4       0x2c zephyr/kernel/libkernel.a(timeout.c.obj)
                0x000000000000c8c4                z_abort_timeout
 .text.z_get_next_timeout_expiry
                0x000000000000c8f0       0x20 zephyr/kernel/libkernel.a(timeout.c.obj)
                0x000000000000c8f0                z_get_next_timeout_expiry
 .text.z_set_timeout_expiry
                0x000000000000c910       0x34 zephyr/kernel/libkernel.a(timeout.c.obj)
                0x000000000000c910                z_set_timeout_expiry
 .text.sys_clock_tick_get_32
                0x000000000000c944        0x8 zephyr/kernel/libkernel.a(timeout.c.obj)
                0x000000000000c944                sys_clock_tick_get_32
 .text.z_impl_k_uptime_ticks
                0x000000000000c94c        0x4 zephyr/kernel/libkernel.a(timeout.c.obj)
                0x000000000000c94c                z_impl_k_uptime_ticks
 .text.z_impl_k_busy_wait
                0x000000000000c950        0x8 zephyr/kernel/libkernel.a(timeout.c.obj)
                0x000000000000c950                z_impl_k_busy_wait
 .text.k_timer_init
                0x000000000000c958       0x18 zephyr/kernel/libkernel.a(timer.c.obj)
                0x000000000000c958                k_timer_init
 .text.add_event
                0x000000000000c970       0x64 zephyr/kernel/libkernel.a(poll.c.obj)
 .text.register_events
                0x000000000000c9d4       0xee zephyr/kernel/libkernel.a(poll.c.obj)
 .text.signal_poll_event
                0x000000000000cac2       0xb4 zephyr/kernel/libkernel.a(poll.c.obj)
 .text.clear_event_registrations
                0x000000000000cb76       0x5e zephyr/kernel/libkernel.a(poll.c.obj)
 .text.k_poll_event_init
                0x000000000000cbd4       0x1e zephyr/kernel/libkernel.a(poll.c.obj)
                0x000000000000cbd4                k_poll_event_init
 .text.z_handle_obj_poll_events
                0x000000000000cbf2       0x1c zephyr/kernel/libkernel.a(poll.c.obj)